<?xml version="1.0"?>
<!DOCTYPE BlastOutput PUBLIC "-//NCBI//NCBI BlastOutput/EN" "http://www.ncbi.nlm.nih.gov/dtd/NCBI_BlastOutput.dtd">
<BlastOutput>
  <BlastOutput_program>blastp</BlastOutput_program>
  <BlastOutput_version>BLASTP 2.2.29+</BlastOutput_version>
  <BlastOutput_reference>Stephen F. Altschul, Thomas L. Madden, Alejandro A. Sch&amp;auml;ffer, Jinghui Zhang, Zheng Zhang, Webb Miller, and David J. Lipman (1997), &quot;Gapped BLAST and PSI-BLAST: a new generation of protein database search programs&quot;, Nucleic Acids Res. 25:3389-3402.</BlastOutput_reference>
  <BlastOutput_db>/Users/kulkarnik/BLAST+/families/superfamilies</BlastOutput_db>
  <BlastOutput_query-ID>Query_1</BlastOutput_query-ID>
  <BlastOutput_query-def>SF3A1_HUMAN/712-788</BlastOutput_query-def>
  <BlastOutput_query-len>77</BlastOutput_query-len>
  <BlastOutput_param>
    <Parameters>
      <Parameters_matrix>BLOSUM62</Parameters_matrix>
      <Parameters_expect>10</Parameters_expect>
      <Parameters_gap-open>11</Parameters_gap-open>
      <Parameters_gap-extend>1</Parameters_gap-extend>
      <Parameters_filter>F</Parameters_filter>
    </Parameters>
  </BlastOutput_param>
<BlastOutput_iterations>
<Iteration>
  <Iteration_iter-num>1</Iteration_iter-num>
  <Iteration_query-ID>Query_1</Iteration_query-ID>
  <Iteration_query-def>SF3A1_HUMAN/712-788</Iteration_query-def>
  <Iteration_query-len>77</Iteration_query-len>
<Iteration_hits>
<Hit>
  <Hit_num>1</Hit_num>
  <Hit_id>gnl|BL_ORD_ID|0</Hit_id>
  <Hit_def>SF3A1_HUMAN/712-788</Hit_def>
  <Hit_accession>0</Hit_accession>
  <Hit_len>77</Hit_len>
  <Hit_hsps>
    <Hsp>
      <Hsp_num>1</Hsp_num>
      <Hsp_bit-score>161.384</Hsp_bit-score>
      <Hsp_score>407</Hsp_score>
      <Hsp_evalue>1.46226e-53</Hsp_evalue>
      <Hsp_query-from>1</Hsp_query-from>
      <Hsp_query-to>77</Hsp_query-to>
      <Hsp_hit-from>1</Hsp_hit-from>
      <Hsp_hit-to>77</Hsp_hit-to>
      <Hsp_query-frame>0</Hsp_query-frame>
      <Hsp_hit-frame>0</Hsp_hit-frame>
      <Hsp_identity>77</Hsp_identity>
      <Hsp_positive>77</Hsp_positive>
      <Hsp_gaps>0</Hsp_gaps>
      <Hsp_align-len>77</Hsp_align-len>
      <Hsp_qseq>PNMQDKTEWKLNGQVLVFTLPLTDQVSVIKVKIHEATGMPAGKQKLQYEGIFIKDSNSLAYYNMANGAVIHLALKER</Hsp_qseq>
      <Hsp_hseq>PNMQDKTEWKLNGQVLVFTLPLTDQVSVIKVKIHEATGMPAGKQKLQYEGIFIKDSNSLAYYNMANGAVIHLALKER</Hsp_hseq>
      <Hsp_midline>PNMQDKTEWKLNGQVLVFTLPLTDQVSVIKVKIHEATGMPAGKQKLQYEGIFIKDSNSLAYYNMANGAVIHLALKER</Hsp_midline>
    </Hsp>
  </Hit_hsps>
</Hit>
<Hit>
  <Hit_num>2</Hit_num>
  <Hit_id>gnl|BL_ORD_ID|1</Hit_id>
  <Hit_def>SF3A1_HUMAN_2/712-788</Hit_def>
  <Hit_accession>1</Hit_accession>
  <Hit_len>89</Hit_len>
  <Hit_hsps>
    <Hsp>
      <Hsp_num>1</Hsp_num>
      <Hsp_bit-score>160.999</Hsp_bit-score>
      <Hsp_score>406</Hsp_score>
      <Hsp_evalue>2.81616e-53</Hsp_evalue>
      <Hsp_query-from>1</Hsp_query-from>
      <Hsp_query-to>77</Hsp_query-to>
      <Hsp_hit-from>1</Hsp_hit-from>
      <Hsp_hit-to>77</Hsp_hit-to>
      <Hsp_query-frame>0</Hsp_query-frame>
      <Hsp_hit-frame>0</Hsp_hit-frame>
      <Hsp_identity>77</Hsp_identity>
      <Hsp_positive>77</Hsp_positive>
      <Hsp_gaps>0</Hsp_gaps>
      <Hsp_align-len>77</Hsp_align-len>
      <Hsp_qseq>PNMQDKTEWKLNGQVLVFTLPLTDQVSVIKVKIHEATGMPAGKQKLQYEGIFIKDSNSLAYYNMANGAVIHLALKER</Hsp_qseq>
      <Hsp_hseq>PNMQDKTEWKLNGQVLVFTLPLTDQVSVIKVKIHEATGMPAGKQKLQYEGIFIKDSNSLAYYNMANGAVIHLALKER</Hsp_hseq>
      <Hsp_midline>PNMQDKTEWKLNGQVLVFTLPLTDQVSVIKVKIHEATGMPAGKQKLQYEGIFIKDSNSLAYYNMANGAVIHLALKER</Hsp_midline>
    </Hsp>
    <Hsp>
      <Hsp_num>2</Hsp_num>
      <Hsp_bit-score>31.187</Hsp_bit-score>
      <Hsp_score>69</Hsp_score>
      <Hsp_evalue>0.00104788</Hsp_evalue>
      <Hsp_query-from>1</Hsp_query-from>
      <Hsp_query-to>12</Hsp_query-to>
      <Hsp_hit-from>78</Hsp_hit-from>
      <Hsp_hit-to>89</Hsp_hit-to>
      <Hsp_query-frame>0</Hsp_query-frame>
      <Hsp_hit-frame>0</Hsp_hit-frame>
      <Hsp_identity>12</Hsp_identity>
      <Hsp_positive>12</Hsp_positive>
      <Hsp_gaps>0</Hsp_gaps>
      <Hsp_align-len>12</Hsp_align-len>
      <Hsp_qseq>PNMQDKTEWKLN</Hsp_qseq>
      <Hsp_hseq>PNMQDKTEWKLN</Hsp_hseq>
      <Hsp_midline>PNMQDKTEWKLN</Hsp_midline>
    </Hsp>
  </Hit_hsps>
</Hit>
<Hit>
  <Hit_num>3</Hit_num>
  <Hit_id>gnl|BL_ORD_ID|2</Hit_id>
  <Hit_def>Q91889_XENLA/33-101</Hit_def>
  <Hit_accession>2</Hit_accession>
  <Hit_len>69</Hit_len>
  <Hit_hsps>
    <Hsp>
      <Hsp_num>1</Hsp_num>
      <Hsp_bit-score>36.1946</Hsp_bit-score>
      <Hsp_score>82</Hsp_score>
      <Hsp_evalue>1.1326e-05</Hsp_evalue>
      <Hsp_query-from>11</Hsp_query-from>
      <Hsp_query-to>77</Hsp_query-to>
      <Hsp_hit-from>3</Hsp_hit-from>
      <Hsp_hit-to>69</Hsp_hit-to>
      <Hsp_query-frame>0</Hsp_query-frame>
      <Hsp_hit-frame>0</Hsp_hit-frame>
      <Hsp_identity>18</Hsp_identity>
      <Hsp_positive>32</Hsp_positive>
      <Hsp_gaps>0</Hsp_gaps>
      <Hsp_align-len>67</Hsp_align-len>
      <Hsp_qseq>LNGQVLVFTLPLTDQVSVIKVKIHEATGMPAGKQKLQYEGIFIKDSNSLAYYNMANGAVIHLALKER</Hsp_qseq>
      <Hsp_hseq>LTGTCFELRVSPYETVTSVKSKIQRLEGIPVAQQHLIRNNMELEDECSLSGYNISEGCTLKMVLAMR</Hsp_hseq>
      <Hsp_midline>L G      +   + V+ +K KI    G+P  +Q L    + ++D  SL+ YN++ G  + + L  R</Hsp_midline>
    </Hsp>
  </Hit_hsps>
</Hit>
<Hit>
  <Hit_num>4</Hit_num>
  <Hit_id>gnl|BL_ORD_ID|6</Hit_id>
  <Hit_def>DSK2_YEAST/8-75</Hit_def>
  <Hit_accession>6</Hit_accession>
  <Hit_len>68</Hit_len>
  <Hit_hsps>
    <Hsp>
      <Hsp_num>1</Hsp_num>
      <Hsp_bit-score>36.1946</Hsp_bit-score>
      <Hsp_score>82</Hsp_score>
      <Hsp_evalue>1.16874e-05</Hsp_evalue>
      <Hsp_query-from>29</Hsp_query-from>
      <Hsp_query-to>72</Hsp_query-to>
      <Hsp_hit-from>20</Hsp_hit-from>
      <Hsp_hit-to>63</Hsp_hit-to>
      <Hsp_query-frame>0</Hsp_query-frame>
      <Hsp_hit-frame>0</Hsp_hit-frame>
      <Hsp_identity>15</Hsp_identity>
      <Hsp_positive>26</Hsp_positive>
      <Hsp_gaps>0</Hsp_gaps>
      <Hsp_align-len>44</Hsp_align-len>
      <Hsp_qseq>IKVKIHEATGMPAGKQKLQYEGIFIKDSNSLAYYNMANGAVIHL</Hsp_qseq>
      <Hsp_hseq>FKEAINKANGIPVANQRLIYSGKILKDDQTVESYHIQDGHSVHL</Hsp_hseq>
      <Hsp_midline> K  I++A G+P   Q+L Y G  +KD  ++  Y++ +G  +HL</Hsp_midline>
    </Hsp>
  </Hit_hsps>
</Hit>
<Hit>
  <Hit_num>5</Hit_num>
  <Hit_id>gnl|BL_ORD_ID|5</Hit_id>
  <Hit_def>Q9SII9_ARATH/23-91</Hit_def>
  <Hit_accession>5</Hit_accession>
  <Hit_len>69</Hit_len>
  <Hit_hsps>
    <Hsp>
      <Hsp_num>1</Hsp_num>
      <Hsp_bit-score>35.039</Hsp_bit-score>
      <Hsp_score>79</Hsp_score>
      <Hsp_evalue>3.39094e-05</Hsp_evalue>
      <Hsp_query-from>12</Hsp_query-from>
      <Hsp_query-to>72</Hsp_query-to>
      <Hsp_hit-from>4</Hsp_hit-from>
      <Hsp_hit-to>64</Hsp_hit-to>
      <Hsp_query-frame>0</Hsp_query-frame>
      <Hsp_hit-frame>0</Hsp_hit-frame>
      <Hsp_identity>18</Hsp_identity>
      <Hsp_positive>29</Hsp_positive>
      <Hsp_gaps>0</Hsp_gaps>
      <Hsp_align-len>61</Hsp_align-len>
      <Hsp_qseq>NGQVLVFTLPLTDQVSVIKVKIHEATGMPAGKQKLQYEGIFIKDSNSLAYYNMANGAVIHL</Hsp_qseq>
      <Hsp_hseq>NGTKFSVTTSLDSTVESFKELIAQNSDVPANQQRLIYKGRILKDDQTLLSYGLQADHTVHM</Hsp_hseq>
      <Hsp_midline>NG     T  L   V   K  I + + +PA +Q+L Y+G  +KD  +L  Y +     +H+</Hsp_midline>
    </Hsp>
  </Hit_hsps>
</Hit>
<Hit>
  <Hit_num>6</Hit_num>
  <Hit_id>gnl|BL_ORD_ID|4</Hit_id>
  <Hit_def>Q9ZQZ4_ARATH/6-74</Hit_def>
  <Hit_accession>4</Hit_accession>
  <Hit_len>69</Hit_len>
  <Hit_hsps>
    <Hsp>
      <Hsp_num>1</Hsp_num>
      <Hsp_bit-score>30.0314</Hsp_bit-score>
      <Hsp_score>66</Hsp_score>
      <Hsp_evalue>0.00203713</Hsp_evalue>
      <Hsp_query-from>12</Hsp_query-from>
      <Hsp_query-to>74</Hsp_query-to>
      <Hsp_hit-from>4</Hsp_hit-from>
      <Hsp_hit-to>66</Hsp_hit-to>
      <Hsp_query-frame>0</Hsp_query-frame>
      <Hsp_hit-frame>0</Hsp_hit-frame>
      <Hsp_identity>13</Hsp_identity>
      <Hsp_positive>30</Hsp_positive>
      <Hsp_gaps>0</Hsp_gaps>
      <Hsp_align-len>63</Hsp_align-len>
      <Hsp_qseq>NGQVLVFTLPLTDQVSVIKVKIHEATGMPAGKQKLQYEGIFIKDSNSLAYYNMANGAVIHLAL</Hsp_qseq>
      <Hsp_hseq>SGSTFSIDIGLQDTVLTFKRKIEMTQRIPVSRQTIFFQGKLLEDHLDIFEWDILQNPLLHLSI</Hsp_hseq>
      <Hsp_midline>+G      + L D V   K KI     +P  +Q + ++G  ++D   +  +++    ++HL++</Hsp_midline>
    </Hsp>
  </Hit_hsps>
</Hit>
<Hit>
  <Hit_num>7</Hit_num>
  <Hit_id>gnl|BL_ORD_ID|3</Hit_id>
  <Hit_def>OASL_HUMAN/439-506</Hit_def>
  <Hit_accession>3</Hit_accession>
  <Hit_len>68</Hit_len>
  <Hit_hsps>
    <Hsp>
      <Hsp_num>1</Hsp_num>
      <Hsp_bit-score>28.1054</Hsp_bit-score>
      <Hsp_score>61</Hsp_score>
      <Hsp_evalue>0.0127286</Hsp_evalue>
      <Hsp_query-from>29</Hsp_query-from>
      <Hsp_query-to>76</Hsp_query-to>
      <Hsp_hit-from>21</Hsp_hit-from>
      <Hsp_hit-to>68</Hsp_hit-to>
      <Hsp_query-frame>0</Hsp_query-frame>
      <Hsp_hit-frame>0</Hsp_hit-frame>
      <Hsp_identity>12</Hsp_identity>
      <Hsp_positive>28</Hsp_positive>
      <Hsp_gaps>0</Hsp_gaps>
      <Hsp_align-len>48</Hsp_align-len>
      <Hsp_qseq>IKVKIHEATGMPAGKQKLQYEGIFIKDSNSLAYYNMANGAVIHLALKE</Hsp_qseq>
      <Hsp_hseq>LKQQIEDQQGLPKKQQQLEFQGQVLQDWLGLGIYGIQDSDTLILSKKK</Hsp_hseq>
      <Hsp_midline>+K +I +  G+P  +Q+L+++G  ++D   L  Y + +   + L+ K+</Hsp_midline>
    </Hsp>
  </Hit_hsps>
</Hit>
</Iteration_hits>
  <Iteration_stat>
    <Statistics>
      <Statistics_db-num>18</Statistics_db-num>
      <Statistics_db-len>3291</Statistics_db-len>
      <Statistics_hsp-len>52</Statistics_hsp-len>
      <Statistics_eff-space>24976600</Statistics_eff-space>
      <Statistics_kappa>0.041</Statistics_kappa>
      <Statistics_lambda>0.267</Statistics_lambda>
      <Statistics_entropy>0.14</Statistics_entropy>
    </Statistics>
  </Iteration_stat>
</Iteration>
<Iteration>
  <Iteration_iter-num>2</Iteration_iter-num>
  <Iteration_query-ID>Query_2</Iteration_query-ID>
  <Iteration_query-def>SF3A1_HUMAN_2/712-788</Iteration_query-def>
  <Iteration_query-len>89</Iteration_query-len>
<Iteration_hits>
<Hit>
  <Hit_num>1</Hit_num>
  <Hit_id>gnl|BL_ORD_ID|1</Hit_id>
  <Hit_def>SF3A1_HUMAN_2/712-788</Hit_def>
  <Hit_accession>1</Hit_accession>
  <Hit_len>89</Hit_len>
  <Hit_hsps>
    <Hsp>
      <Hsp_num>1</Hsp_num>
      <Hsp_bit-score>186.037</Hsp_bit-score>
      <Hsp_score>471</Hsp_score>
      <Hsp_evalue>5.61552e-63</Hsp_evalue>
      <Hsp_query-from>1</Hsp_query-from>
      <Hsp_query-to>89</Hsp_query-to>
      <Hsp_hit-from>1</Hsp_hit-from>
      <Hsp_hit-to>89</Hsp_hit-to>
      <Hsp_query-frame>0</Hsp_query-frame>
      <Hsp_hit-frame>0</Hsp_hit-frame>
      <Hsp_identity>89</Hsp_identity>
      <Hsp_positive>89</Hsp_positive>
      <Hsp_gaps>0</Hsp_gaps>
      <Hsp_align-len>89</Hsp_align-len>
      <Hsp_qseq>PNMQDKTEWKLNGQVLVFTLPLTDQVSVIKVKIHEATGMPAGKQKLQYEGIFIKDSNSLAYYNMANGAVIHLALKERPNMQDKTEWKLN</Hsp_qseq>
      <Hsp_hseq>PNMQDKTEWKLNGQVLVFTLPLTDQVSVIKVKIHEATGMPAGKQKLQYEGIFIKDSNSLAYYNMANGAVIHLALKERPNMQDKTEWKLN</Hsp_hseq>
      <Hsp_midline>PNMQDKTEWKLNGQVLVFTLPLTDQVSVIKVKIHEATGMPAGKQKLQYEGIFIKDSNSLAYYNMANGAVIHLALKERPNMQDKTEWKLN</Hsp_midline>
    </Hsp>
  </Hit_hsps>
</Hit>
<Hit>
  <Hit_num>2</Hit_num>
  <Hit_id>gnl|BL_ORD_ID|0</Hit_id>
  <Hit_def>SF3A1_HUMAN/712-788</Hit_def>
  <Hit_accession>0</Hit_accession>
  <Hit_len>77</Hit_len>
  <Hit_hsps>
    <Hsp>
      <Hsp_num>1</Hsp_num>
      <Hsp_bit-score>160.999</Hsp_bit-score>
      <Hsp_score>406</Hsp_score>
      <Hsp_evalue>3.25504e-53</Hsp_evalue>
      <Hsp_query-from>1</Hsp_query-from>
      <Hsp_query-to>77</Hsp_query-to>
      <Hsp_hit-from>1</Hsp_hit-from>
      <Hsp_hit-to>77</Hsp_hit-to>
      <Hsp_query-frame>0</Hsp_query-frame>
      <Hsp_hit-frame>0</Hsp_hit-frame>
      <Hsp_identity>77</Hsp_identity>
      <Hsp_positive>77</Hsp_positive>
      <Hsp_gaps>0</Hsp_gaps>
      <Hsp_align-len>77</Hsp_align-len>
      <Hsp_qseq>PNMQDKTEWKLNGQVLVFTLPLTDQVSVIKVKIHEATGMPAGKQKLQYEGIFIKDSNSLAYYNMANGAVIHLALKER</Hsp_qseq>
      <Hsp_hseq>PNMQDKTEWKLNGQVLVFTLPLTDQVSVIKVKIHEATGMPAGKQKLQYEGIFIKDSNSLAYYNMANGAVIHLALKER</Hsp_hseq>
      <Hsp_midline>PNMQDKTEWKLNGQVLVFTLPLTDQVSVIKVKIHEATGMPAGKQKLQYEGIFIKDSNSLAYYNMANGAVIHLALKER</Hsp_midline>
    </Hsp>
    <Hsp>
      <Hsp_num>2</Hsp_num>
      <Hsp_bit-score>31.187</Hsp_bit-score>
      <Hsp_score>69</Hsp_score>
      <Hsp_evalue>0.00121119</Hsp_evalue>
      <Hsp_query-from>78</Hsp_query-from>
      <Hsp_query-to>89</Hsp_query-to>
      <Hsp_hit-from>1</Hsp_hit-from>
      <Hsp_hit-to>12</Hsp_hit-to>
      <Hsp_query-frame>0</Hsp_query-frame>
      <Hsp_hit-frame>0</Hsp_hit-frame>
      <Hsp_identity>12</Hsp_identity>
      <Hsp_positive>12</Hsp_positive>
      <Hsp_gaps>0</Hsp_gaps>
      <Hsp_align-len>12</Hsp_align-len>
      <Hsp_qseq>PNMQDKTEWKLN</Hsp_qseq>
      <Hsp_hseq>PNMQDKTEWKLN</Hsp_hseq>
      <Hsp_midline>PNMQDKTEWKLN</Hsp_midline>
    </Hsp>
  </Hit_hsps>
</Hit>
<Hit>
  <Hit_num>3</Hit_num>
  <Hit_id>gnl|BL_ORD_ID|6</Hit_id>
  <Hit_def>DSK2_YEAST/8-75</Hit_def>
  <Hit_accession>6</Hit_accession>
  <Hit_len>68</Hit_len>
  <Hit_hsps>
    <Hsp>
      <Hsp_num>1</Hsp_num>
      <Hsp_bit-score>37.3502</Hsp_bit-score>
      <Hsp_score>85</Hsp_score>
      <Hsp_evalue>6.69347e-06</Hsp_evalue>
      <Hsp_query-from>29</Hsp_query-from>
      <Hsp_query-to>78</Hsp_query-to>
      <Hsp_hit-from>20</Hsp_hit-from>
      <Hsp_hit-to>68</Hsp_hit-to>
      <Hsp_query-frame>0</Hsp_query-frame>
      <Hsp_hit-frame>0</Hsp_hit-frame>
      <Hsp_identity>17</Hsp_identity>
      <Hsp_positive>30</Hsp_positive>
      <Hsp_gaps>1</Hsp_gaps>
      <Hsp_align-len>50</Hsp_align-len>
      <Hsp_qseq>IKVKIHEATGMPAGKQKLQYEGIFIKDSNSLAYYNMANGAVIHLALKERP</Hsp_qseq>
      <Hsp_hseq>FKEAINKANGIPVANQRLIYSGKILKDDQTVESYHIQDGHSVHL-VKSQP</Hsp_hseq>
      <Hsp_midline> K  I++A G+P   Q+L Y G  +KD  ++  Y++ +G  +HL +K +P</Hsp_midline>
    </Hsp>
  </Hit_hsps>
</Hit>
<Hit>
  <Hit_num>4</Hit_num>
  <Hit_id>gnl|BL_ORD_ID|2</Hit_id>
  <Hit_def>Q91889_XENLA/33-101</Hit_def>
  <Hit_accession>2</Hit_accession>
  <Hit_len>69</Hit_len>
  <Hit_hsps>
    <Hsp>
      <Hsp_num>1</Hsp_num>
      <Hsp_bit-score>36.1946</Hsp_bit-score>
      <Hsp_score>82</Hsp_score>
      <Hsp_evalue>1.72667e-05</Hsp_evalue>
      <Hsp_query-from>11</Hsp_query-from>
      <Hsp_query-to>77</Hsp_query-to>
      <Hsp_hit-from>3</Hsp_hit-from>
      <Hsp_hit-to>69</Hsp_hit-to>
      <Hsp_query-frame>0</Hsp_query-frame>
      <Hsp_hit-frame>0</Hsp_hit-frame>
      <Hsp_identity>18</Hsp_identity>
      <Hsp_positive>32</Hsp_positive>
      <Hsp_gaps>0</Hsp_gaps>
      <Hsp_align-len>67</Hsp_align-len>
      <Hsp_qseq>LNGQVLVFTLPLTDQVSVIKVKIHEATGMPAGKQKLQYEGIFIKDSNSLAYYNMANGAVIHLALKER</Hsp_qseq>
      <Hsp_hseq>LTGTCFELRVSPYETVTSVKSKIQRLEGIPVAQQHLIRNNMELEDECSLSGYNISEGCTLKMVLAMR</Hsp_hseq>
      <Hsp_midline>L G      +   + V+ +K KI    G+P  +Q L    + ++D  SL+ YN++ G  + + L  R</Hsp_midline>
    </Hsp>
  </Hit_hsps>
</Hit>
<Hit>
  <Hit_num>5</Hit_num>
  <Hit_id>gnl|BL_ORD_ID|5</Hit_id>
  <Hit_def>Q9SII9_ARATH/23-91</Hit_def>
  <Hit_accession>5</Hit_accession>
  <Hit_len>69</Hit_len>
  <Hit_hsps>
    <Hsp>
      <Hsp_num>1</Hsp_num>
      <Hsp_bit-score>34.2686</Hsp_bit-score>
      <Hsp_score>77</Hsp_score>
      <Hsp_evalue>7.18492e-05</Hsp_evalue>
      <Hsp_query-from>12</Hsp_query-from>
      <Hsp_query-to>72</Hsp_query-to>
      <Hsp_hit-from>4</Hsp_hit-from>
      <Hsp_hit-to>64</Hsp_hit-to>
      <Hsp_query-frame>0</Hsp_query-frame>
      <Hsp_hit-frame>0</Hsp_hit-frame>
      <Hsp_identity>18</Hsp_identity>
      <Hsp_positive>29</Hsp_positive>
      <Hsp_gaps>0</Hsp_gaps>
      <Hsp_align-len>61</Hsp_align-len>
      <Hsp_qseq>NGQVLVFTLPLTDQVSVIKVKIHEATGMPAGKQKLQYEGIFIKDSNSLAYYNMANGAVIHL</Hsp_qseq>
      <Hsp_hseq>NGTKFSVTTSLDSTVESFKELIAQNSDVPANQQRLIYKGRILKDDQTLLSYGLQADHTVHM</Hsp_hseq>
      <Hsp_midline>NG     T  L   V   K  I + + +PA +Q+L Y+G  +KD  +L  Y +     +H+</Hsp_midline>
    </Hsp>
  </Hit_hsps>
</Hit>
<Hit>
  <Hit_num>6</Hit_num>
  <Hit_id>gnl|BL_ORD_ID|4</Hit_id>
  <Hit_def>Q9ZQZ4_ARATH/6-74</Hit_def>
  <Hit_accession>4</Hit_accession>
  <Hit_len>69</Hit_len>
  <Hit_hsps>
    <Hsp>
      <Hsp_num>1</Hsp_num>
      <Hsp_bit-score>29.6462</Hsp_bit-score>
      <Hsp_score>65</Hsp_score>
      <Hsp_evalue>0.00385902</Hsp_evalue>
      <Hsp_query-from>12</Hsp_query-from>
      <Hsp_query-to>75</Hsp_query-to>
      <Hsp_hit-from>4</Hsp_hit-from>
      <Hsp_hit-to>67</Hsp_hit-to>
      <Hsp_query-frame>0</Hsp_query-frame>
      <Hsp_hit-frame>0</Hsp_hit-frame>
      <Hsp_identity>13</Hsp_identity>
      <Hsp_positive>30</Hsp_positive>
      <Hsp_gaps>0</Hsp_gaps>
      <Hsp_align-len>64</Hsp_align-len>
      <Hsp_qseq>NGQVLVFTLPLTDQVSVIKVKIHEATGMPAGKQKLQYEGIFIKDSNSLAYYNMANGAVIHLALK</Hsp_qseq>
      <Hsp_hseq>SGSTFSIDIGLQDTVLTFKRKIEMTQRIPVSRQTIFFQGKLLEDHLDIFEWDILQNPLLHLSIS</Hsp_hseq>
      <Hsp_midline>+G      + L D V   K KI     +P  +Q + ++G  ++D   +  +++    ++HL++ </Hsp_midline>
    </Hsp>
  </Hit_hsps>
</Hit>
<Hit>
  <Hit_num>7</Hit_num>
  <Hit_id>gnl|BL_ORD_ID|3</Hit_id>
  <Hit_def>OASL_HUMAN/439-506</Hit_def>
  <Hit_accession>3</Hit_accession>
  <Hit_len>68</Hit_len>
  <Hit_hsps>
    <Hsp>
      <Hsp_num>1</Hsp_num>
      <Hsp_bit-score>27.335</Hsp_bit-score>
      <Hsp_score>59</Hsp_score>
      <Hsp_evalue>0.0308524</Hsp_evalue>
      <Hsp_query-from>29</Hsp_query-from>
      <Hsp_query-to>76</Hsp_query-to>
      <Hsp_hit-from>21</Hsp_hit-from>
      <Hsp_hit-to>68</Hsp_hit-to>
      <Hsp_query-frame>0</Hsp_query-frame>
      <Hsp_hit-frame>0</Hsp_hit-frame>
      <Hsp_identity>12</Hsp_identity>
      <Hsp_positive>28</Hsp_positive>
      <Hsp_gaps>0</Hsp_gaps>
      <Hsp_align-len>48</Hsp_align-len>
      <Hsp_qseq>IKVKIHEATGMPAGKQKLQYEGIFIKDSNSLAYYNMANGAVIHLALKE</Hsp_qseq>
      <Hsp_hseq>LKQQIEDQQGLPKKQQQLEFQGQVLQDWLGLGIYGIQDSDTLILSKKK</Hsp_hseq>
      <Hsp_midline>+K +I +  G+P  +Q+L+++G  ++D   L  Y + +   + L+ K+</Hsp_midline>
    </Hsp>
  </Hit_hsps>
</Hit>
</Iteration_hits>
  <Iteration_stat>
    <Statistics>
      <Statistics_db-num>18</Statistics_db-num>
      <Statistics_db-len>3291</Statistics_db-len>
      <Statistics_hsp-len>64</Statistics_hsp-len>
      <Statistics_eff-space>24971200</Statistics_eff-space>
      <Statistics_kappa>0.041</Statistics_kappa>
      <Statistics_lambda>0.267</Statistics_lambda>
      <Statistics_entropy>0.14</Statistics_entropy>
    </Statistics>
  </Iteration_stat>
</Iteration>
<Iteration>
  <Iteration_iter-num>3</Iteration_iter-num>
  <Iteration_query-ID>Query_3</Iteration_query-ID>
  <Iteration_query-def>Q91889_XENLA/33-101</Iteration_query-def>
  <Iteration_query-len>69</Iteration_query-len>
<Iteration_hits>
<Hit>
  <Hit_num>1</Hit_num>
  <Hit_id>gnl|BL_ORD_ID|2</Hit_id>
  <Hit_def>Q91889_XENLA/33-101</Hit_def>
  <Hit_accession>2</Hit_accession>
  <Hit_len>69</Hit_len>
  <Hit_hsps>
    <Hsp>
      <Hsp_num>1</Hsp_num>
      <Hsp_bit-score>143.28</Hsp_bit-score>
      <Hsp_score>360</Hsp_score>
      <Hsp_evalue>1.00443e-46</Hsp_evalue>
      <Hsp_query-from>1</Hsp_query-from>
      <Hsp_query-to>69</Hsp_query-to>
      <Hsp_hit-from>1</Hsp_hit-from>
      <Hsp_hit-to>69</Hsp_hit-to>
      <Hsp_query-frame>0</Hsp_query-frame>
      <Hsp_hit-frame>0</Hsp_hit-frame>
      <Hsp_identity>69</Hsp_identity>
      <Hsp_positive>69</Hsp_positive>
      <Hsp_gaps>0</Hsp_gaps>
      <Hsp_align-len>69</Hsp_align-len>
      <Hsp_qseq>ETLTGTCFELRVSPYETVTSVKSKIQRLEGIPVAQQHLIRNNMELEDECSLSGYNISEGCTLKMVLAMR</Hsp_qseq>
      <Hsp_hseq>ETLTGTCFELRVSPYETVTSVKSKIQRLEGIPVAQQHLIRNNMELEDECSLSGYNISEGCTLKMVLAMR</Hsp_hseq>
      <Hsp_midline>ETLTGTCFELRVSPYETVTSVKSKIQRLEGIPVAQQHLIRNNMELEDECSLSGYNISEGCTLKMVLAMR</Hsp_midline>
    </Hsp>
  </Hit_hsps>
</Hit>
<Hit>
  <Hit_num>2</Hit_num>
  <Hit_id>gnl|BL_ORD_ID|6</Hit_id>
  <Hit_def>DSK2_YEAST/8-75</Hit_def>
  <Hit_accession>6</Hit_accession>
  <Hit_len>68</Hit_len>
  <Hit_hsps>
    <Hsp>
      <Hsp_num>1</Hsp_num>
      <Hsp_bit-score>45.4394</Hsp_bit-score>
      <Hsp_score>106</Hsp_score>
      <Hsp_evalue>5.7308e-09</Hsp_evalue>
      <Hsp_query-from>8</Hsp_query-from>
      <Hsp_query-to>65</Hsp_query-to>
      <Hsp_hit-from>7</Hsp_hit-from>
      <Hsp_hit-to>64</Hsp_hit-to>
      <Hsp_query-frame>0</Hsp_query-frame>
      <Hsp_hit-frame>0</Hsp_hit-frame>
      <Hsp_identity>21</Hsp_identity>
      <Hsp_positive>35</Hsp_positive>
      <Hsp_gaps>0</Hsp_gaps>
      <Hsp_align-len>58</Hsp_align-len>
      <Hsp_qseq>FELRVSPYETVTSVKSKIQRLEGIPVAQQHLIRNNMELEDECSLSGYNISEGCTLKMV</Hsp_qseq>
      <Hsp_hseq>WEVNVAPESTVLQFKEAINKANGIPVANQRLIYSGKILKDDQTVESYHIQDGHSVHLV</Hsp_hseq>
      <Hsp_midline>+E+ V+P  TV   K  I +  GIPVA Q LI +   L+D+ ++  Y+I +G ++ +V</Hsp_midline>
    </Hsp>
  </Hit_hsps>
</Hit>
<Hit>
  <Hit_num>3</Hit_num>
  <Hit_id>gnl|BL_ORD_ID|0</Hit_id>
  <Hit_def>SF3A1_HUMAN/712-788</Hit_def>
  <Hit_accession>0</Hit_accession>
  <Hit_len>77</Hit_len>
  <Hit_hsps>
    <Hsp>
      <Hsp_num>1</Hsp_num>
      <Hsp_bit-score>36.1946</Hsp_bit-score>
      <Hsp_score>82</Hsp_score>
      <Hsp_evalue>1.01493e-05</Hsp_evalue>
      <Hsp_query-from>3</Hsp_query-from>
      <Hsp_query-to>69</Hsp_query-to>
      <Hsp_hit-from>11</Hsp_hit-from>
      <Hsp_hit-to>77</Hsp_hit-to>
      <Hsp_query-frame>0</Hsp_query-frame>
      <Hsp_hit-frame>0</Hsp_hit-frame>
      <Hsp_identity>18</Hsp_identity>
      <Hsp_positive>32</Hsp_positive>
      <Hsp_gaps>0</Hsp_gaps>
      <Hsp_align-len>67</Hsp_align-len>
      <Hsp_qseq>LTGTCFELRVSPYETVTSVKSKIQRLEGIPVAQQHLIRNNMELEDECSLSGYNISEGCTLKMVLAMR</Hsp_qseq>
      <Hsp_hseq>LNGQVLVFTLPLTDQVSVIKVKIHEATGMPAGKQKLQYEGIFIKDSNSLAYYNMANGAVIHLALKER</Hsp_hseq>
      <Hsp_midline>L G      +   + V+ +K KI    G+P  +Q L    + ++D  SL+ YN++ G  + + L  R</Hsp_midline>
    </Hsp>
  </Hit_hsps>
</Hit>
<Hit>
  <Hit_num>4</Hit_num>
  <Hit_id>gnl|BL_ORD_ID|1</Hit_id>
  <Hit_def>SF3A1_HUMAN_2/712-788</Hit_def>
  <Hit_accession>1</Hit_accession>
  <Hit_len>89</Hit_len>
  <Hit_hsps>
    <Hsp>
      <Hsp_num>1</Hsp_num>
      <Hsp_bit-score>36.1946</Hsp_bit-score>
      <Hsp_score>82</Hsp_score>
      <Hsp_evalue>1.33866e-05</Hsp_evalue>
      <Hsp_query-from>3</Hsp_query-from>
      <Hsp_query-to>69</Hsp_query-to>
      <Hsp_hit-from>11</Hsp_hit-from>
      <Hsp_hit-to>77</Hsp_hit-to>
      <Hsp_query-frame>0</Hsp_query-frame>
      <Hsp_hit-frame>0</Hsp_hit-frame>
      <Hsp_identity>18</Hsp_identity>
      <Hsp_positive>32</Hsp_positive>
      <Hsp_gaps>0</Hsp_gaps>
      <Hsp_align-len>67</Hsp_align-len>
      <Hsp_qseq>LTGTCFELRVSPYETVTSVKSKIQRLEGIPVAQQHLIRNNMELEDECSLSGYNISEGCTLKMVLAMR</Hsp_qseq>
      <Hsp_hseq>LNGQVLVFTLPLTDQVSVIKVKIHEATGMPAGKQKLQYEGIFIKDSNSLAYYNMANGAVIHLALKER</Hsp_hseq>
      <Hsp_midline>L G      +   + V+ +K KI    G+P  +Q L    + ++D  SL+ YN++ G  + + L  R</Hsp_midline>
    </Hsp>
  </Hit_hsps>
</Hit>
<Hit>
  <Hit_num>5</Hit_num>
  <Hit_id>gnl|BL_ORD_ID|4</Hit_id>
  <Hit_def>Q9ZQZ4_ARATH/6-74</Hit_def>
  <Hit_accession>4</Hit_accession>
  <Hit_len>69</Hit_len>
  <Hit_hsps>
    <Hsp>
      <Hsp_num>1</Hsp_num>
      <Hsp_bit-score>33.8834</Hsp_bit-score>
      <Hsp_score>76</Hsp_score>
      <Hsp_evalue>6.89851e-05</Hsp_evalue>
      <Hsp_query-from>1</Hsp_query-from>
      <Hsp_query-to>67</Hsp_query-to>
      <Hsp_hit-from>1</Hsp_hit-from>
      <Hsp_hit-to>67</Hsp_hit-to>
      <Hsp_query-frame>0</Hsp_query-frame>
      <Hsp_hit-frame>0</Hsp_hit-frame>
      <Hsp_identity>17</Hsp_identity>
      <Hsp_positive>35</Hsp_positive>
      <Hsp_gaps>0</Hsp_gaps>
      <Hsp_align-len>67</Hsp_align-len>
      <Hsp_qseq>ETLTGTCFELRVSPYETVTSVKSKIQRLEGIPVAQQHLIRNNMELEDECSLSGYNISEGCTLKMVLA</Hsp_qseq>
      <Hsp_hseq>ENESGSTFSIDIGLQDTVLTFKRKIEMTQRIPVSRQTIFFQGKLLEDHLDIFEWDILQNPLLHLSIS</Hsp_hseq>
      <Hsp_midline>E  +G+ F + +   +TV + K KI+  + IPV++Q +      LED   +  ++I +   L + ++</Hsp_midline>
    </Hsp>
  </Hit_hsps>
</Hit>
<Hit>
  <Hit_num>6</Hit_num>
  <Hit_id>gnl|BL_ORD_ID|3</Hit_id>
  <Hit_def>OASL_HUMAN/439-506</Hit_def>
  <Hit_accession>3</Hit_accession>
  <Hit_len>68</Hit_len>
  <Hit_hsps>
    <Hsp>
      <Hsp_num>1</Hsp_num>
      <Hsp_bit-score>32.7278</Hsp_bit-score>
      <Hsp_score>73</Hsp_score>
      <Hsp_evalue>0.000179484</Hsp_evalue>
      <Hsp_query-from>5</Hsp_query-from>
      <Hsp_query-to>62</Hsp_query-to>
      <Hsp_hit-from>5</Hsp_hit-from>
      <Hsp_hit-to>62</Hsp_hit-to>
      <Hsp_query-frame>0</Hsp_query-frame>
      <Hsp_hit-frame>0</Hsp_hit-frame>
      <Hsp_identity>16</Hsp_identity>
      <Hsp_positive>27</Hsp_positive>
      <Hsp_gaps>0</Hsp_gaps>
      <Hsp_align-len>58</Hsp_align-len>
      <Hsp_qseq>GTCFELRVSPYETVTSVKSKIQRLEGIPVAQQHLIRNNMELEDECSLSGYNISEGCTL</Hsp_qseq>
      <Hsp_hseq>GGSYAYAINPNSFILGLKQQIEDQQGLPKKQQQLEFQGQVLQDWLGLGIYGIQDSDTL</Hsp_hseq>
      <Hsp_midline>G  +   ++P   +  +K +I+  +G+P  QQ L      L+D   L  Y I +  TL</Hsp_midline>
    </Hsp>
  </Hit_hsps>
</Hit>
</Iteration_hits>
  <Iteration_stat>
    <Statistics>
      <Statistics_db-num>18</Statistics_db-num>
      <Statistics_db-len>3291</Statistics_db-len>
      <Statistics_hsp-len>44</Statistics_hsp-len>
      <Statistics_eff-space>24980200</Statistics_eff-space>
      <Statistics_kappa>0.041</Statistics_kappa>
      <Statistics_lambda>0.267</Statistics_lambda>
      <Statistics_entropy>0.14</Statistics_entropy>
    </Statistics>
  </Iteration_stat>
</Iteration>
<Iteration>
  <Iteration_iter-num>4</Iteration_iter-num>
  <Iteration_query-ID>Query_4</Iteration_query-ID>
  <Iteration_query-def>OASL_HUMAN/439-506</Iteration_query-def>
  <Iteration_query-len>68</Iteration_query-len>
<Iteration_hits>
<Hit>
  <Hit_num>1</Hit_num>
  <Hit_id>gnl|BL_ORD_ID|3</Hit_id>
  <Hit_def>OASL_HUMAN/439-506</Hit_def>
  <Hit_accession>3</Hit_accession>
  <Hit_len>68</Hit_len>
  <Hit_hsps>
    <Hsp>
      <Hsp_num>1</Hsp_num>
      <Hsp_bit-score>133.65</Hsp_bit-score>
      <Hsp_score>335</Hsp_score>
      <Hsp_evalue>5.11527e-43</Hsp_evalue>
      <Hsp_query-from>1</Hsp_query-from>
      <Hsp_query-to>68</Hsp_query-to>
      <Hsp_hit-from>1</Hsp_hit-from>
      <Hsp_hit-to>68</Hsp_hit-to>
      <Hsp_query-frame>0</Hsp_query-frame>
      <Hsp_hit-frame>0</Hsp_hit-frame>
      <Hsp_identity>68</Hsp_identity>
      <Hsp_positive>68</Hsp_positive>
      <Hsp_gaps>0</Hsp_gaps>
      <Hsp_align-len>68</Hsp_align-len>
      <Hsp_qseq>KNPDGGSYAYAINPNSFILGLKQQIEDQQGLPKKQQQLEFQGQVLQDWLGLGIYGIQDSDTLILSKKK</Hsp_qseq>
      <Hsp_hseq>KNPDGGSYAYAINPNSFILGLKQQIEDQQGLPKKQQQLEFQGQVLQDWLGLGIYGIQDSDTLILSKKK</Hsp_hseq>
      <Hsp_midline>KNPDGGSYAYAINPNSFILGLKQQIEDQQGLPKKQQQLEFQGQVLQDWLGLGIYGIQDSDTLILSKKK</Hsp_midline>
    </Hsp>
  </Hit_hsps>
</Hit>
<Hit>
  <Hit_num>2</Hit_num>
  <Hit_id>gnl|BL_ORD_ID|6</Hit_id>
  <Hit_def>DSK2_YEAST/8-75</Hit_def>
  <Hit_accession>6</Hit_accession>
  <Hit_len>68</Hit_len>
  <Hit_hsps>
    <Hsp>
      <Hsp_num>1</Hsp_num>
      <Hsp_bit-score>35.8094</Hsp_bit-score>
      <Hsp_score>81</Hsp_score>
      <Hsp_evalue>1.23481e-05</Hsp_evalue>
      <Hsp_query-from>12</Hsp_query-from>
      <Hsp_query-to>66</Hsp_query-to>
      <Hsp_hit-from>11</Hsp_hit-from>
      <Hsp_hit-to>65</Hsp_hit-to>
      <Hsp_query-frame>0</Hsp_query-frame>
      <Hsp_hit-frame>0</Hsp_hit-frame>
      <Hsp_identity>18</Hsp_identity>
      <Hsp_positive>30</Hsp_positive>
      <Hsp_gaps>0</Hsp_gaps>
      <Hsp_align-len>55</Hsp_align-len>
      <Hsp_qseq>INPNSFILGLKQQIEDQQGLPKKQQQLEFQGQVLQDWLGLGIYGIQDSDTLILSK</Hsp_qseq>
      <Hsp_hseq>VAPESTVLQFKEAINKANGIPVANQRLIYSGKILKDDQTVESYHIQDGHSVHLVK</Hsp_hseq>
      <Hsp_midline>+ P S +L  K+ I    G+P   Q+L + G++L+D   +  Y IQD  ++ L K</Hsp_midline>
    </Hsp>
  </Hit_hsps>
</Hit>
<Hit>
  <Hit_num>3</Hit_num>
  <Hit_id>gnl|BL_ORD_ID|4</Hit_id>
  <Hit_def>Q9ZQZ4_ARATH/6-74</Hit_def>
  <Hit_accession>4</Hit_accession>
  <Hit_len>69</Hit_len>
  <Hit_hsps>
    <Hsp>
      <Hsp_num>1</Hsp_num>
      <Hsp_bit-score>35.8094</Hsp_bit-score>
      <Hsp_score>81</Hsp_score>
      <Hsp_evalue>1.42102e-05</Hsp_evalue>
      <Hsp_query-from>1</Hsp_query-from>
      <Hsp_query-to>65</Hsp_query-to>
      <Hsp_hit-from>1</Hsp_hit-from>
      <Hsp_hit-to>65</Hsp_hit-to>
      <Hsp_query-frame>0</Hsp_query-frame>
      <Hsp_hit-frame>0</Hsp_hit-frame>
      <Hsp_identity>20</Hsp_identity>
      <Hsp_positive>36</Hsp_positive>
      <Hsp_gaps>0</Hsp_gaps>
      <Hsp_align-len>65</Hsp_align-len>
      <Hsp_qseq>KNPDGGSYAYAINPNSFILGLKQQIEDQQGLPKKQQQLEFQGQVLQDWLGLGIYGIQDSDTLILS</Hsp_qseq>
      <Hsp_hseq>ENESGSTFSIDIGLQDTVLTFKRKIEMTQRIPVSRQTIFFQGKLLEDHLDIFEWDILQNPLLHLS</Hsp_hseq>
      <Hsp_midline>+N  G +++  I     +L  K++IE  Q +P  +Q + FQG++L+D L +  + I  +  L LS</Hsp_midline>
    </Hsp>
  </Hit_hsps>
</Hit>
<Hit>
  <Hit_num>4</Hit_num>
  <Hit_id>gnl|BL_ORD_ID|5</Hit_id>
  <Hit_def>Q9SII9_ARATH/23-91</Hit_def>
  <Hit_accession>5</Hit_accession>
  <Hit_len>69</Hit_len>
  <Hit_hsps>
    <Hsp>
      <Hsp_num>1</Hsp_num>
      <Hsp_bit-score>33.113</Hsp_bit-score>
      <Hsp_score>74</Hsp_score>
      <Hsp_evalue>0.000110112</Hsp_evalue>
      <Hsp_query-from>1</Hsp_query-from>
      <Hsp_query-to>66</Hsp_query-to>
      <Hsp_hit-from>1</Hsp_hit-from>
      <Hsp_hit-to>66</Hsp_hit-to>
      <Hsp_query-frame>0</Hsp_query-frame>
      <Hsp_hit-frame>0</Hsp_hit-frame>
      <Hsp_identity>16</Hsp_identity>
      <Hsp_positive>35</Hsp_positive>
      <Hsp_gaps>0</Hsp_gaps>
      <Hsp_align-len>66</Hsp_align-len>
      <Hsp_qseq>KNPDGGSYAYAINPNSFILGLKQQIEDQQGLPKKQQQLEFQGQVLQDWLGLGIYGIQDSDTLILSK</Hsp_qseq>
      <Hsp_hseq>RCSNGTKFSVTTSLDSTVESFKELIAQNSDVPANQQRLIYKGRILKDDQTLLSYGLQADHTVHMVR</Hsp_hseq>
      <Hsp_midline>+  +G  ++   + +S +   K+ I     +P  QQ+L ++G++L+D   L  YG+Q   T+ + +</Hsp_midline>
    </Hsp>
  </Hit_hsps>
</Hit>
<Hit>
  <Hit_num>5</Hit_num>
  <Hit_id>gnl|BL_ORD_ID|2</Hit_id>
  <Hit_def>Q91889_XENLA/33-101</Hit_def>
  <Hit_accession>2</Hit_accession>
  <Hit_len>69</Hit_len>
  <Hit_hsps>
    <Hsp>
      <Hsp_num>1</Hsp_num>
      <Hsp_bit-score>32.7278</Hsp_bit-score>
      <Hsp_score>73</Hsp_score>
      <Hsp_evalue>0.000176882</Hsp_evalue>
      <Hsp_query-from>5</Hsp_query-from>
      <Hsp_query-to>62</Hsp_query-to>
      <Hsp_hit-from>5</Hsp_hit-from>
      <Hsp_hit-to>62</Hsp_hit-to>
      <Hsp_query-frame>0</Hsp_query-frame>
      <Hsp_hit-frame>0</Hsp_hit-frame>
      <Hsp_identity>16</Hsp_identity>
      <Hsp_positive>27</Hsp_positive>
      <Hsp_gaps>0</Hsp_gaps>
      <Hsp_align-len>58</Hsp_align-len>
      <Hsp_qseq>GGSYAYAINPNSFILGLKQQIEDQQGLPKKQQQLEFQGQVLQDWLGLGIYGIQDSDTL</Hsp_qseq>
      <Hsp_hseq>GTCFELRVSPYETVTSVKSKIQRLEGIPVAQQHLIRNNMELEDECSLSGYNISEGCTL</Hsp_hseq>
      <Hsp_midline>G  +   ++P   +  +K +I+  +G+P  QQ L      L+D   L  Y I +  TL</Hsp_midline>
    </Hsp>
  </Hit_hsps>
</Hit>
<Hit>
  <Hit_num>6</Hit_num>
  <Hit_id>gnl|BL_ORD_ID|0</Hit_id>
  <Hit_def>SF3A1_HUMAN/712-788</Hit_def>
  <Hit_accession>0</Hit_accession>
  <Hit_len>77</Hit_len>
  <Hit_hsps>
    <Hsp>
      <Hsp_num>1</Hsp_num>
      <Hsp_bit-score>28.1054</Hsp_bit-score>
      <Hsp_score>61</Hsp_score>
      <Hsp_evalue>0.0112408</Hsp_evalue>
      <Hsp_query-from>21</Hsp_query-from>
      <Hsp_query-to>68</Hsp_query-to>
      <Hsp_hit-from>29</Hsp_hit-from>
      <Hsp_hit-to>76</Hsp_hit-to>
      <Hsp_query-frame>0</Hsp_query-frame>
      <Hsp_hit-frame>0</Hsp_hit-frame>
      <Hsp_identity>12</Hsp_identity>
      <Hsp_positive>28</Hsp_positive>
      <Hsp_gaps>0</Hsp_gaps>
      <Hsp_align-len>48</Hsp_align-len>
      <Hsp_qseq>LKQQIEDQQGLPKKQQQLEFQGQVLQDWLGLGIYGIQDSDTLILSKKK</Hsp_qseq>
      <Hsp_hseq>IKVKIHEATGMPAGKQKLQYEGIFIKDSNSLAYYNMANGAVIHLALKE</Hsp_hseq>
      <Hsp_midline>+K +I +  G+P  +Q+L+++G  ++D   L  Y + +   + L+ K+</Hsp_midline>
    </Hsp>
  </Hit_hsps>
</Hit>
<Hit>
  <Hit_num>7</Hit_num>
  <Hit_id>gnl|BL_ORD_ID|1</Hit_id>
  <Hit_def>SF3A1_HUMAN_2/712-788</Hit_def>
  <Hit_accession>1</Hit_accession>
  <Hit_len>89</Hit_len>
  <Hit_hsps>
    <Hsp>
      <Hsp_num>1</Hsp_num>
      <Hsp_bit-score>27.335</Hsp_bit-score>
      <Hsp_score>59</Hsp_score>
      <Hsp_evalue>0.0235726</Hsp_evalue>
      <Hsp_query-from>21</Hsp_query-from>
      <Hsp_query-to>68</Hsp_query-to>
      <Hsp_hit-from>29</Hsp_hit-from>
      <Hsp_hit-to>76</Hsp_hit-to>
      <Hsp_query-frame>0</Hsp_query-frame>
      <Hsp_hit-frame>0</Hsp_hit-frame>
      <Hsp_identity>12</Hsp_identity>
      <Hsp_positive>28</Hsp_positive>
      <Hsp_gaps>0</Hsp_gaps>
      <Hsp_align-len>48</Hsp_align-len>
      <Hsp_qseq>LKQQIEDQQGLPKKQQQLEFQGQVLQDWLGLGIYGIQDSDTLILSKKK</Hsp_qseq>
      <Hsp_hseq>IKVKIHEATGMPAGKQKLQYEGIFIKDSNSLAYYNMANGAVIHLALKE</Hsp_hseq>
      <Hsp_midline>+K +I +  G+P  +Q+L+++G  ++D   L  Y + +   + L+ K+</Hsp_midline>
    </Hsp>
  </Hit_hsps>
</Hit>
</Iteration_hits>
  <Iteration_stat>
    <Statistics>
      <Statistics_db-num>18</Statistics_db-num>
      <Statistics_db-len>3291</Statistics_db-len>
      <Statistics_hsp-len>43</Statistics_hsp-len>
      <Statistics_eff-space>24980650</Statistics_eff-space>
      <Statistics_kappa>0.041</Statistics_kappa>
      <Statistics_lambda>0.267</Statistics_lambda>
      <Statistics_entropy>0.14</Statistics_entropy>
    </Statistics>
  </Iteration_stat>
</Iteration>
<Iteration>
  <Iteration_iter-num>5</Iteration_iter-num>
  <Iteration_query-ID>Query_5</Iteration_query-ID>
  <Iteration_query-def>Q9ZQZ4_ARATH/6-74</Iteration_query-def>
  <Iteration_query-len>69</Iteration_query-len>
<Iteration_hits>
<Hit>
  <Hit_num>1</Hit_num>
  <Hit_id>gnl|BL_ORD_ID|4</Hit_id>
  <Hit_def>Q9ZQZ4_ARATH/6-74</Hit_def>
  <Hit_accession>4</Hit_accession>
  <Hit_len>69</Hit_len>
  <Hit_hsps>
    <Hsp>
      <Hsp_num>1</Hsp_num>
      <Hsp_bit-score>140.198</Hsp_bit-score>
      <Hsp_score>352</Hsp_score>
      <Hsp_evalue>1.52413e-45</Hsp_evalue>
      <Hsp_query-from>1</Hsp_query-from>
      <Hsp_query-to>69</Hsp_query-to>
      <Hsp_hit-from>1</Hsp_hit-from>
      <Hsp_hit-to>69</Hsp_hit-to>
      <Hsp_query-frame>0</Hsp_query-frame>
      <Hsp_hit-frame>0</Hsp_hit-frame>
      <Hsp_identity>69</Hsp_identity>
      <Hsp_positive>69</Hsp_positive>
      <Hsp_gaps>0</Hsp_gaps>
      <Hsp_align-len>69</Hsp_align-len>
      <Hsp_qseq>ENESGSTFSIDIGLQDTVLTFKRKIEMTQRIPVSRQTIFFQGKLLEDHLDIFEWDILQNPLLHLSISPD</Hsp_qseq>
      <Hsp_hseq>ENESGSTFSIDIGLQDTVLTFKRKIEMTQRIPVSRQTIFFQGKLLEDHLDIFEWDILQNPLLHLSISPD</Hsp_hseq>
      <Hsp_midline>ENESGSTFSIDIGLQDTVLTFKRKIEMTQRIPVSRQTIFFQGKLLEDHLDIFEWDILQNPLLHLSISPD</Hsp_midline>
    </Hsp>
  </Hit_hsps>
</Hit>
<Hit>
  <Hit_num>2</Hit_num>
  <Hit_id>gnl|BL_ORD_ID|6</Hit_id>
  <Hit_def>DSK2_YEAST/8-75</Hit_def>
  <Hit_accession>6</Hit_accession>
  <Hit_len>68</Hit_len>
  <Hit_hsps>
    <Hsp>
      <Hsp_num>1</Hsp_num>
      <Hsp_bit-score>38.5058</Hsp_bit-score>
      <Hsp_score>88</Hsp_score>
      <Hsp_evalue>1.5776e-06</Hsp_evalue>
      <Hsp_query-from>8</Hsp_query-from>
      <Hsp_query-to>64</Hsp_query-to>
      <Hsp_hit-from>7</Hsp_hit-from>
      <Hsp_hit-to>63</Hsp_hit-to>
      <Hsp_query-frame>0</Hsp_query-frame>
      <Hsp_hit-frame>0</Hsp_hit-frame>
      <Hsp_identity>17</Hsp_identity>
      <Hsp_positive>30</Hsp_positive>
      <Hsp_gaps>0</Hsp_gaps>
      <Hsp_align-len>57</Hsp_align-len>
      <Hsp_qseq>FSIDIGLQDTVLTFKRKIEMTQRIPVSRQTIFFQGKLLEDHLDIFEWDILQNPLLHL</Hsp_qseq>
      <Hsp_hseq>WEVNVAPESTVLQFKEAINKANGIPVANQRLIYSGKILKDDQTVESYHIQDGHSVHL</Hsp_hseq>
      <Hsp_midline>+ +++  + TVL FK  I     IPV+ Q + + GK+L+D   +  + I     +HL</Hsp_midline>
    </Hsp>
  </Hit_hsps>
</Hit>
<Hit>
  <Hit_num>3</Hit_num>
  <Hit_id>gnl|BL_ORD_ID|5</Hit_id>
  <Hit_def>Q9SII9_ARATH/23-91</Hit_def>
  <Hit_accession>5</Hit_accession>
  <Hit_len>69</Hit_len>
  <Hit_hsps>
    <Hsp>
      <Hsp_num>1</Hsp_num>
      <Hsp_bit-score>38.1206</Hsp_bit-score>
      <Hsp_score>87</Hsp_score>
      <Hsp_evalue>2.52066e-06</Hsp_evalue>
      <Hsp_query-from>3</Hsp_query-from>
      <Hsp_query-to>64</Hsp_query-to>
      <Hsp_hit-from>3</Hsp_hit-from>
      <Hsp_hit-to>64</Hsp_hit-to>
      <Hsp_query-frame>0</Hsp_query-frame>
      <Hsp_hit-frame>0</Hsp_hit-frame>
      <Hsp_identity>15</Hsp_identity>
      <Hsp_positive>34</Hsp_positive>
      <Hsp_gaps>0</Hsp_gaps>
      <Hsp_align-len>62</Hsp_align-len>
      <Hsp_qseq>ESGSTFSIDIGLQDTVLTFKRKIEMTQRIPVSRQTIFFQGKLLEDHLDIFEWDILQNPLLHL</Hsp_qseq>
      <Hsp_hseq>SNGTKFSVTTSLDSTVESFKELIAQNSDVPANQQRLIYKGRILKDDQTLLSYGLQADHTVHM</Hsp_hseq>
      <Hsp_midline> +G+ FS+   L  TV +FK  I     +P ++Q + ++G++L+D   +  + +  +  +H+</Hsp_midline>
    </Hsp>
  </Hit_hsps>
</Hit>
<Hit>
  <Hit_num>4</Hit_num>
  <Hit_id>gnl|BL_ORD_ID|3</Hit_id>
  <Hit_def>OASL_HUMAN/439-506</Hit_def>
  <Hit_accession>3</Hit_accession>
  <Hit_len>68</Hit_len>
  <Hit_hsps>
    <Hsp>
      <Hsp_num>1</Hsp_num>
      <Hsp_bit-score>35.8094</Hsp_bit-score>
      <Hsp_score>81</Hsp_score>
      <Hsp_evalue>1.44192e-05</Hsp_evalue>
      <Hsp_query-from>1</Hsp_query-from>
      <Hsp_query-to>65</Hsp_query-to>
      <Hsp_hit-from>1</Hsp_hit-from>
      <Hsp_hit-to>65</Hsp_hit-to>
      <Hsp_query-frame>0</Hsp_query-frame>
      <Hsp_hit-frame>0</Hsp_hit-frame>
      <Hsp_identity>20</Hsp_identity>
      <Hsp_positive>36</Hsp_positive>
      <Hsp_gaps>0</Hsp_gaps>
      <Hsp_align-len>65</Hsp_align-len>
      <Hsp_qseq>ENESGSTFSIDIGLQDTVLTFKRKIEMTQRIPVSRQTIFFQGKLLEDHLDIFEWDILQNPLLHLS</Hsp_qseq>
      <Hsp_hseq>KNPDGGSYAYAINPNSFILGLKQQIEDQQGLPKKQQQLEFQGQVLQDWLGLGIYGIQDSDTLILS</Hsp_hseq>
      <Hsp_midline>+N  G +++  I     +L  K++IE  Q +P  +Q + FQG++L+D L +  + I  +  L LS</Hsp_midline>
    </Hsp>
  </Hit_hsps>
</Hit>
<Hit>
  <Hit_num>5</Hit_num>
  <Hit_id>gnl|BL_ORD_ID|2</Hit_id>
  <Hit_def>Q91889_XENLA/33-101</Hit_def>
  <Hit_accession>2</Hit_accession>
  <Hit_len>69</Hit_len>
  <Hit_hsps>
    <Hsp>
      <Hsp_num>1</Hsp_num>
      <Hsp_bit-score>33.8834</Hsp_bit-score>
      <Hsp_score>76</Hsp_score>
      <Hsp_evalue>6.89851e-05</Hsp_evalue>
      <Hsp_query-from>1</Hsp_query-from>
      <Hsp_query-to>67</Hsp_query-to>
      <Hsp_hit-from>1</Hsp_hit-from>
      <Hsp_hit-to>67</Hsp_hit-to>
      <Hsp_query-frame>0</Hsp_query-frame>
      <Hsp_hit-frame>0</Hsp_hit-frame>
      <Hsp_identity>17</Hsp_identity>
      <Hsp_positive>35</Hsp_positive>
      <Hsp_gaps>0</Hsp_gaps>
      <Hsp_align-len>67</Hsp_align-len>
      <Hsp_qseq>ENESGSTFSIDIGLQDTVLTFKRKIEMTQRIPVSRQTIFFQGKLLEDHLDIFEWDILQNPLLHLSIS</Hsp_qseq>
      <Hsp_hseq>ETLTGTCFELRVSPYETVTSVKSKIQRLEGIPVAQQHLIRNNMELEDECSLSGYNISEGCTLKMVLA</Hsp_hseq>
      <Hsp_midline>E  +G+ F + +   +TV + K KI+  + IPV++Q +      LED   +  ++I +   L + ++</Hsp_midline>
    </Hsp>
  </Hit_hsps>
</Hit>
<Hit>
  <Hit_num>6</Hit_num>
  <Hit_id>gnl|BL_ORD_ID|0</Hit_id>
  <Hit_def>SF3A1_HUMAN/712-788</Hit_def>
  <Hit_accession>0</Hit_accession>
  <Hit_len>77</Hit_len>
  <Hit_hsps>
    <Hsp>
      <Hsp_num>1</Hsp_num>
      <Hsp_bit-score>30.0314</Hsp_bit-score>
      <Hsp_score>66</Hsp_score>
      <Hsp_evalue>0.00182548</Hsp_evalue>
      <Hsp_query-from>4</Hsp_query-from>
      <Hsp_query-to>66</Hsp_query-to>
      <Hsp_hit-from>12</Hsp_hit-from>
      <Hsp_hit-to>74</Hsp_hit-to>
      <Hsp_query-frame>0</Hsp_query-frame>
      <Hsp_hit-frame>0</Hsp_hit-frame>
      <Hsp_identity>13</Hsp_identity>
      <Hsp_positive>30</Hsp_positive>
      <Hsp_gaps>0</Hsp_gaps>
      <Hsp_align-len>63</Hsp_align-len>
      <Hsp_qseq>SGSTFSIDIGLQDTVLTFKRKIEMTQRIPVSRQTIFFQGKLLEDHLDIFEWDILQNPLLHLSI</Hsp_qseq>
      <Hsp_hseq>NGQVLVFTLPLTDQVSVIKVKIHEATGMPAGKQKLQYEGIFIKDSNSLAYYNMANGAVIHLAL</Hsp_hseq>
      <Hsp_midline>+G      + L D V   K KI     +P  +Q + ++G  ++D   +  +++    ++HL++</Hsp_midline>
    </Hsp>
  </Hit_hsps>
</Hit>
<Hit>
  <Hit_num>7</Hit_num>
  <Hit_id>gnl|BL_ORD_ID|1</Hit_id>
  <Hit_def>SF3A1_HUMAN_2/712-788</Hit_def>
  <Hit_accession>1</Hit_accession>
  <Hit_len>89</Hit_len>
  <Hit_hsps>
    <Hsp>
      <Hsp_num>1</Hsp_num>
      <Hsp_bit-score>29.6462</Hsp_bit-score>
      <Hsp_score>65</Hsp_score>
      <Hsp_evalue>0.00299182</Hsp_evalue>
      <Hsp_query-from>4</Hsp_query-from>
      <Hsp_query-to>67</Hsp_query-to>
      <Hsp_hit-from>12</Hsp_hit-from>
      <Hsp_hit-to>75</Hsp_hit-to>
      <Hsp_query-frame>0</Hsp_query-frame>
      <Hsp_hit-frame>0</Hsp_hit-frame>
      <Hsp_identity>13</Hsp_identity>
      <Hsp_positive>30</Hsp_positive>
      <Hsp_gaps>0</Hsp_gaps>
      <Hsp_align-len>64</Hsp_align-len>
      <Hsp_qseq>SGSTFSIDIGLQDTVLTFKRKIEMTQRIPVSRQTIFFQGKLLEDHLDIFEWDILQNPLLHLSIS</Hsp_qseq>
      <Hsp_hseq>NGQVLVFTLPLTDQVSVIKVKIHEATGMPAGKQKLQYEGIFIKDSNSLAYYNMANGAVIHLALK</Hsp_hseq>
      <Hsp_midline>+G      + L D V   K KI     +P  +Q + ++G  ++D   +  +++    ++HL++ </Hsp_midline>
    </Hsp>
  </Hit_hsps>
</Hit>
</Iteration_hits>
  <Iteration_stat>
    <Statistics>
      <Statistics_db-num>18</Statistics_db-num>
      <Statistics_db-len>3291</Statistics_db-len>
      <Statistics_hsp-len>44</Statistics_hsp-len>
      <Statistics_eff-space>24980200</Statistics_eff-space>
      <Statistics_kappa>0.041</Statistics_kappa>
      <Statistics_lambda>0.267</Statistics_lambda>
      <Statistics_entropy>0.14</Statistics_entropy>
    </Statistics>
  </Iteration_stat>
</Iteration>
<Iteration>
  <Iteration_iter-num>6</Iteration_iter-num>
  <Iteration_query-ID>Query_6</Iteration_query-ID>
  <Iteration_query-def>Q9SII9_ARATH/23-91</Iteration_query-def>
  <Iteration_query-len>69</Iteration_query-len>
<Iteration_hits>
<Hit>
  <Hit_num>1</Hit_num>
  <Hit_id>gnl|BL_ORD_ID|5</Hit_id>
  <Hit_def>Q9SII9_ARATH/23-91</Hit_def>
  <Hit_accession>5</Hit_accession>
  <Hit_len>69</Hit_len>
  <Hit_hsps>
    <Hsp>
      <Hsp_num>1</Hsp_num>
      <Hsp_bit-score>144.821</Hsp_bit-score>
      <Hsp_score>364</Hsp_score>
      <Hsp_evalue>2.78181e-47</Hsp_evalue>
      <Hsp_query-from>1</Hsp_query-from>
      <Hsp_query-to>69</Hsp_query-to>
      <Hsp_hit-from>1</Hsp_hit-from>
      <Hsp_hit-to>69</Hsp_hit-to>
      <Hsp_query-frame>0</Hsp_query-frame>
      <Hsp_hit-frame>0</Hsp_hit-frame>
      <Hsp_identity>69</Hsp_identity>
      <Hsp_positive>69</Hsp_positive>
      <Hsp_gaps>0</Hsp_gaps>
      <Hsp_align-len>69</Hsp_align-len>
      <Hsp_qseq>RCSNGTKFSVTTSLDSTVESFKELIAQNSDVPANQQRLIYKGRILKDDQTLLSYGLQADHTVHMVRGFV</Hsp_qseq>
      <Hsp_hseq>RCSNGTKFSVTTSLDSTVESFKELIAQNSDVPANQQRLIYKGRILKDDQTLLSYGLQADHTVHMVRGFV</Hsp_hseq>
      <Hsp_midline>RCSNGTKFSVTTSLDSTVESFKELIAQNSDVPANQQRLIYKGRILKDDQTLLSYGLQADHTVHMVRGFV</Hsp_midline>
    </Hsp>
  </Hit_hsps>
</Hit>
<Hit>
  <Hit_num>2</Hit_num>
  <Hit_id>gnl|BL_ORD_ID|6</Hit_id>
  <Hit_def>DSK2_YEAST/8-75</Hit_def>
  <Hit_accession>6</Hit_accession>
  <Hit_len>68</Hit_len>
  <Hit_hsps>
    <Hsp>
      <Hsp_num>1</Hsp_num>
      <Hsp_bit-score>65.855</Hsp_bit-score>
      <Hsp_score>159</Hsp_score>
      <Hsp_evalue>1.18398e-16</Hsp_evalue>
      <Hsp_query-from>7</Hsp_query-from>
      <Hsp_query-to>66</Hsp_query-to>
      <Hsp_hit-from>6</Hsp_hit-from>
      <Hsp_hit-to>65</Hsp_hit-to>
      <Hsp_query-frame>0</Hsp_query-frame>
      <Hsp_hit-frame>0</Hsp_hit-frame>
      <Hsp_identity>30</Hsp_identity>
      <Hsp_positive>42</Hsp_positive>
      <Hsp_gaps>0</Hsp_gaps>
      <Hsp_align-len>60</Hsp_align-len>
      <Hsp_qseq>KFSVTTSLDSTVESFKELIAQNSDVPANQQRLIYKGRILKDDQTLLSYGLQADHTVHMVR</Hsp_qseq>
      <Hsp_hseq>KWEVNVAPESTVLQFKEAINKANGIPVANQRLIYSGKILKDDQTVESYHIQDGHSVHLVK</Hsp_hseq>
      <Hsp_midline>K+ V  + +STV  FKE I + + +P   QRLIY G+ILKDDQT+ SY +Q  H+VH+V+</Hsp_midline>
    </Hsp>
  </Hit_hsps>
</Hit>
<Hit>
  <Hit_num>3</Hit_num>
  <Hit_id>gnl|BL_ORD_ID|4</Hit_id>
  <Hit_def>Q9ZQZ4_ARATH/6-74</Hit_def>
  <Hit_accession>4</Hit_accession>
  <Hit_len>69</Hit_len>
  <Hit_hsps>
    <Hsp>
      <Hsp_num>1</Hsp_num>
      <Hsp_bit-score>38.1206</Hsp_bit-score>
      <Hsp_score>87</Hsp_score>
      <Hsp_evalue>2.52066e-06</Hsp_evalue>
      <Hsp_query-from>3</Hsp_query-from>
      <Hsp_query-to>64</Hsp_query-to>
      <Hsp_hit-from>3</Hsp_hit-from>
      <Hsp_hit-to>64</Hsp_hit-to>
      <Hsp_query-frame>0</Hsp_query-frame>
      <Hsp_hit-frame>0</Hsp_hit-frame>
      <Hsp_identity>15</Hsp_identity>
      <Hsp_positive>34</Hsp_positive>
      <Hsp_gaps>0</Hsp_gaps>
      <Hsp_align-len>62</Hsp_align-len>
      <Hsp_qseq>SNGTKFSVTTSLDSTVESFKELIAQNSDVPANQQRLIYKGRILKDDQTLLSYGLQADHTVHM</Hsp_qseq>
      <Hsp_hseq>ESGSTFSIDIGLQDTVLTFKRKIEMTQRIPVSRQTIFFQGKLLEDHLDIFEWDILQNPLLHL</Hsp_hseq>
      <Hsp_midline> +G+ FS+   L  TV +FK  I     +P ++Q + ++G++L+D   +  + +  +  +H+</Hsp_midline>
    </Hsp>
  </Hit_hsps>
</Hit>
<Hit>
  <Hit_num>4</Hit_num>
  <Hit_id>gnl|BL_ORD_ID|0</Hit_id>
  <Hit_def>SF3A1_HUMAN/712-788</Hit_def>
  <Hit_accession>0</Hit_accession>
  <Hit_len>77</Hit_len>
  <Hit_hsps>
    <Hsp>
      <Hsp_num>1</Hsp_num>
      <Hsp_bit-score>35.039</Hsp_bit-score>
      <Hsp_score>79</Hsp_score>
      <Hsp_evalue>3.03863e-05</Hsp_evalue>
      <Hsp_query-from>4</Hsp_query-from>
      <Hsp_query-to>64</Hsp_query-to>
      <Hsp_hit-from>12</Hsp_hit-from>
      <Hsp_hit-to>72</Hsp_hit-to>
      <Hsp_query-frame>0</Hsp_query-frame>
      <Hsp_hit-frame>0</Hsp_hit-frame>
      <Hsp_identity>18</Hsp_identity>
      <Hsp_positive>29</Hsp_positive>
      <Hsp_gaps>0</Hsp_gaps>
      <Hsp_align-len>61</Hsp_align-len>
      <Hsp_qseq>NGTKFSVTTSLDSTVESFKELIAQNSDVPANQQRLIYKGRILKDDQTLLSYGLQADHTVHM</Hsp_qseq>
      <Hsp_hseq>NGQVLVFTLPLTDQVSVIKVKIHEATGMPAGKQKLQYEGIFIKDSNSLAYYNMANGAVIHL</Hsp_hseq>
      <Hsp_midline>NG     T  L   V   K  I + + +PA +Q+L Y+G  +KD  +L  Y +     +H+</Hsp_midline>
    </Hsp>
  </Hit_hsps>
</Hit>
<Hit>
  <Hit_num>5</Hit_num>
  <Hit_id>gnl|BL_ORD_ID|1</Hit_id>
  <Hit_def>SF3A1_HUMAN_2/712-788</Hit_def>
  <Hit_accession>1</Hit_accession>
  <Hit_len>89</Hit_len>
  <Hit_hsps>
    <Hsp>
      <Hsp_num>1</Hsp_num>
      <Hsp_bit-score>34.2686</Hsp_bit-score>
      <Hsp_score>77</Hsp_score>
      <Hsp_evalue>5.57033e-05</Hsp_evalue>
      <Hsp_query-from>4</Hsp_query-from>
      <Hsp_query-to>64</Hsp_query-to>
      <Hsp_hit-from>12</Hsp_hit-from>
      <Hsp_hit-to>72</Hsp_hit-to>
      <Hsp_query-frame>0</Hsp_query-frame>
      <Hsp_hit-frame>0</Hsp_hit-frame>
      <Hsp_identity>18</Hsp_identity>
      <Hsp_positive>29</Hsp_positive>
      <Hsp_gaps>0</Hsp_gaps>
      <Hsp_align-len>61</Hsp_align-len>
      <Hsp_qseq>NGTKFSVTTSLDSTVESFKELIAQNSDVPANQQRLIYKGRILKDDQTLLSYGLQADHTVHM</Hsp_qseq>
      <Hsp_hseq>NGQVLVFTLPLTDQVSVIKVKIHEATGMPAGKQKLQYEGIFIKDSNSLAYYNMANGAVIHL</Hsp_hseq>
      <Hsp_midline>NG     T  L   V   K  I + + +PA +Q+L Y+G  +KD  +L  Y +     +H+</Hsp_midline>
    </Hsp>
  </Hit_hsps>
</Hit>
<Hit>
  <Hit_num>6</Hit_num>
  <Hit_id>gnl|BL_ORD_ID|3</Hit_id>
  <Hit_def>OASL_HUMAN/439-506</Hit_def>
  <Hit_accession>3</Hit_accession>
  <Hit_len>68</Hit_len>
  <Hit_hsps>
    <Hsp>
      <Hsp_num>1</Hsp_num>
      <Hsp_bit-score>33.113</Hsp_bit-score>
      <Hsp_score>74</Hsp_score>
      <Hsp_evalue>0.000111732</Hsp_evalue>
      <Hsp_query-from>1</Hsp_query-from>
      <Hsp_query-to>66</Hsp_query-to>
      <Hsp_hit-from>1</Hsp_hit-from>
      <Hsp_hit-to>66</Hsp_hit-to>
      <Hsp_query-frame>0</Hsp_query-frame>
      <Hsp_hit-frame>0</Hsp_hit-frame>
      <Hsp_identity>16</Hsp_identity>
      <Hsp_positive>35</Hsp_positive>
      <Hsp_gaps>0</Hsp_gaps>
      <Hsp_align-len>66</Hsp_align-len>
      <Hsp_qseq>RCSNGTKFSVTTSLDSTVESFKELIAQNSDVPANQQRLIYKGRILKDDQTLLSYGLQADHTVHMVR</Hsp_qseq>
      <Hsp_hseq>KNPDGGSYAYAINPNSFILGLKQQIEDQQGLPKKQQQLEFQGQVLQDWLGLGIYGIQDSDTLILSK</Hsp_hseq>
      <Hsp_midline>+  +G  ++   + +S +   K+ I     +P  QQ+L ++G++L+D   L  YG+Q   T+ + +</Hsp_midline>
    </Hsp>
  </Hit_hsps>
</Hit>
</Iteration_hits>
  <Iteration_stat>
    <Statistics>
      <Statistics_db-num>18</Statistics_db-num>
      <Statistics_db-len>3291</Statistics_db-len>
      <Statistics_hsp-len>44</Statistics_hsp-len>
      <Statistics_eff-space>24980200</Statistics_eff-space>
      <Statistics_kappa>0.041</Statistics_kappa>
      <Statistics_lambda>0.267</Statistics_lambda>
      <Statistics_entropy>0.14</Statistics_entropy>
    </Statistics>
  </Iteration_stat>
</Iteration>
<Iteration>
  <Iteration_iter-num>7</Iteration_iter-num>
  <Iteration_query-ID>Query_7</Iteration_query-ID>
  <Iteration_query-def>DSK2_YEAST/8-75</Iteration_query-def>
  <Iteration_query-len>68</Iteration_query-len>
<Iteration_hits>
<Hit>
  <Hit_num>1</Hit_num>
  <Hit_id>gnl|BL_ORD_ID|6</Hit_id>
  <Hit_def>DSK2_YEAST/8-75</Hit_def>
  <Hit_accession>6</Hit_accession>
  <Hit_len>68</Hit_len>
  <Hit_hsps>
    <Hsp>
      <Hsp_num>1</Hsp_num>
      <Hsp_bit-score>140.584</Hsp_bit-score>
      <Hsp_score>353</Hsp_score>
      <Hsp_evalue>8.55003e-46</Hsp_evalue>
      <Hsp_query-from>1</Hsp_query-from>
      <Hsp_query-to>68</Hsp_query-to>
      <Hsp_hit-from>1</Hsp_hit-from>
      <Hsp_hit-to>68</Hsp_hit-to>
      <Hsp_query-frame>0</Hsp_query-frame>
      <Hsp_hit-frame>0</Hsp_hit-frame>
      <Hsp_identity>68</Hsp_identity>
      <Hsp_positive>68</Hsp_positive>
      <Hsp_gaps>0</Hsp_gaps>
      <Hsp_align-len>68</Hsp_align-len>
      <Hsp_qseq>KSGQDKWEVNVAPESTVLQFKEAINKANGIPVANQRLIYSGKILKDDQTVESYHIQDGHSVHLVKSQP</Hsp_qseq>
      <Hsp_hseq>KSGQDKWEVNVAPESTVLQFKEAINKANGIPVANQRLIYSGKILKDDQTVESYHIQDGHSVHLVKSQP</Hsp_hseq>
      <Hsp_midline>KSGQDKWEVNVAPESTVLQFKEAINKANGIPVANQRLIYSGKILKDDQTVESYHIQDGHSVHLVKSQP</Hsp_midline>
    </Hsp>
  </Hit_hsps>
</Hit>
<Hit>
  <Hit_num>2</Hit_num>
  <Hit_id>gnl|BL_ORD_ID|5</Hit_id>
  <Hit_def>Q9SII9_ARATH/23-91</Hit_def>
  <Hit_accession>5</Hit_accession>
  <Hit_len>69</Hit_len>
  <Hit_hsps>
    <Hsp>
      <Hsp_num>1</Hsp_num>
      <Hsp_bit-score>65.855</Hsp_bit-score>
      <Hsp_score>159</Hsp_score>
      <Hsp_evalue>1.16682e-16</Hsp_evalue>
      <Hsp_query-from>6</Hsp_query-from>
      <Hsp_query-to>65</Hsp_query-to>
      <Hsp_hit-from>7</Hsp_hit-from>
      <Hsp_hit-to>66</Hsp_hit-to>
      <Hsp_query-frame>0</Hsp_query-frame>
      <Hsp_hit-frame>0</Hsp_hit-frame>
      <Hsp_identity>30</Hsp_identity>
      <Hsp_positive>42</Hsp_positive>
      <Hsp_gaps>0</Hsp_gaps>
      <Hsp_align-len>60</Hsp_align-len>
      <Hsp_qseq>KWEVNVAPESTVLQFKEAINKANGIPVANQRLIYSGKILKDDQTVESYHIQDGHSVHLVK</Hsp_qseq>
      <Hsp_hseq>KFSVTTSLDSTVESFKELIAQNSDVPANQQRLIYKGRILKDDQTLLSYGLQADHTVHMVR</Hsp_hseq>
      <Hsp_midline>K+ V  + +STV  FKE I + + +P   QRLIY G+ILKDDQT+ SY +Q  H+VH+V+</Hsp_midline>
    </Hsp>
  </Hit_hsps>
</Hit>
<Hit>
  <Hit_num>3</Hit_num>
  <Hit_id>gnl|BL_ORD_ID|2</Hit_id>
  <Hit_def>Q91889_XENLA/33-101</Hit_def>
  <Hit_accession>2</Hit_accession>
  <Hit_len>69</Hit_len>
  <Hit_hsps>
    <Hsp>
      <Hsp_num>1</Hsp_num>
      <Hsp_bit-score>45.4394</Hsp_bit-score>
      <Hsp_score>106</Hsp_score>
      <Hsp_evalue>5.64774e-09</Hsp_evalue>
      <Hsp_query-from>7</Hsp_query-from>
      <Hsp_query-to>64</Hsp_query-to>
      <Hsp_hit-from>8</Hsp_hit-from>
      <Hsp_hit-to>65</Hsp_hit-to>
      <Hsp_query-frame>0</Hsp_query-frame>
      <Hsp_hit-frame>0</Hsp_hit-frame>
      <Hsp_identity>21</Hsp_identity>
      <Hsp_positive>35</Hsp_positive>
      <Hsp_gaps>0</Hsp_gaps>
      <Hsp_align-len>58</Hsp_align-len>
      <Hsp_qseq>WEVNVAPESTVLQFKEAINKANGIPVANQRLIYSGKILKDDQTVESYHIQDGHSVHLV</Hsp_qseq>
      <Hsp_hseq>FELRVSPYETVTSVKSKIQRLEGIPVAQQHLIRNNMELEDECSLSGYNISEGCTLKMV</Hsp_hseq>
      <Hsp_midline>+E+ V+P  TV   K  I +  GIPVA Q LI +   L+D+ ++  Y+I +G ++ +V</Hsp_midline>
    </Hsp>
  </Hit_hsps>
</Hit>
<Hit>
  <Hit_num>4</Hit_num>
  <Hit_id>gnl|BL_ORD_ID|4</Hit_id>
  <Hit_def>Q9ZQZ4_ARATH/6-74</Hit_def>
  <Hit_accession>4</Hit_accession>
  <Hit_len>69</Hit_len>
  <Hit_hsps>
    <Hsp>
      <Hsp_num>1</Hsp_num>
      <Hsp_bit-score>38.5058</Hsp_bit-score>
      <Hsp_score>88</Hsp_score>
      <Hsp_evalue>1.55473e-06</Hsp_evalue>
      <Hsp_query-from>7</Hsp_query-from>
      <Hsp_query-to>63</Hsp_query-to>
      <Hsp_hit-from>8</Hsp_hit-from>
      <Hsp_hit-to>64</Hsp_hit-to>
      <Hsp_query-frame>0</Hsp_query-frame>
      <Hsp_hit-frame>0</Hsp_hit-frame>
      <Hsp_identity>17</Hsp_identity>
      <Hsp_positive>30</Hsp_positive>
      <Hsp_gaps>0</Hsp_gaps>
      <Hsp_align-len>57</Hsp_align-len>
      <Hsp_qseq>WEVNVAPESTVLQFKEAINKANGIPVANQRLIYSGKILKDDQTVESYHIQDGHSVHL</Hsp_qseq>
      <Hsp_hseq>FSIDIGLQDTVLTFKRKIEMTQRIPVSRQTIFFQGKLLEDHLDIFEWDILQNPLLHL</Hsp_hseq>
      <Hsp_midline>+ +++  + TVL FK  I     IPV+ Q + + GK+L+D   +  + I     +HL</Hsp_midline>
    </Hsp>
  </Hit_hsps>
</Hit>
<Hit>
  <Hit_num>5</Hit_num>
  <Hit_id>gnl|BL_ORD_ID|1</Hit_id>
  <Hit_def>SF3A1_HUMAN_2/712-788</Hit_def>
  <Hit_accession>1</Hit_accession>
  <Hit_len>89</Hit_len>
  <Hit_hsps>
    <Hsp>
      <Hsp_num>1</Hsp_num>
      <Hsp_bit-score>37.3502</Hsp_bit-score>
      <Hsp_score>85</Hsp_score>
      <Hsp_evalue>5.11411e-06</Hsp_evalue>
      <Hsp_query-from>20</Hsp_query-from>
      <Hsp_query-to>68</Hsp_query-to>
      <Hsp_hit-from>29</Hsp_hit-from>
      <Hsp_hit-to>78</Hsp_hit-to>
      <Hsp_query-frame>0</Hsp_query-frame>
      <Hsp_hit-frame>0</Hsp_hit-frame>
      <Hsp_identity>17</Hsp_identity>
      <Hsp_positive>30</Hsp_positive>
      <Hsp_gaps>1</Hsp_gaps>
      <Hsp_align-len>50</Hsp_align-len>
      <Hsp_qseq>FKEAINKANGIPVANQRLIYSGKILKDDQTVESYHIQDGHSVHL-VKSQP</Hsp_qseq>
      <Hsp_hseq>IKVKIHEATGMPAGKQKLQYEGIFIKDSNSLAYYNMANGAVIHLALKERP</Hsp_hseq>
      <Hsp_midline> K  I++A G+P   Q+L Y G  +KD  ++  Y++ +G  +HL +K +P</Hsp_midline>
    </Hsp>
  </Hit_hsps>
</Hit>
<Hit>
  <Hit_num>6</Hit_num>
  <Hit_id>gnl|BL_ORD_ID|0</Hit_id>
  <Hit_def>SF3A1_HUMAN/712-788</Hit_def>
  <Hit_accession>0</Hit_accession>
  <Hit_len>77</Hit_len>
  <Hit_hsps>
    <Hsp>
      <Hsp_num>1</Hsp_num>
      <Hsp_bit-score>36.1946</Hsp_bit-score>
      <Hsp_score>82</Hsp_score>
      <Hsp_evalue>1.03213e-05</Hsp_evalue>
      <Hsp_query-from>20</Hsp_query-from>
      <Hsp_query-to>63</Hsp_query-to>
      <Hsp_hit-from>29</Hsp_hit-from>
      <Hsp_hit-to>72</Hsp_hit-to>
      <Hsp_query-frame>0</Hsp_query-frame>
      <Hsp_hit-frame>0</Hsp_hit-frame>
      <Hsp_identity>15</Hsp_identity>
      <Hsp_positive>26</Hsp_positive>
      <Hsp_gaps>0</Hsp_gaps>
      <Hsp_align-len>44</Hsp_align-len>
      <Hsp_qseq>FKEAINKANGIPVANQRLIYSGKILKDDQTVESYHIQDGHSVHL</Hsp_qseq>
      <Hsp_hseq>IKVKIHEATGMPAGKQKLQYEGIFIKDSNSLAYYNMANGAVIHL</Hsp_hseq>
      <Hsp_midline> K  I++A G+P   Q+L Y G  +KD  ++  Y++ +G  +HL</Hsp_midline>
    </Hsp>
  </Hit_hsps>
</Hit>
<Hit>
  <Hit_num>7</Hit_num>
  <Hit_id>gnl|BL_ORD_ID|3</Hit_id>
  <Hit_def>OASL_HUMAN/439-506</Hit_def>
  <Hit_accession>3</Hit_accession>
  <Hit_len>68</Hit_len>
  <Hit_hsps>
    <Hsp>
      <Hsp_num>1</Hsp_num>
      <Hsp_bit-score>35.8094</Hsp_bit-score>
      <Hsp_score>81</Hsp_score>
      <Hsp_evalue>1.23481e-05</Hsp_evalue>
      <Hsp_query-from>11</Hsp_query-from>
      <Hsp_query-to>65</Hsp_query-to>
      <Hsp_hit-from>12</Hsp_hit-from>
      <Hsp_hit-to>66</Hsp_hit-to>
      <Hsp_query-frame>0</Hsp_query-frame>
      <Hsp_hit-frame>0</Hsp_hit-frame>
      <Hsp_identity>18</Hsp_identity>
      <Hsp_positive>30</Hsp_positive>
      <Hsp_gaps>0</Hsp_gaps>
      <Hsp_align-len>55</Hsp_align-len>
      <Hsp_qseq>VAPESTVLQFKEAINKANGIPVANQRLIYSGKILKDDQTVESYHIQDGHSVHLVK</Hsp_qseq>
      <Hsp_hseq>INPNSFILGLKQQIEDQQGLPKKQQQLEFQGQVLQDWLGLGIYGIQDSDTLILSK</Hsp_hseq>
      <Hsp_midline>+ P S +L  K+ I    G+P   Q+L + G++L+D   +  Y IQD  ++ L K</Hsp_midline>
    </Hsp>
  </Hit_hsps>
</Hit>
</Iteration_hits>
  <Iteration_stat>
    <Statistics>
      <Statistics_db-num>18</Statistics_db-num>
      <Statistics_db-len>3291</Statistics_db-len>
      <Statistics_hsp-len>43</Statistics_hsp-len>
      <Statistics_eff-space>24980650</Statistics_eff-space>
      <Statistics_kappa>0.041</Statistics_kappa>
      <Statistics_lambda>0.267</Statistics_lambda>
      <Statistics_entropy>0.14</Statistics_entropy>
    </Statistics>
  </Iteration_stat>
</Iteration>
<Iteration>
  <Iteration_iter-num>8</Iteration_iter-num>
  <Iteration_query-ID>Query_8</Iteration_query-ID>
  <Iteration_query-def>PPCT_BOVIN/10-213</Iteration_query-def>
  <Iteration_query-len>204</Iteration_query-len>
<Iteration_hits>
<Hit>
  <Hit_num>1</Hit_num>
  <Hit_id>gnl|BL_ORD_ID|7</Hit_id>
  <Hit_def>PPCT_BOVIN/10-213</Hit_def>
  <Hit_accession>7</Hit_accession>
  <Hit_len>204</Hit_len>
  <Hit_hsps>
    <Hsp>
      <Hsp_num>1</Hsp_num>
      <Hsp_bit-score>424.476</Hsp_bit-score>
      <Hsp_score>1090</Hsp_score>
      <Hsp_evalue>3.40194e-153</Hsp_evalue>
      <Hsp_query-from>1</Hsp_query-from>
      <Hsp_query-to>204</Hsp_query-to>
      <Hsp_hit-from>1</Hsp_hit-from>
      <Hsp_hit-to>204</Hsp_hit-to>
      <Hsp_query-frame>0</Hsp_query-frame>
      <Hsp_hit-frame>0</Hsp_hit-frame>
      <Hsp_identity>204</Hsp_identity>
      <Hsp_positive>204</Hsp_positive>
      <Hsp_gaps>0</Hsp_gaps>
      <Hsp_align-len>204</Hsp_align-len>
      <Hsp_qseq>EEQFREACAELQRPALSGAAWELLVETQGISVYRLLDQQTGLYAYKVFGVLEDCLPDLLADVYMDLAYRKQWDQYVKELYEKECSGETVVYWQVKYPFPMSNRDYVYVRQRQELDFEGQKVHVILAQSTSEPQFPEKSGVIRVKHYKQRLAIQSDGKRGSKVFMYYFDNPGGQIPSWVINWAAKNGVPNFLKDMVKACQNYKKT</Hsp_qseq>
      <Hsp_hseq>EEQFREACAELQRPALSGAAWELLVETQGISVYRLLDQQTGLYAYKVFGVLEDCLPDLLADVYMDLAYRKQWDQYVKELYEKECSGETVVYWQVKYPFPMSNRDYVYVRQRQELDFEGQKVHVILAQSTSEPQFPEKSGVIRVKHYKQRLAIQSDGKRGSKVFMYYFDNPGGQIPSWVINWAAKNGVPNFLKDMVKACQNYKKT</Hsp_hseq>
      <Hsp_midline>EEQFREACAELQRPALSGAAWELLVETQGISVYRLLDQQTGLYAYKVFGVLEDCLPDLLADVYMDLAYRKQWDQYVKELYEKECSGETVVYWQVKYPFPMSNRDYVYVRQRQELDFEGQKVHVILAQSTSEPQFPEKSGVIRVKHYKQRLAIQSDGKRGSKVFMYYFDNPGGQIPSWVINWAAKNGVPNFLKDMVKACQNYKKT</Hsp_midline>
    </Hsp>
  </Hit_hsps>
</Hit>
<Hit>
  <Hit_num>2</Hit_num>
  <Hit_id>gnl|BL_ORD_ID|8</Hit_id>
  <Hit_def>Q93569_CAEEL/344-568</Hit_def>
  <Hit_accession>8</Hit_accession>
  <Hit_len>225</Hit_len>
  <Hit_hsps>
    <Hsp>
      <Hsp_num>1</Hsp_num>
      <Hsp_bit-score>26.9498</Hsp_bit-score>
      <Hsp_score>58</Hsp_score>
      <Hsp_evalue>0.719764</Hsp_evalue>
      <Hsp_query-from>15</Hsp_query-from>
      <Hsp_query-to>192</Hsp_query-to>
      <Hsp_hit-from>12</Hsp_hit-from>
      <Hsp_hit-to>213</Hsp_hit-to>
      <Hsp_query-frame>0</Hsp_query-frame>
      <Hsp_hit-frame>0</Hsp_hit-frame>
      <Hsp_identity>38</Hsp_identity>
      <Hsp_positive>80</Hsp_positive>
      <Hsp_gaps>30</Hsp_gaps>
      <Hsp_align-len>205</Hsp_align-len>
      <Hsp_qseq>ALSGA---AWELLVETQGISVY-RLLDQQTGLYA--YKVFGVLEDCLPDLLADVYMDLAYRKQWDQYVKEL--YEKECSGETVVYWQVKYPFPMSNRDYVYVRQRQELDFE----GQKVHVILAQSTSEPQFP-EKSGVIRV--------------KHYKQRLAIQSDGKRGSKVFMYYFDNPGGQIPSWVINWAAKNGVPNFLK</Hsp_qseq>
      <Hsp_hseq>ALAGAEDNVWSLFAEDGPMRMYTRQIEDEGGVPVDPLKAIHAVDGVTALEFMHYFYDARYKMQWDHTLEAMSVVEHISPDSVVLHQKHKTVWPAAPRESLFVSHIRRVDEHKRDGAHDLYIVCNRDIQRADVPLGSSSSVRVGLTVSMICETTVKDPHIDRKLT--RDDVKCNIIYVSQV-HPGGWVPTAALRHVYKKEYPKFLR</Hsp_hseq>
      <Hsp_midline>AL+GA    W L  E   + +Y R ++ + G+     K    ++          + D  Y+ QWD  ++ +   E       V++ + K  +P + R+ ++V   + +D         ++++  +       P   S  +RV               H  ++L    D  + + +++    +PGG +P+  +    K   P FL+</Hsp_midline>
    </Hsp>
  </Hit_hsps>
</Hit>
</Iteration_hits>
  <Iteration_stat>
    <Statistics>
      <Statistics_db-num>18</Statistics_db-num>
      <Statistics_db-len>3291</Statistics_db-len>
      <Statistics_hsp-len>79</Statistics_hsp-len>
      <Statistics_eff-space>124822250</Statistics_eff-space>
      <Statistics_kappa>0.041</Statistics_kappa>
      <Statistics_lambda>0.267</Statistics_lambda>
      <Statistics_entropy>0.14</Statistics_entropy>
    </Statistics>
  </Iteration_stat>
</Iteration>
<Iteration>
  <Iteration_iter-num>9</Iteration_iter-num>
  <Iteration_query-ID>Query_9</Iteration_query-ID>
  <Iteration_query-def>Q93569_CAEEL/344-568</Iteration_query-def>
  <Iteration_query-len>225</Iteration_query-len>
<Iteration_hits>
<Hit>
  <Hit_num>1</Hit_num>
  <Hit_id>gnl|BL_ORD_ID|8</Hit_id>
  <Hit_def>Q93569_CAEEL/344-568</Hit_def>
  <Hit_accession>8</Hit_accession>
  <Hit_len>225</Hit_len>
  <Hit_hsps>
    <Hsp>
      <Hsp_num>1</Hsp_num>
      <Hsp_bit-score>469.159</Hsp_bit-score>
      <Hsp_score>1206</Hsp_score>
      <Hsp_evalue>3.11755e-170</Hsp_evalue>
      <Hsp_query-from>1</Hsp_query-from>
      <Hsp_query-to>225</Hsp_query-to>
      <Hsp_hit-from>1</Hsp_hit-from>
      <Hsp_hit-to>225</Hsp_hit-to>
      <Hsp_query-frame>0</Hsp_query-frame>
      <Hsp_hit-frame>0</Hsp_hit-frame>
      <Hsp_identity>225</Hsp_identity>
      <Hsp_positive>225</Hsp_positive>
      <Hsp_gaps>0</Hsp_gaps>
      <Hsp_align-len>225</Hsp_align-len>
      <Hsp_qseq>IDKLALEQLKYALAGAEDNVWSLFAEDGPMRMYTRQIEDEGGVPVDPLKAIHAVDGVTALEFMHYFYDARYKMQWDHTLEAMSVVEHISPDSVVLHQKHKTVWPAAPRESLFVSHIRRVDEHKRDGAHDLYIVCNRDIQRADVPLGSSSSVRVGLTVSMICETTVKDPHIDRKLTRDDVKCNIIYVSQVHPGGWVPTAALRHVYKKEYPKFLRTFTEFVKKNVKG</Hsp_qseq>
      <Hsp_hseq>IDKLALEQLKYALAGAEDNVWSLFAEDGPMRMYTRQIEDEGGVPVDPLKAIHAVDGVTALEFMHYFYDARYKMQWDHTLEAMSVVEHISPDSVVLHQKHKTVWPAAPRESLFVSHIRRVDEHKRDGAHDLYIVCNRDIQRADVPLGSSSSVRVGLTVSMICETTVKDPHIDRKLTRDDVKCNIIYVSQVHPGGWVPTAALRHVYKKEYPKFLRTFTEFVKKNVKG</Hsp_hseq>
      <Hsp_midline>IDKLALEQLKYALAGAEDNVWSLFAEDGPMRMYTRQIEDEGGVPVDPLKAIHAVDGVTALEFMHYFYDARYKMQWDHTLEAMSVVEHISPDSVVLHQKHKTVWPAAPRESLFVSHIRRVDEHKRDGAHDLYIVCNRDIQRADVPLGSSSSVRVGLTVSMICETTVKDPHIDRKLTRDDVKCNIIYVSQVHPGGWVPTAALRHVYKKEYPKFLRTFTEFVKKNVKG</Hsp_midline>
    </Hsp>
  </Hit_hsps>
</Hit>
<Hit>
  <Hit_num>2</Hit_num>
  <Hit_id>gnl|BL_ORD_ID|7</Hit_id>
  <Hit_def>PPCT_BOVIN/10-213</Hit_def>
  <Hit_accession>7</Hit_accession>
  <Hit_len>204</Hit_len>
  <Hit_hsps>
    <Hsp>
      <Hsp_num>1</Hsp_num>
      <Hsp_bit-score>26.9498</Hsp_bit-score>
      <Hsp_score>58</Hsp_score>
      <Hsp_evalue>0.793857</Hsp_evalue>
      <Hsp_query-from>12</Hsp_query-from>
      <Hsp_query-to>213</Hsp_query-to>
      <Hsp_hit-from>15</Hsp_hit-from>
      <Hsp_hit-to>192</Hsp_hit-to>
      <Hsp_query-frame>0</Hsp_query-frame>
      <Hsp_hit-frame>0</Hsp_hit-frame>
      <Hsp_identity>38</Hsp_identity>
      <Hsp_positive>80</Hsp_positive>
      <Hsp_gaps>30</Hsp_gaps>
      <Hsp_align-len>205</Hsp_align-len>
      <Hsp_qseq>ALAGAEDNVWSLFAEDGPMRMYTRQIEDEGGVPVDPLKAIHAVDGVTALEFMHYFYDARYKMQWDHTLEAMSVVEHISPDSVVLHQKHKTVWPAAPRESLFVSHIRRVDEHKRDGAHDLYIVCNRDIQRADVPLGSSSSVRVGLTVSMICETTVKDPHIDRKLT--RDDVKCNIIYVSQV-HPGGWVPTAALRHVYKKEYPKFLR</Hsp_qseq>
      <Hsp_hseq>ALSGA---AWELLVETQGISVY-RLLDQQTGLYA--YKVFGVLEDCLPDLLADVYMDLAYRKQWDQYVKEL--YEKECSGETVVYWQVKYPFPMSNRDYVYVRQRQELDFE----GQKVHVILAQSTSEPQFP-EKSGVIRV--------------KHYKQRLAIQSDGKRGSKVFMYYFDNPGGQIPSWVINWAAKNGVPNFLK</Hsp_hseq>
      <Hsp_midline>AL+GA    W L  E   + +Y R ++ + G+     K    ++          + D  Y+ QWD  ++ +   E       V++ + K  +P + R+ ++V   + +D         ++++  +       P   S  +RV               H  ++L    D  + + +++    +PGG +P+  +    K   P FL+</Hsp_midline>
    </Hsp>
  </Hit_hsps>
</Hit>
</Iteration_hits>
  <Iteration_stat>
    <Statistics>
      <Statistics_db-num>18</Statistics_db-num>
      <Statistics_db-len>3291</Statistics_db-len>
      <Statistics_hsp-len>80</Statistics_hsp-len>
      <Statistics_eff-space>144791200</Statistics_eff-space>
      <Statistics_kappa>0.041</Statistics_kappa>
      <Statistics_lambda>0.267</Statistics_lambda>
      <Statistics_entropy>0.14</Statistics_entropy>
    </Statistics>
  </Iteration_stat>
</Iteration>
<Iteration>
  <Iteration_iter-num>10</Iteration_iter-num>
  <Iteration_query-ID>Query_10</Iteration_query-ID>
  <Iteration_query-def>ATB14_ARATH/173-383</Iteration_query-def>
  <Iteration_query-len>211</Iteration_query-len>
<Iteration_hits>
<Hit>
  <Hit_num>1</Hit_num>
  <Hit_id>gnl|BL_ORD_ID|9</Hit_id>
  <Hit_def>ATB14_ARATH/173-383</Hit_def>
  <Hit_accession>9</Hit_accession>
  <Hit_len>211</Hit_len>
  <Hit_hsps>
    <Hsp>
      <Hsp_num>1</Hsp_num>
      <Hsp_bit-score>433.335</Hsp_bit-score>
      <Hsp_score>1113</Hsp_score>
      <Hsp_evalue>1.67207e-156</Hsp_evalue>
      <Hsp_query-from>1</Hsp_query-from>
      <Hsp_query-to>211</Hsp_query-to>
      <Hsp_hit-from>1</Hsp_hit-from>
      <Hsp_hit-to>211</Hsp_hit-to>
      <Hsp_query-frame>0</Hsp_query-frame>
      <Hsp_hit-frame>0</Hsp_hit-frame>
      <Hsp_identity>211</Hsp_identity>
      <Hsp_positive>211</Hsp_positive>
      <Hsp_gaps>0</Hsp_gaps>
      <Hsp_align-len>211</Hsp_align-len>
      <Hsp_qseq>SIAEEALAEFLSKATGTAVDWVQMIGMKPGPDSIGIVAISRNCSGIAARACGLVSLEPMKVAEILKDRPSWLRDCRSVDTLSVIPAGNGGTIELIYTQMYAPTTLAAARDFWTLRYSTCLEDGSYVVCERSLTSATGGPTGPPSSNFVRAEMKPSGFLIRPCDGGGSILHIVDHVDLDAWSVPEVMRPLYESSKILAQKMTVAALRHVRQI</Hsp_qseq>
      <Hsp_hseq>SIAEEALAEFLSKATGTAVDWVQMIGMKPGPDSIGIVAISRNCSGIAARACGLVSLEPMKVAEILKDRPSWLRDCRSVDTLSVIPAGNGGTIELIYTQMYAPTTLAAARDFWTLRYSTCLEDGSYVVCERSLTSATGGPTGPPSSNFVRAEMKPSGFLIRPCDGGGSILHIVDHVDLDAWSVPEVMRPLYESSKILAQKMTVAALRHVRQI</Hsp_hseq>
      <Hsp_midline>SIAEEALAEFLSKATGTAVDWVQMIGMKPGPDSIGIVAISRNCSGIAARACGLVSLEPMKVAEILKDRPSWLRDCRSVDTLSVIPAGNGGTIELIYTQMYAPTTLAAARDFWTLRYSTCLEDGSYVVCERSLTSATGGPTGPPSSNFVRAEMKPSGFLIRPCDGGGSILHIVDHVDLDAWSVPEVMRPLYESSKILAQKMTVAALRHVRQI</Hsp_midline>
    </Hsp>
  </Hit_hsps>
</Hit>
<Hit>
  <Hit_num>2</Hit_num>
  <Hit_id>gnl|BL_ORD_ID|10</Hit_id>
  <Hit_def>ATHB8_ARATH/159-369</Hit_def>
  <Hit_accession>10</Hit_accession>
  <Hit_len>211</Hit_len>
  <Hit_hsps>
    <Hsp>
      <Hsp_num>1</Hsp_num>
      <Hsp_bit-score>328.561</Hsp_bit-score>
      <Hsp_score>841</Hsp_score>
      <Hsp_evalue>2.99192e-115</Hsp_evalue>
      <Hsp_query-from>1</Hsp_query-from>
      <Hsp_query-to>211</Hsp_query-to>
      <Hsp_hit-from>1</Hsp_hit-from>
      <Hsp_hit-to>211</Hsp_hit-to>
      <Hsp_query-frame>0</Hsp_query-frame>
      <Hsp_hit-frame>0</Hsp_hit-frame>
      <Hsp_identity>152</Hsp_identity>
      <Hsp_positive>182</Hsp_positive>
      <Hsp_gaps>0</Hsp_gaps>
      <Hsp_align-len>211</Hsp_align-len>
      <Hsp_qseq>SIAEEALAEFLSKATGTAVDWVQMIGMKPGPDSIGIVAISRNCSGIAARACGLVSLEPMKVAEILKDRPSWLRDCRSVDTLSVIPAGNGGTIELIYTQMYAPTTLAAARDFWTLRYSTCLEDGSYVVCERSLTSATGGPTGPPSSNFVRAEMKPSGFLIRPCDGGGSILHIVDHVDLDAWSVPEVMRPLYESSKILAQKMTVAALRHVRQI</Hsp_qseq>
      <Hsp_hseq>SIADETLTEFISKATGTAVEWVQMPGMKPGPDSIGIVAISHGCTGIAARACGLVGLDPTRVAEILKDKPCWLRDCRSLDIVNVLSTANGGTLELIYMQLYAPTTLAPARDFWMLRYTSVMEDGSLVICERSLNNTQNGPSMPPSPHFVRAEILPSGYLIRPCEGGGSILHIVDHFDLEPWSVPEVLRSLYESSTLLAQRTTMAALRYLRQI</Hsp_hseq>
      <Hsp_midline>SIA+E L EF+SKATGTAV+WVQM GMKPGPDSIGIVAIS  C+GIAARACGLV L+P +VAEILKD+P WLRDCRS+D ++V+   NGGT+ELIY Q+YAPTTLA ARDFW LRY++ +EDGS V+CERSL +   GP+ PPS +FVRAE+ PSG+LIRPC+GGGSILHIVDH DL+ WSVPEV+R LYESS +LAQ+ T+AALR++RQI</Hsp_midline>
    </Hsp>
  </Hit_hsps>
</Hit>
<Hit>
  <Hit_num>3</Hit_num>
  <Hit_id>gnl|BL_ORD_ID|11</Hit_id>
  <Hit_def>HGL2_ARATH/259-486</Hit_def>
  <Hit_accession>11</Hit_accession>
  <Hit_len>228</Hit_len>
  <Hit_hsps>
    <Hsp>
      <Hsp_num>1</Hsp_num>
      <Hsp_bit-score>44.669</Hsp_bit-score>
      <Hsp_score>104</Hsp_score>
      <Hsp_evalue>8.62626e-07</Hsp_evalue>
      <Hsp_query-from>47</Hsp_query-from>
      <Hsp_query-to>206</Hsp_query-to>
      <Hsp_hit-from>57</Hsp_hit-from>
      <Hsp_hit-to>223</Hsp_hit-to>
      <Hsp_query-frame>0</Hsp_query-frame>
      <Hsp_hit-frame>0</Hsp_hit-frame>
      <Hsp_identity>39</Hsp_identity>
      <Hsp_positive>71</Hsp_positive>
      <Hsp_gaps>11</Hsp_gaps>
      <Hsp_align-len>169</Hsp_align-len>
      <Hsp_qseq>AARACGLVSLEPMKVAEILKDRPSWLRD----CRSVDTLSVIPAGNG-----GTIELIYTQMYAPTTLAAARDFWTLRYSTCLEDGSYVVCERSLTSATGGPTGPPSSNFVRAEMKPSGFLIRPCDGGGSILHIVDHVDLDAWSVPEVMRPLYESSKILAQKMTVAALR</Hsp_qseq>
      <Hsp_hseq>ASRDAGIVFMDAHKLAQSFMDVGQWKETFACLISKAATVDVIRQGEGPSRIDGAIQLMFGEMQLLTPVVPTREVYFVRSCRQLSPEKWAIVDVSVSVEDSNTEKEAS--LLKCRKLPSGCIIEDTSNGHSKVTWVEHLDVSASTVQPLFRSLVNTGLAFGARHWVATLQ</Hsp_hseq>
      <Hsp_midline>A+R  G+V ++  K+A+   D   W            T+ VI  G G     G I+L++ +M   T +   R+ + +R    L    + + + S++          S   ++    PSG +I     G S +  V+H+D+ A +V  + R L  +      +  VA L+</Hsp_midline>
    </Hsp>
  </Hit_hsps>
</Hit>
</Iteration_hits>
  <Iteration_stat>
    <Statistics>
      <Statistics_db-num>18</Statistics_db-num>
      <Statistics_db-len>3291</Statistics_db-len>
      <Statistics_hsp-len>80</Statistics_hsp-len>
      <Statistics_eff-space>130811360</Statistics_eff-space>
      <Statistics_kappa>0.041</Statistics_kappa>
      <Statistics_lambda>0.267</Statistics_lambda>
      <Statistics_entropy>0.14</Statistics_entropy>
    </Statistics>
  </Iteration_stat>
</Iteration>
<Iteration>
  <Iteration_iter-num>11</Iteration_iter-num>
  <Iteration_query-ID>Query_11</Iteration_query-ID>
  <Iteration_query-def>ATHB8_ARATH/159-369</Iteration_query-def>
  <Iteration_query-len>211</Iteration_query-len>
<Iteration_hits>
<Hit>
  <Hit_num>1</Hit_num>
  <Hit_id>gnl|BL_ORD_ID|10</Hit_id>
  <Hit_def>ATHB8_ARATH/159-369</Hit_def>
  <Hit_accession>10</Hit_accession>
  <Hit_len>211</Hit_len>
  <Hit_hsps>
    <Hsp>
      <Hsp_num>1</Hsp_num>
      <Hsp_bit-score>434.876</Hsp_bit-score>
      <Hsp_score>1117</Hsp_score>
      <Hsp_evalue>4.12231e-157</Hsp_evalue>
      <Hsp_query-from>1</Hsp_query-from>
      <Hsp_query-to>211</Hsp_query-to>
      <Hsp_hit-from>1</Hsp_hit-from>
      <Hsp_hit-to>211</Hsp_hit-to>
      <Hsp_query-frame>0</Hsp_query-frame>
      <Hsp_hit-frame>0</Hsp_hit-frame>
      <Hsp_identity>211</Hsp_identity>
      <Hsp_positive>211</Hsp_positive>
      <Hsp_gaps>0</Hsp_gaps>
      <Hsp_align-len>211</Hsp_align-len>
      <Hsp_qseq>SIADETLTEFISKATGTAVEWVQMPGMKPGPDSIGIVAISHGCTGIAARACGLVGLDPTRVAEILKDKPCWLRDCRSLDIVNVLSTANGGTLELIYMQLYAPTTLAPARDFWMLRYTSVMEDGSLVICERSLNNTQNGPSMPPSPHFVRAEILPSGYLIRPCEGGGSILHIVDHFDLEPWSVPEVLRSLYESSTLLAQRTTMAALRYLRQI</Hsp_qseq>
      <Hsp_hseq>SIADETLTEFISKATGTAVEWVQMPGMKPGPDSIGIVAISHGCTGIAARACGLVGLDPTRVAEILKDKPCWLRDCRSLDIVNVLSTANGGTLELIYMQLYAPTTLAPARDFWMLRYTSVMEDGSLVICERSLNNTQNGPSMPPSPHFVRAEILPSGYLIRPCEGGGSILHIVDHFDLEPWSVPEVLRSLYESSTLLAQRTTMAALRYLRQI</Hsp_hseq>
      <Hsp_midline>SIADETLTEFISKATGTAVEWVQMPGMKPGPDSIGIVAISHGCTGIAARACGLVGLDPTRVAEILKDKPCWLRDCRSLDIVNVLSTANGGTLELIYMQLYAPTTLAPARDFWMLRYTSVMEDGSLVICERSLNNTQNGPSMPPSPHFVRAEILPSGYLIRPCEGGGSILHIVDHFDLEPWSVPEVLRSLYESSTLLAQRTTMAALRYLRQI</Hsp_midline>
    </Hsp>
  </Hit_hsps>
</Hit>
<Hit>
  <Hit_num>2</Hit_num>
  <Hit_id>gnl|BL_ORD_ID|9</Hit_id>
  <Hit_def>ATB14_ARATH/173-383</Hit_def>
  <Hit_accession>9</Hit_accession>
  <Hit_len>211</Hit_len>
  <Hit_hsps>
    <Hsp>
      <Hsp_num>1</Hsp_num>
      <Hsp_bit-score>328.561</Hsp_bit-score>
      <Hsp_score>841</Hsp_score>
      <Hsp_evalue>2.99192e-115</Hsp_evalue>
      <Hsp_query-from>1</Hsp_query-from>
      <Hsp_query-to>211</Hsp_query-to>
      <Hsp_hit-from>1</Hsp_hit-from>
      <Hsp_hit-to>211</Hsp_hit-to>
      <Hsp_query-frame>0</Hsp_query-frame>
      <Hsp_hit-frame>0</Hsp_hit-frame>
      <Hsp_identity>152</Hsp_identity>
      <Hsp_positive>182</Hsp_positive>
      <Hsp_gaps>0</Hsp_gaps>
      <Hsp_align-len>211</Hsp_align-len>
      <Hsp_qseq>SIADETLTEFISKATGTAVEWVQMPGMKPGPDSIGIVAISHGCTGIAARACGLVGLDPTRVAEILKDKPCWLRDCRSLDIVNVLSTANGGTLELIYMQLYAPTTLAPARDFWMLRYTSVMEDGSLVICERSLNNTQNGPSMPPSPHFVRAEILPSGYLIRPCEGGGSILHIVDHFDLEPWSVPEVLRSLYESSTLLAQRTTMAALRYLRQI</Hsp_qseq>
      <Hsp_hseq>SIAEEALAEFLSKATGTAVDWVQMIGMKPGPDSIGIVAISRNCSGIAARACGLVSLEPMKVAEILKDRPSWLRDCRSVDTLSVIPAGNGGTIELIYTQMYAPTTLAAARDFWTLRYSTCLEDGSYVVCERSLTSATGGPTGPPSSNFVRAEMKPSGFLIRPCDGGGSILHIVDHVDLDAWSVPEVMRPLYESSKILAQKMTVAALRHVRQI</Hsp_hseq>
      <Hsp_midline>SIA+E L EF+SKATGTAV+WVQM GMKPGPDSIGIVAIS  C+GIAARACGLV L+P +VAEILKD+P WLRDCRS+D ++V+   NGGT+ELIY Q+YAPTTLA ARDFW LRY++ +EDGS V+CERSL +   GP+ PPS +FVRAE+ PSG+LIRPC+GGGSILHIVDH DL+ WSVPEV+R LYESS +LAQ+ T+AALR++RQI</Hsp_midline>
    </Hsp>
  </Hit_hsps>
</Hit>
<Hit>
  <Hit_num>3</Hit_num>
  <Hit_id>gnl|BL_ORD_ID|11</Hit_id>
  <Hit_def>HGL2_ARATH/259-486</Hit_def>
  <Hit_accession>11</Hit_accession>
  <Hit_len>228</Hit_len>
  <Hit_hsps>
    <Hsp>
      <Hsp_num>1</Hsp_num>
      <Hsp_bit-score>45.8246</Hsp_bit-score>
      <Hsp_score>107</Hsp_score>
      <Hsp_evalue>3.63443e-07</Hsp_evalue>
      <Hsp_query-from>47</Hsp_query-from>
      <Hsp_query-to>206</Hsp_query-to>
      <Hsp_hit-from>57</Hsp_hit-from>
      <Hsp_hit-to>223</Hsp_hit-to>
      <Hsp_query-frame>0</Hsp_query-frame>
      <Hsp_hit-frame>0</Hsp_hit-frame>
      <Hsp_identity>40</Hsp_identity>
      <Hsp_positive>75</Hsp_positive>
      <Hsp_gaps>19</Hsp_gaps>
      <Hsp_align-len>173</Hsp_align-len>
      <Hsp_qseq>AARACGLVGLDPTRVAEILKDKPCWLRDCRSL----DIVNVLSTANG-----GTLELIYMQLYAPTTLAPARDFWMLRYTSVMEDGSLVICERSLN----NTQNGPSMPPSPHFVRAEILPSGYLIRPCEGGGSILHIVDHFDLEPWSVPEVLRSLYESSTLLAQRTTMAALR</Hsp_qseq>
      <Hsp_hseq>ASRDAGIVFMDAHKLAQSFMDVGQWKETFACLISKAATVDVIRQGEGPSRIDGAIQLMFGEMQLLTPVVPTREVYFVRSCRQLSPEKWAIVDVSVSVEDSNTEKEASL------LKCRKLPSGCIIEDTSNGHSKVTWVEHLDVSASTVQPLFRSLVNTGLAFGARHWVATLQ</Hsp_hseq>
      <Hsp_midline>A+R  G+V +D  ++A+   D   W      L      V+V+    G     G ++L++ ++   T + P R+ + +R    +      I + S++    NT+   S+      ++   LPSG +I     G S +  V+H D+   +V  + RSL  +      R  +A L+</Hsp_midline>
    </Hsp>
  </Hit_hsps>
</Hit>
<Hit>
  <Hit_num>4</Hit_num>
  <Hit_id>gnl|BL_ORD_ID|12</Hit_id>
  <Hit_def>Q39948_HELAN/267-491</Hit_def>
  <Hit_accession>12</Hit_accession>
  <Hit_len>225</Hit_len>
  <Hit_hsps>
    <Hsp>
      <Hsp_num>1</Hsp_num>
      <Hsp_bit-score>44.669</Hsp_bit-score>
      <Hsp_score>104</Hsp_score>
      <Hsp_evalue>8.3348e-07</Hsp_evalue>
      <Hsp_query-from>47</Hsp_query-from>
      <Hsp_query-to>206</Hsp_query-to>
      <Hsp_hit-from>57</Hsp_hit-from>
      <Hsp_hit-to>220</Hsp_hit-to>
      <Hsp_query-frame>0</Hsp_query-frame>
      <Hsp_hit-frame>0</Hsp_hit-frame>
      <Hsp_identity>37</Hsp_identity>
      <Hsp_positive>70</Hsp_positive>
      <Hsp_gaps>12</Hsp_gaps>
      <Hsp_align-len>168</Hsp_align-len>
      <Hsp_qseq>AARACGLVGLD-PTRVAEILKDK------PCWLRDCRSLDIV-NVLSTANGGTLELIYMQLYAPTTLAPARDFWMLRYTSVMEDGSLVICERSLNNTQNGPSMPPSPHFVRAEILPSGYLIRPCEGGGSILHIVDHFDLEPWSVPEVLRSLYESSTLLAQRTTMAALR</Hsp_qseq>
      <Hsp_hseq>ASRDSGVVFVDLPQLVRSFMDVKEFKEMFPCMISKAATLDVICNGEGPNRKGAVQLMFAELQMLTPLVATREVYFVRYSKQLTAEKWAIVDVSIDNVEKNID----ASLARCRKRPSGCIIEDKSNGHCKVTWIEHWECQKSVSHSMFRAIINSGLAFGARNWMATLQ</Hsp_hseq>
      <Hsp_midline>A+R  G+V +D P  V   +  K      PC +    +LD++ N       G ++L++ +L   T L   R+ + +RY+  +      I + S++N +            R    PSG +I     G   +  ++H++ +      + R++  S      R  MA L+</Hsp_midline>
    </Hsp>
  </Hit_hsps>
</Hit>
</Iteration_hits>
  <Iteration_stat>
    <Statistics>
      <Statistics_db-num>18</Statistics_db-num>
      <Statistics_db-len>3291</Statistics_db-len>
      <Statistics_hsp-len>80</Statistics_hsp-len>
      <Statistics_eff-space>130811360</Statistics_eff-space>
      <Statistics_kappa>0.041</Statistics_kappa>
      <Statistics_lambda>0.267</Statistics_lambda>
      <Statistics_entropy>0.14</Statistics_entropy>
    </Statistics>
  </Iteration_stat>
</Iteration>
<Iteration>
  <Iteration_iter-num>12</Iteration_iter-num>
  <Iteration_query-ID>Query_12</Iteration_query-ID>
  <Iteration_query-def>HGL2_ARATH/259-486</Iteration_query-def>
  <Iteration_query-len>228</Iteration_query-len>
<Iteration_hits>
<Hit>
  <Hit_num>1</Hit_num>
  <Hit_id>gnl|BL_ORD_ID|11</Hit_id>
  <Hit_def>HGL2_ARATH/259-486</Hit_def>
  <Hit_accession>11</Hit_accession>
  <Hit_len>228</Hit_len>
  <Hit_hsps>
    <Hsp>
      <Hsp_num>1</Hsp_num>
      <Hsp_bit-score>474.937</Hsp_bit-score>
      <Hsp_score>1221</Hsp_score>
      <Hsp_evalue>1.90138e-172</Hsp_evalue>
      <Hsp_query-from>1</Hsp_query-from>
      <Hsp_query-to>228</Hsp_query-to>
      <Hsp_hit-from>1</Hsp_hit-from>
      <Hsp_hit-to>228</Hsp_hit-to>
      <Hsp_query-frame>0</Hsp_query-frame>
      <Hsp_hit-frame>0</Hsp_hit-frame>
      <Hsp_identity>228</Hsp_identity>
      <Hsp_positive>228</Hsp_positive>
      <Hsp_gaps>0</Hsp_gaps>
      <Hsp_align-len>228</Hsp_align-len>
      <Hsp_qseq>EISNRATLELQKMATSGEPMWLRSVETGREILNYDEYLKEFPQAQASSFPGRKTIEASRDAGIVFMDAHKLAQSFMDVGQWKETFACLISKAATVDVIRQGEGPSRIDGAIQLMFGEMQLLTPVVPTREVYFVRSCRQLSPEKWAIVDVSVSVEDSNTEKEASLLKCRKLPSGCIIEDTSNGHSKVTWVEHLDVSASTVQPLFRSLVNTGLAFGARHWVATLQLHCER</Hsp_qseq>
      <Hsp_hseq>EISNRATLELQKMATSGEPMWLRSVETGREILNYDEYLKEFPQAQASSFPGRKTIEASRDAGIVFMDAHKLAQSFMDVGQWKETFACLISKAATVDVIRQGEGPSRIDGAIQLMFGEMQLLTPVVPTREVYFVRSCRQLSPEKWAIVDVSVSVEDSNTEKEASLLKCRKLPSGCIIEDTSNGHSKVTWVEHLDVSASTVQPLFRSLVNTGLAFGARHWVATLQLHCER</Hsp_hseq>
      <Hsp_midline>EISNRATLELQKMATSGEPMWLRSVETGREILNYDEYLKEFPQAQASSFPGRKTIEASRDAGIVFMDAHKLAQSFMDVGQWKETFACLISKAATVDVIRQGEGPSRIDGAIQLMFGEMQLLTPVVPTREVYFVRSCRQLSPEKWAIVDVSVSVEDSNTEKEASLLKCRKLPSGCIIEDTSNGHSKVTWVEHLDVSASTVQPLFRSLVNTGLAFGARHWVATLQLHCER</Hsp_midline>
    </Hsp>
  </Hit_hsps>
</Hit>
<Hit>
  <Hit_num>2</Hit_num>
  <Hit_id>gnl|BL_ORD_ID|12</Hit_id>
  <Hit_def>Q39948_HELAN/267-491</Hit_def>
  <Hit_accession>12</Hit_accession>
  <Hit_len>225</Hit_len>
  <Hit_hsps>
    <Hsp>
      <Hsp_num>1</Hsp_num>
      <Hsp_bit-score>278.87</Hsp_bit-score>
      <Hsp_score>712</Hsp_score>
      <Hsp_evalue>2.99732e-95</Hsp_evalue>
      <Hsp_query-from>12</Hsp_query-from>
      <Hsp_query-to>228</Hsp_query-to>
      <Hsp_hit-from>12</Hsp_hit-from>
      <Hsp_hit-to>225</Hsp_hit-to>
      <Hsp_query-frame>0</Hsp_query-frame>
      <Hsp_hit-frame>0</Hsp_hit-frame>
      <Hsp_identity>130</Hsp_identity>
      <Hsp_positive>170</Hsp_positive>
      <Hsp_gaps>3</Hsp_gaps>
      <Hsp_align-len>217</Hsp_align-len>
      <Hsp_qseq>KMATSGEPMWLRSVETGREILNYDEYLKEFPQAQASSFPGRKTIEASRDAGIVFMDAHKLAQSFMDVGQWKETFACLISKAATVDVIRQGEGPSRIDGAIQLMFGEMQLLTPVVPTREVYFVRSCRQLSPEKWAIVDVSVSVEDSNTEKEASLLKCRKLPSGCIIEDTSNGHSKVTWVEHLDVSASTVQPLFRSLVNTGLAFGARHWVATLQLHCER</Hsp_qseq>
      <Hsp_hseq>QMASAGAPLWVKSLETGREILNYDEYLTKFSTVDSSNVQRLRFIEASRDSGVVFVDLPQLVRSFMDVKEFKEMFPCMISKAATLDVICNGEGPNR-KGAVQLMFAELQMLTPLVATREVYFVRYSKQLTAEKWAIVDVSIDNVEKNI--DASLARCRKRPSGCIIEDKSNGHCKVTWIEHWECQKSVSHSMFRAIINSGLAFGARNWMATLQQQCER</Hsp_hseq>
      <Hsp_midline>+MA++G P+W++S+ETGREILNYDEYL +F    +S+    + IEASRD+G+VF+D  +L +SFMDV ++KE F C+ISKAAT+DVI  GEGP+R  GA+QLMF E+Q+LTP+V TREVYFVR  +QL+ EKWAIVDVS+   + N   +ASL +CRK PSGCIIED SNGH KVTW+EH +   S    +FR+++N+GLAFGAR+W+ATLQ  CER</Hsp_midline>
    </Hsp>
  </Hit_hsps>
</Hit>
<Hit>
  <Hit_num>3</Hit_num>
  <Hit_id>gnl|BL_ORD_ID|10</Hit_id>
  <Hit_def>ATHB8_ARATH/159-369</Hit_def>
  <Hit_accession>10</Hit_accession>
  <Hit_len>211</Hit_len>
  <Hit_hsps>
    <Hsp>
      <Hsp_num>1</Hsp_num>
      <Hsp_bit-score>45.8246</Hsp_bit-score>
      <Hsp_score>107</Hsp_score>
      <Hsp_evalue>3.92725e-07</Hsp_evalue>
      <Hsp_query-from>57</Hsp_query-from>
      <Hsp_query-to>223</Hsp_query-to>
      <Hsp_hit-from>47</Hsp_hit-from>
      <Hsp_hit-to>206</Hsp_hit-to>
      <Hsp_query-frame>0</Hsp_query-frame>
      <Hsp_hit-frame>0</Hsp_hit-frame>
      <Hsp_identity>40</Hsp_identity>
      <Hsp_positive>75</Hsp_positive>
      <Hsp_gaps>19</Hsp_gaps>
      <Hsp_align-len>173</Hsp_align-len>
      <Hsp_qseq>ASRDAGIVFMDAHKLAQSFMDVGQWKETFACLISKAATVDVIRQGEGPSRIDGAIQLMFGEMQLLTPVVPTREVYFVRSCRQLSPEKWAIVDVSVSVEDSNTEKEASL------LKCRKLPSGCIIEDTSNGHSKVTWVEHLDVSASTVQPLFRSLVNTGLAFGARHWVATLQ</Hsp_qseq>
      <Hsp_hseq>AARACGLVGLDPTRVAEILKDKPCWLRDCRSL----DIVNVLSTANG-----GTLELIYMQLYAPTTLAPARDFWMLRYTSVMEDGSLVICERSLN----NTQNGPSMPPSPHFVRAEILPSGYLIRPCEGGGSILHIVDHFDLEPWSVPEVLRSLYESSTLLAQRTTMAALR</Hsp_hseq>
      <Hsp_midline>A+R  G+V +D  ++A+   D   W      L      V+V+    G     G ++L++ ++   T + P R+ + +R    +      I + S++    NT+   S+      ++   LPSG +I     G S +  V+H D+   +V  + RSL  +      R  +A L+</Hsp_midline>
    </Hsp>
  </Hit_hsps>
</Hit>
<Hit>
  <Hit_num>4</Hit_num>
  <Hit_id>gnl|BL_ORD_ID|9</Hit_id>
  <Hit_def>ATB14_ARATH/173-383</Hit_def>
  <Hit_accession>9</Hit_accession>
  <Hit_len>211</Hit_len>
  <Hit_hsps>
    <Hsp>
      <Hsp_num>1</Hsp_num>
      <Hsp_bit-score>44.669</Hsp_bit-score>
      <Hsp_score>104</Hsp_score>
      <Hsp_evalue>9.32127e-07</Hsp_evalue>
      <Hsp_query-from>57</Hsp_query-from>
      <Hsp_query-to>223</Hsp_query-to>
      <Hsp_hit-from>47</Hsp_hit-from>
      <Hsp_hit-to>206</Hsp_hit-to>
      <Hsp_query-frame>0</Hsp_query-frame>
      <Hsp_hit-frame>0</Hsp_hit-frame>
      <Hsp_identity>39</Hsp_identity>
      <Hsp_positive>71</Hsp_positive>
      <Hsp_gaps>11</Hsp_gaps>
      <Hsp_align-len>169</Hsp_align-len>
      <Hsp_qseq>ASRDAGIVFMDAHKLAQSFMDVGQWKETFACLISKAATVDVIRQGEGPSRIDGAIQLMFGEMQLLTPVVPTREVYFVRSCRQLSPEKWAIVDVSVSVEDSNTEKEAS--LLKCRKLPSGCIIEDTSNGHSKVTWVEHLDVSASTVQPLFRSLVNTGLAFGARHWVATLQ</Hsp_qseq>
      <Hsp_hseq>AARACGLVSLEPMKVAEILKDRPSWLRD----CRSVDTLSVIPAGNG-----GTIELIYTQMYAPTTLAAARDFWTLRYSTCLEDGSYVVCERSLTSATGGPTGPPSSNFVRAEMKPSGFLIRPCDGGGSILHIVDHVDLDAWSVPEVMRPLYESSKILAQKMTVAALR</Hsp_hseq>
      <Hsp_midline>A+R  G+V ++  K+A+   D   W            T+ VI  G G     G I+L++ +M   T +   R+ + +R    L    + + + S++          S   ++    PSG +I     G S +  V+H+D+ A +V  + R L  +      +  VA L+</Hsp_midline>
    </Hsp>
  </Hit_hsps>
</Hit>
</Iteration_hits>
  <Iteration_stat>
    <Statistics>
      <Statistics_db-num>18</Statistics_db-num>
      <Statistics_db-len>3291</Statistics_db-len>
      <Statistics_hsp-len>81</Statistics_hsp-len>
      <Statistics_eff-space>146785674</Statistics_eff-space>
      <Statistics_kappa>0.041</Statistics_kappa>
      <Statistics_lambda>0.267</Statistics_lambda>
      <Statistics_entropy>0.14</Statistics_entropy>
    </Statistics>
  </Iteration_stat>
</Iteration>
<Iteration>
  <Iteration_iter-num>13</Iteration_iter-num>
  <Iteration_query-ID>Query_13</Iteration_query-ID>
  <Iteration_query-def>Q39948_HELAN/267-491</Iteration_query-def>
  <Iteration_query-len>225</Iteration_query-len>
<Iteration_hits>
<Hit>
  <Hit_num>1</Hit_num>
  <Hit_id>gnl|BL_ORD_ID|12</Hit_id>
  <Hit_def>Q39948_HELAN/267-491</Hit_def>
  <Hit_accession>12</Hit_accession>
  <Hit_len>225</Hit_len>
  <Hit_hsps>
    <Hsp>
      <Hsp_num>1</Hsp_num>
      <Hsp_bit-score>471.085</Hsp_bit-score>
      <Hsp_score>1211</Hsp_score>
      <Hsp_evalue>6.88683e-171</Hsp_evalue>
      <Hsp_query-from>1</Hsp_query-from>
      <Hsp_query-to>225</Hsp_query-to>
      <Hsp_hit-from>1</Hsp_hit-from>
      <Hsp_hit-to>225</Hsp_hit-to>
      <Hsp_query-frame>0</Hsp_query-frame>
      <Hsp_hit-frame>0</Hsp_hit-frame>
      <Hsp_identity>225</Hsp_identity>
      <Hsp_positive>225</Hsp_positive>
      <Hsp_gaps>0</Hsp_gaps>
      <Hsp_align-len>225</Hsp_align-len>
      <Hsp_qseq>GCRSGLWKSFVQMASAGAPLWVKSLETGREILNYDEYLTKFSTVDSSNVQRLRFIEASRDSGVVFVDLPQLVRSFMDVKEFKEMFPCMISKAATLDVICNGEGPNRKGAVQLMFAELQMLTPLVATREVYFVRYSKQLTAEKWAIVDVSIDNVEKNIDASLARCRKRPSGCIIEDKSNGHCKVTWIEHWECQKSVSHSMFRAIINSGLAFGARNWMATLQQQCER</Hsp_qseq>
      <Hsp_hseq>GCRSGLWKSFVQMASAGAPLWVKSLETGREILNYDEYLTKFSTVDSSNVQRLRFIEASRDSGVVFVDLPQLVRSFMDVKEFKEMFPCMISKAATLDVICNGEGPNRKGAVQLMFAELQMLTPLVATREVYFVRYSKQLTAEKWAIVDVSIDNVEKNIDASLARCRKRPSGCIIEDKSNGHCKVTWIEHWECQKSVSHSMFRAIINSGLAFGARNWMATLQQQCER</Hsp_hseq>
      <Hsp_midline>GCRSGLWKSFVQMASAGAPLWVKSLETGREILNYDEYLTKFSTVDSSNVQRLRFIEASRDSGVVFVDLPQLVRSFMDVKEFKEMFPCMISKAATLDVICNGEGPNRKGAVQLMFAELQMLTPLVATREVYFVRYSKQLTAEKWAIVDVSIDNVEKNIDASLARCRKRPSGCIIEDKSNGHCKVTWIEHWECQKSVSHSMFRAIINSGLAFGARNWMATLQQQCER</Hsp_midline>
    </Hsp>
  </Hit_hsps>
</Hit>
<Hit>
  <Hit_num>2</Hit_num>
  <Hit_id>gnl|BL_ORD_ID|11</Hit_id>
  <Hit_def>HGL2_ARATH/259-486</Hit_def>
  <Hit_accession>11</Hit_accession>
  <Hit_len>228</Hit_len>
  <Hit_hsps>
    <Hsp>
      <Hsp_num>1</Hsp_num>
      <Hsp_bit-score>278.87</Hsp_bit-score>
      <Hsp_score>712</Hsp_score>
      <Hsp_evalue>2.95788e-95</Hsp_evalue>
      <Hsp_query-from>12</Hsp_query-from>
      <Hsp_query-to>225</Hsp_query-to>
      <Hsp_hit-from>12</Hsp_hit-from>
      <Hsp_hit-to>228</Hsp_hit-to>
      <Hsp_query-frame>0</Hsp_query-frame>
      <Hsp_hit-frame>0</Hsp_hit-frame>
      <Hsp_identity>130</Hsp_identity>
      <Hsp_positive>170</Hsp_positive>
      <Hsp_gaps>3</Hsp_gaps>
      <Hsp_align-len>217</Hsp_align-len>
      <Hsp_qseq>QMASAGAPLWVKSLETGREILNYDEYLTKFSTVDSSNVQRLRFIEASRDSGVVFVDLPQLVRSFMDVKEFKEMFPCMISKAATLDVICNGEGPNR-KGAVQLMFAELQMLTPLVATREVYFVRYSKQLTAEKWAIVDVSIDNVEKNI--DASLARCRKRPSGCIIEDKSNGHCKVTWIEHWECQKSVSHSMFRAIINSGLAFGARNWMATLQQQCER</Hsp_qseq>
      <Hsp_hseq>KMATSGEPMWLRSVETGREILNYDEYLKEFPQAQASSFPGRKTIEASRDAGIVFMDAHKLAQSFMDVGQWKETFACLISKAATVDVIRQGEGPSRIDGAIQLMFGEMQLLTPVVPTREVYFVRSCRQLSPEKWAIVDVSVSVEDSNTEKEASLLKCRKLPSGCIIEDTSNGHSKVTWVEHLDVSASTVQPLFRSLVNTGLAFGARHWVATLQLHCER</Hsp_hseq>
      <Hsp_midline>+MA++G P+W++S+ETGREILNYDEYL +F    +S+    + IEASRD+G+VF+D  +L +SFMDV ++KE F C+ISKAAT+DVI  GEGP+R  GA+QLMF E+Q+LTP+V TREVYFVR  +QL+ EKWAIVDVS+   + N   +ASL +CRK PSGCIIED SNGH KVTW+EH +   S    +FR+++N+GLAFGAR+W+ATLQ  CER</Hsp_midline>
    </Hsp>
  </Hit_hsps>
</Hit>
<Hit>
  <Hit_num>3</Hit_num>
  <Hit_id>gnl|BL_ORD_ID|10</Hit_id>
  <Hit_def>ATHB8_ARATH/159-369</Hit_def>
  <Hit_accession>10</Hit_accession>
  <Hit_len>211</Hit_len>
  <Hit_hsps>
    <Hsp>
      <Hsp_num>1</Hsp_num>
      <Hsp_bit-score>44.669</Hsp_bit-score>
      <Hsp_score>104</Hsp_score>
      <Hsp_evalue>8.88782e-07</Hsp_evalue>
      <Hsp_query-from>57</Hsp_query-from>
      <Hsp_query-to>220</Hsp_query-to>
      <Hsp_hit-from>47</Hsp_hit-from>
      <Hsp_hit-to>206</Hsp_hit-to>
      <Hsp_query-frame>0</Hsp_query-frame>
      <Hsp_hit-frame>0</Hsp_hit-frame>
      <Hsp_identity>37</Hsp_identity>
      <Hsp_positive>70</Hsp_positive>
      <Hsp_gaps>12</Hsp_gaps>
      <Hsp_align-len>168</Hsp_align-len>
      <Hsp_qseq>ASRDSGVVFVDLPQLVRSFMDVKEFKEMFPCMISKAATLDVICNGEGPNRKGAVQLMFAELQMLTPLVATREVYFVRYSKQLTAEKWAIVDVSIDNVEKNID----ASLARCRKRPSGCIIEDKSNGHCKVTWIEHWECQKSVSHSMFRAIINSGLAFGARNWMATLQ</Hsp_qseq>
      <Hsp_hseq>AARACGLVGLD-PTRVAEILKDK------PCWLRDCRSLDIV-NVLSTANGGTLELIYMQLYAPTTLAPARDFWMLRYTSVMEDGSLVICERSLNNTQNGPSMPPSPHFVRAEILPSGYLIRPCEGGGSILHIVDHFDLEPWSVPEVLRSLYESSTLLAQRTTMAALR</Hsp_hseq>
      <Hsp_midline>A+R  G+V +D P  V   +  K      PC +    +LD++ N       G ++L++ +L   T L   R+ + +RY+  +      I + S++N +            R    PSG +I     G   +  ++H++ +      + R++  S      R  MA L+</Hsp_midline>
    </Hsp>
  </Hit_hsps>
</Hit>
</Iteration_hits>
  <Iteration_stat>
    <Statistics>
      <Statistics_db-num>18</Statistics_db-num>
      <Statistics_db-len>3291</Statistics_db-len>
      <Statistics_hsp-len>80</Statistics_hsp-len>
      <Statistics_eff-space>144791200</Statistics_eff-space>
      <Statistics_kappa>0.041</Statistics_kappa>
      <Statistics_lambda>0.267</Statistics_lambda>
      <Statistics_entropy>0.14</Statistics_entropy>
    </Statistics>
  </Iteration_stat>
</Iteration>
<Iteration>
  <Iteration_iter-num>14</Iteration_iter-num>
  <Iteration_query-ID>Query_14</Iteration_query-ID>
  <Iteration_query-def>Y1310_MYCBO/5-298</Iteration_query-def>
  <Iteration_query-len>294</Iteration_query-len>
<Iteration_hits>
<Hit>
  <Hit_num>1</Hit_num>
  <Hit_id>gnl|BL_ORD_ID|13</Hit_id>
  <Hit_def>Y1310_MYCBO/5-298</Hit_def>
  <Hit_accession>13</Hit_accession>
  <Hit_len>294</Hit_len>
  <Hit_hsps>
    <Hsp>
      <Hsp_num>1</Hsp_num>
      <Hsp_bit-score>600.127</Hsp_bit-score>
      <Hsp_score>1546</Hsp_score>
      <Hsp_evalue>0</Hsp_evalue>
      <Hsp_query-from>1</Hsp_query-from>
      <Hsp_query-to>294</Hsp_query-to>
      <Hsp_hit-from>1</Hsp_hit-from>
      <Hsp_hit-to>294</Hsp_hit-to>
      <Hsp_query-frame>0</Hsp_query-frame>
      <Hsp_hit-frame>0</Hsp_hit-frame>
      <Hsp_identity>294</Hsp_identity>
      <Hsp_positive>294</Hsp_positive>
      <Hsp_gaps>0</Hsp_gaps>
      <Hsp_align-len>294</Hsp_align-len>
      <Hsp_qseq>SDYVVVGTGSAGAVVASRLSTDPATTVVALEAGPRDKNRFIGVPAAFSKLFRSEIDWDYLTEPQPELDGREIYWPRGKVLGGSSSMNAMMWVRGFASDYDEWAARAGPRWSYADVLGYFRRIENVTAAWHFVSGDDSGVTGPLHISRQRSPRSVTAAWLAAARECGFAAARPNSPRPEGFCETVVTQRRGARFSTADAYLKPAMRRKNLRVLTGATATRVVIDGDRAVGVEYQSDGQTRIVYARREVVLCAGAVNSPQLLMLSGIGDRDHLAEHDIDTVYHAPEVGCNLLDHLV</Hsp_qseq>
      <Hsp_hseq>SDYVVVGTGSAGAVVASRLSTDPATTVVALEAGPRDKNRFIGVPAAFSKLFRSEIDWDYLTEPQPELDGREIYWPRGKVLGGSSSMNAMMWVRGFASDYDEWAARAGPRWSYADVLGYFRRIENVTAAWHFVSGDDSGVTGPLHISRQRSPRSVTAAWLAAARECGFAAARPNSPRPEGFCETVVTQRRGARFSTADAYLKPAMRRKNLRVLTGATATRVVIDGDRAVGVEYQSDGQTRIVYARREVVLCAGAVNSPQLLMLSGIGDRDHLAEHDIDTVYHAPEVGCNLLDHLV</Hsp_hseq>
      <Hsp_midline>SDYVVVGTGSAGAVVASRLSTDPATTVVALEAGPRDKNRFIGVPAAFSKLFRSEIDWDYLTEPQPELDGREIYWPRGKVLGGSSSMNAMMWVRGFASDYDEWAARAGPRWSYADVLGYFRRIENVTAAWHFVSGDDSGVTGPLHISRQRSPRSVTAAWLAAARECGFAAARPNSPRPEGFCETVVTQRRGARFSTADAYLKPAMRRKNLRVLTGATATRVVIDGDRAVGVEYQSDGQTRIVYARREVVLCAGAVNSPQLLMLSGIGDRDHLAEHDIDTVYHAPEVGCNLLDHLV</Hsp_midline>
    </Hsp>
  </Hit_hsps>
</Hit>
<Hit>
  <Hit_num>2</Hit_num>
  <Hit_id>gnl|BL_ORD_ID|15</Hit_id>
  <Hit_def>BETA_RHIME/3-293</Hit_def>
  <Hit_accession>15</Hit_accession>
  <Hit_len>291</Hit_len>
  <Hit_hsps>
    <Hsp>
      <Hsp_num>1</Hsp_num>
      <Hsp_bit-score>229.565</Hsp_bit-score>
      <Hsp_score>584</Hsp_score>
      <Hsp_evalue>5.2053e-74</Hsp_evalue>
      <Hsp_query-from>1</Hsp_query-from>
      <Hsp_query-to>293</Hsp_query-to>
      <Hsp_hit-from>1</Hsp_hit-from>
      <Hsp_hit-to>290</Hsp_hit-to>
      <Hsp_query-frame>0</Hsp_query-frame>
      <Hsp_hit-frame>0</Hsp_hit-frame>
      <Hsp_identity>125</Hsp_identity>
      <Hsp_positive>179</Hsp_positive>
      <Hsp_gaps>11</Hsp_gaps>
      <Hsp_align-len>297</Hsp_align-len>
      <Hsp_qseq>SDYVVVGTGSAGAVVASRLSTDPATTVVALEAGPRDKNRFIGVPAAFS-KLFRSEIDWDYLTEPQPELDGREIYWPRGKVLGGSSSMNAMMWVRGFASDYDEWAARAGPRWSYADVLGYFRRIENVTAAWHFVSGDDS--GVTGPLHISRQRSPRSVTAAWLAAARECGFAAARP-NSPRPEGFCETVVTQRRGARFSTADAYLKPAMRRKNLRVLTGATATRVVIDGDRAVGVEYQSDGQTRIVYARREVVLCAGAVNSPQLLMLSGIGDRDHLAEHDIDTVYHAPEVGCNLLDHL</Hsp_qseq>
      <Hsp_hseq>ADFVIIGSGSAGSALAYRLSEDGRNSVIVLEFGGSDVGPFIQMPAALAWPMSMNRYNWGYLSEPEPNLNNRRITAPRGKVIGGSSSINGMVYVRGHSEDFNRWEELGAQGWAYADVLPYYKRME------HSHGGEEGWRGTDGPLHVQRGPVKNPLFHAFIEAGKEAGFEVTEDYNGSKQEGFGLMEQTTWRGRRWSAASAYLRPALKRPNVELIR-CFARKIVIENGRATGVEIERGGRIEVVKANREVIVSASSFNSPKLLMLSGIGPAAHLKEMGIDVKVDRPGVGQNLQDHM</Hsp_hseq>
      <Hsp_midline>+D+V++G+GSAG+ +A RLS D   +V+ LE G  D   FI +PAA +  +  +  +W YL+EP+P L+ R I  PRGKV+GGSSS+N M++VRG + D++ W       W+YADVL Y++R+E      H   G++   G  GPLH+ R      +  A++ A +E GF      N  + EGF     T  RG R+S A AYL+PA++R N+ ++    A ++VI+  RA GVE +  G+  +V A REV++ A + NSP+LLMLSGIG   HL E  ID     P VG NL DH+</Hsp_midline>
    </Hsp>
  </Hit_hsps>
</Hit>
<Hit>
  <Hit_num>3</Hit_num>
  <Hit_id>gnl|BL_ORD_ID|14</Hit_id>
  <Hit_def>ALKJ_PSEOL/2-296</Hit_def>
  <Hit_accession>14</Hit_accession>
  <Hit_len>295</Hit_len>
  <Hit_hsps>
    <Hsp>
      <Hsp_num>1</Hsp_num>
      <Hsp_bit-score>215.312</Hsp_bit-score>
      <Hsp_score>547</Hsp_score>
      <Hsp_evalue>1.96925e-68</Hsp_evalue>
      <Hsp_query-from>2</Hsp_query-from>
      <Hsp_query-to>293</Hsp_query-to>
      <Hsp_hit-from>2</Hsp_hit-from>
      <Hsp_hit-to>294</Hsp_hit-to>
      <Hsp_query-frame>0</Hsp_query-frame>
      <Hsp_hit-frame>0</Hsp_hit-frame>
      <Hsp_identity>120</Hsp_identity>
      <Hsp_positive>167</Hsp_positive>
      <Hsp_gaps>7</Hsp_gaps>
      <Hsp_align-len>296</Hsp_align-len>
      <Hsp_qseq>DYVVVGTGSAGAVVASRLSTDPATTVVALEAGPRDKNRFIGVPAAFSKLFRSE-IDWDYLTEPQPELDGREIYWPRGKVLGGSSSMNAMMWVRGFASDYDEWAARAGPRWSYADVLGYFRRIENVTAAWHFVSGDDSGVTGPLHISRQRSPRSVTAAWLAAARECGFA-AARPNSPRPEGFCETVVTQRRGARFSTADAYLKPAMRRKNLRVLTGATATRVVIDGDRAVGVEYQSDGQTRIVYARR--EVVLCAGAVNSPQLLMLSGIGDRDHLAEHDIDTVYHAPEVGCNLLDHL</Hsp_qseq>
      <Hsp_hseq>DYIIVGAGSAGCVLANRLSADPSKRVCLLEAGPRDTNPLIHMPLGIALLSNSKKLNWAFQTAPQQNLNGRSLFWPRGKTLGGSSSINAMVYIRGHEDDYHAWEQAAGRYWGWYRALELFKRLE---CNQRFDKSEHHGVDGELAVSDLKYINPLSKAFVQAGMEANINFNGDFNGEYQDGVGFYQVTQKNGQRWSSARAFLHGVLSRPNLDIITDAHASKILFEDRKAVGVSYIKKNMHHQVKTTSGGEVLLSLGAVGTPHLLMLSGVGAAAELKEHGVSLVHDLPEVGKNLQDHL</Hsp_hseq>
      <Hsp_midline>DY++VG GSAG V+A+RLS DP+  V  LEAGPRD N  I +P   + L  S+ ++W + T PQ  L+GR ++WPRGK LGGSSS+NAM+++RG   DY  W   AG  W +   L  F+R+E       F   +  GV G L +S  +    ++ A++ A  E         N    +G     VTQ+ G R+S+A A+L   + R NL ++T A A++++ +  +AVGV Y        V      EV+L  GAV +P LLMLSG+G    L EH +  V+  PEVG NL DHL</Hsp_midline>
    </Hsp>
  </Hit_hsps>
</Hit>
<Hit>
  <Hit_num>4</Hit_num>
  <Hit_id>gnl|BL_ORD_ID|17</Hit_id>
  <Hit_def>DHGL_DROPS/65-363</Hit_def>
  <Hit_accession>17</Hit_accession>
  <Hit_len>299</Hit_len>
  <Hit_hsps>
    <Hsp>
      <Hsp_num>1</Hsp_num>
      <Hsp_bit-score>212.231</Hsp_bit-score>
      <Hsp_score>539</Hsp_score>
      <Hsp_evalue>2.98456e-67</Hsp_evalue>
      <Hsp_query-from>2</Hsp_query-from>
      <Hsp_query-to>293</Hsp_query-to>
      <Hsp_hit-from>2</Hsp_hit-from>
      <Hsp_hit-to>298</Hsp_hit-to>
      <Hsp_query-frame>0</Hsp_query-frame>
      <Hsp_hit-frame>0</Hsp_hit-frame>
      <Hsp_identity>121</Hsp_identity>
      <Hsp_positive>174</Hsp_positive>
      <Hsp_gaps>11</Hsp_gaps>
      <Hsp_align-len>300</Hsp_align-len>
      <Hsp_qseq>DYVVVGTGSAGAVVASRLSTDPATTVVALEAGPRDKNRFIGVPAAFSKLFRSEIDWDYLTEPQ-----PELDGREIYWPRGKVLGGSSSMNAMMWVRGFASDYDEWAARAGPRWSYADVLGYFRRIENVTAAWHFVSGDDSGVTGPLHISRQRSPRSVTAAWLAAARECGFAAARPNSPRPEGFCETVVTQRRGARFSTADAYLKPAMRRKNLRVLTGATATRVVID--GDRAVGVEYQSD-GQTRIVYARREVVLCAGAVNSPQLLMLSGIGDRDHLAEHDIDTVYHAPEVGCNLLDHL</Hsp_qseq>
      <Hsp_hseq>DFIVIGGGSAGSVVASRLSEVPQWKVLLIEAG-GDEPVGAQIPSMFLNFIGSDIDYRYNTEPERMACLSSMEQR-CYWPRGKVLGGTSVMNGMMYIRGNREDYDDWAAQGNPGWSYQDVLPFFKKSED-NLELDAVGTEYHAKGGLLPVGKFPYNPPLSYALLKAGEEMGFSVQDLNGQNSTGFMIAQMTARNGIRYSSARAFLRPARMRNNLHILLNTTVTKVLIHPGTKNVVGVEVSDQFGSMRKILVKKEVIVSGGAVNSPQILLLSGVGPKEDLQKVNVRPVHHLPGVGKNLHNHV</Hsp_hseq>
      <Hsp_midline>D++V+G GSAG+VVASRLS  P   V+ +EAG  D+     +P+ F     S+ID+ Y TEP+       ++ R  YWPRGKVLGG+S MN MM++RG   DYD+WAA+  P WSY DVL +F++ E+       V  +     G L + +      ++ A L A  E GF+    N     GF    +T R G R+S+A A+L+PA  R NL +L   T T+V+I       VGVE     G  R +  ++EV++  GAVNSPQ+L+LSG+G ++ L + ++  V+H P VG NL +H+</Hsp_midline>
    </Hsp>
  </Hit_hsps>
</Hit>
<Hit>
  <Hit_num>5</Hit_num>
  <Hit_id>gnl|BL_ORD_ID|16</Hit_id>
  <Hit_def>BETA_ECOLI/3-301</Hit_def>
  <Hit_accession>16</Hit_accession>
  <Hit_len>299</Hit_len>
  <Hit_hsps>
    <Hsp>
      <Hsp_num>1</Hsp_num>
      <Hsp_bit-score>185.267</Hsp_bit-score>
      <Hsp_score>469</Hsp_score>
      <Hsp_evalue>6.92299e-57</Hsp_evalue>
      <Hsp_query-from>2</Hsp_query-from>
      <Hsp_query-to>293</Hsp_query-to>
      <Hsp_hit-from>2</Hsp_hit-from>
      <Hsp_hit-to>298</Hsp_hit-to>
      <Hsp_query-frame>0</Hsp_query-frame>
      <Hsp_hit-frame>0</Hsp_hit-frame>
      <Hsp_identity>127</Hsp_identity>
      <Hsp_positive>168</Hsp_positive>
      <Hsp_gaps>27</Hsp_gaps>
      <Hsp_align-len>308</Hsp_align-len>
      <Hsp_qseq>DYVVVGTGSAGAVVASRLSTDPATTVVALEAGPRDKNRF---IGVPAAFS-KLFRSEIDWDYLTEPQPELDGREIYWPRGKVLGGSSSMNAMMWVRGFASDYDEWAARAG-PRWSYADVLGYFRRIENVTAAWHFVSGDDSGVTGPLHISRQRSPRSVTAAWLAAARECGFAAARP-----NSPRPEGFC---ETVVTQRRGARFSTADAYLKPAMRRKNLRVLTGATATRVVIDGDRAVGVEYQSDGQTRI---VYARREVVLCAGAVNSPQLLMLSGIGDRDHLAEHDIDTVYHAPEVGCNLLDHL</Hsp_qseq>
      <Hsp_hseq>DYIIIGAGSAGNVLATRLTEDPNTSVLLLEAGGPDY-RFDFRTQMPAALAFPLQGKRYNWAYETEPEPFMNNRRMECGRGKGLGGSSLINGMCYIRGNALDLDNWAQEPGLENWSYLDCLPYYRKAETRDMGENDYHGGD----GPVSVT---TSKPGVNPLFEAMIEAGVQAGYPRTDDLNGYQQEGFGPMDRTVTPQ--GRRASTARGYLDQAKSRPNLTIRTHAMTDHIIFDGKRAVGVEWL-EGDSTIPTRATANKEVLLCAGAIASPQILQRSGVGNAELLAEFDIPLVHELPGVGENLQDHL</Hsp_hseq>
      <Hsp_midline>DY+++G GSAG V+A+RL+ DP T+V+ LEAG  D  RF     +PAA +  L     +W Y TEP+P ++ R +   RGK LGGSS +N M ++RG A D D WA   G   WSY D L Y+R+ E      +   G D    GP+ ++   + +        A  E G  A  P     N  + EGF     TV  Q  G R STA  YL  A  R NL + T A    ++ DG RAVGVE+  +G + I     A +EV+LCAGA+ SPQ+L  SG+G+ + LAE DI  V+  P VG NL DHL</Hsp_midline>
    </Hsp>
  </Hit_hsps>
</Hit>
</Iteration_hits>
  <Iteration_stat>
    <Statistics>
      <Statistics_db-num>18</Statistics_db-num>
      <Statistics_db-len>3291</Statistics_db-len>
      <Statistics_hsp-len>83</Statistics_hsp-len>
      <Statistics_eff-space>210684766</Statistics_eff-space>
      <Statistics_kappa>0.041</Statistics_kappa>
      <Statistics_lambda>0.267</Statistics_lambda>
      <Statistics_entropy>0.14</Statistics_entropy>
    </Statistics>
  </Iteration_stat>
</Iteration>
<Iteration>
  <Iteration_iter-num>15</Iteration_iter-num>
  <Iteration_query-ID>Query_15</Iteration_query-ID>
  <Iteration_query-def>ALKJ_PSEOL/2-296</Iteration_query-def>
  <Iteration_query-len>295</Iteration_query-len>
<Iteration_hits>
<Hit>
  <Hit_num>1</Hit_num>
  <Hit_id>gnl|BL_ORD_ID|14</Hit_id>
  <Hit_def>ALKJ_PSEOL/2-296</Hit_def>
  <Hit_accession>14</Hit_accession>
  <Hit_len>295</Hit_len>
  <Hit_hsps>
    <Hsp>
      <Hsp_num>1</Hsp_num>
      <Hsp_bit-score>612.453</Hsp_bit-score>
      <Hsp_score>1578</Hsp_score>
      <Hsp_evalue>0</Hsp_evalue>
      <Hsp_query-from>1</Hsp_query-from>
      <Hsp_query-to>295</Hsp_query-to>
      <Hsp_hit-from>1</Hsp_hit-from>
      <Hsp_hit-to>295</Hsp_hit-to>
      <Hsp_query-frame>0</Hsp_query-frame>
      <Hsp_hit-frame>0</Hsp_hit-frame>
      <Hsp_identity>295</Hsp_identity>
      <Hsp_positive>295</Hsp_positive>
      <Hsp_gaps>0</Hsp_gaps>
      <Hsp_align-len>295</Hsp_align-len>
      <Hsp_qseq>YDYIIVGAGSAGCVLANRLSADPSKRVCLLEAGPRDTNPLIHMPLGIALLSNSKKLNWAFQTAPQQNLNGRSLFWPRGKTLGGSSSINAMVYIRGHEDDYHAWEQAAGRYWGWYRALELFKRLECNQRFDKSEHHGVDGELAVSDLKYINPLSKAFVQAGMEANINFNGDFNGEYQDGVGFYQVTQKNGQRWSSARAFLHGVLSRPNLDIITDAHASKILFEDRKAVGVSYIKKNMHHQVKTTSGGEVLLSLGAVGTPHLLMLSGVGAAAELKEHGVSLVHDLPEVGKNLQDHLD</Hsp_qseq>
      <Hsp_hseq>YDYIIVGAGSAGCVLANRLSADPSKRVCLLEAGPRDTNPLIHMPLGIALLSNSKKLNWAFQTAPQQNLNGRSLFWPRGKTLGGSSSINAMVYIRGHEDDYHAWEQAAGRYWGWYRALELFKRLECNQRFDKSEHHGVDGELAVSDLKYINPLSKAFVQAGMEANINFNGDFNGEYQDGVGFYQVTQKNGQRWSSARAFLHGVLSRPNLDIITDAHASKILFEDRKAVGVSYIKKNMHHQVKTTSGGEVLLSLGAVGTPHLLMLSGVGAAAELKEHGVSLVHDLPEVGKNLQDHLD</Hsp_hseq>
      <Hsp_midline>YDYIIVGAGSAGCVLANRLSADPSKRVCLLEAGPRDTNPLIHMPLGIALLSNSKKLNWAFQTAPQQNLNGRSLFWPRGKTLGGSSSINAMVYIRGHEDDYHAWEQAAGRYWGWYRALELFKRLECNQRFDKSEHHGVDGELAVSDLKYINPLSKAFVQAGMEANINFNGDFNGEYQDGVGFYQVTQKNGQRWSSARAFLHGVLSRPNLDIITDAHASKILFEDRKAVGVSYIKKNMHHQVKTTSGGEVLLSLGAVGTPHLLMLSGVGAAAELKEHGVSLVHDLPEVGKNLQDHLD</Hsp_midline>
    </Hsp>
  </Hit_hsps>
</Hit>
<Hit>
  <Hit_num>2</Hit_num>
  <Hit_id>gnl|BL_ORD_ID|15</Hit_id>
  <Hit_def>BETA_RHIME/3-293</Hit_def>
  <Hit_accession>15</Hit_accession>
  <Hit_len>291</Hit_len>
  <Hit_hsps>
    <Hsp>
      <Hsp_num>1</Hsp_num>
      <Hsp_bit-score>233.417</Hsp_bit-score>
      <Hsp_score>594</Hsp_score>
      <Hsp_evalue>1.71986e-75</Hsp_evalue>
      <Hsp_query-from>2</Hsp_query-from>
      <Hsp_query-to>295</Hsp_query-to>
      <Hsp_hit-from>2</Hsp_hit-from>
      <Hsp_hit-to>291</Hsp_hit-to>
      <Hsp_query-frame>0</Hsp_query-frame>
      <Hsp_hit-frame>0</Hsp_hit-frame>
      <Hsp_identity>123</Hsp_identity>
      <Hsp_positive>173</Hsp_positive>
      <Hsp_gaps>4</Hsp_gaps>
      <Hsp_align-len>294</Hsp_align-len>
      <Hsp_qseq>DYIIVGAGSAGCVLANRLSADPSKRVCLLEAGPRDTNPLIHMPLGIALLSNSKKLNWAFQTAPQQNLNGRSLFWPRGKTLGGSSSINAMVYIRGHEDDYHAWEQAAGRYWGWYRALELFKRLECNQRFDKSEHHGVDGELAVSDLKYINPLSKAFVQAGMEANINFNGDFNGEYQDGVGFYQVTQKNGQRWSSARAFLHGVLSRPNLDIITDAHASKILFEDRKAVGVSYIKKNMHHQVKTTSGGEVLLSLGAVGTPHLLMLSGVGAAAELKEHGVSLVHDLPEVGKNLQDHLD</Hsp_qseq>
      <Hsp_hseq>DFVIIGSGSAGSALAYRLSEDGRNSVIVLEFGGSDVGPFIQMPAALAWPMSMNRYNWGYLSEPEPNLNNRRITAPRGKVIGGSSSINGMVYVRGHSEDFNRWEELGAQGWAYADVLPYYKRMEHSHGGEEG-WRGTDGPLHVQRGPVKNPLFHAFIEAGKEAGFEVTEDYNGSKQEGFGLMEQTTWRGRRWSAASAYLRPALKRPNVELIR-CFARKIVIENGRATGVEIERGGRIEVVKANR--EVIVSASSFNSPKLLMLSGIGPAAHLKEMGIDVKVDRPGVGQNLQDHME</Hsp_hseq>
      <Hsp_midline>D++I+G+GSAG  LA RLS D    V +LE G  D  P I MP  +A   +  + NW + + P+ NLN R +  PRGK +GGSSSIN MVY+RGH +D++ WE+   + W +   L  +KR+E +   ++    G DG L V      NPL  AF++AG EA      D+NG  Q+G G  + T   G+RWS+A A+L   L RPN+++I    A KI+ E+ +A GV   +      VK     EV++S  +  +P LLMLSG+G AA LKE G+ +  D P VG+NLQDH++</Hsp_midline>
    </Hsp>
  </Hit_hsps>
</Hit>
<Hit>
  <Hit_num>3</Hit_num>
  <Hit_id>gnl|BL_ORD_ID|16</Hit_id>
  <Hit_def>BETA_ECOLI/3-301</Hit_def>
  <Hit_accession>16</Hit_accession>
  <Hit_len>299</Hit_len>
  <Hit_hsps>
    <Hsp>
      <Hsp_num>1</Hsp_num>
      <Hsp_bit-score>220.705</Hsp_bit-score>
      <Hsp_score>561</Hsp_score>
      <Hsp_evalue>1.49006e-70</Hsp_evalue>
      <Hsp_query-from>1</Hsp_query-from>
      <Hsp_query-to>295</Hsp_query-to>
      <Hsp_hit-from>1</Hsp_hit-from>
      <Hsp_hit-to>299</Hsp_hit-to>
      <Hsp_query-frame>0</Hsp_query-frame>
      <Hsp_hit-frame>0</Hsp_hit-frame>
      <Hsp_identity>125</Hsp_identity>
      <Hsp_positive>178</Hsp_positive>
      <Hsp_gaps>6</Hsp_gaps>
      <Hsp_align-len>300</Hsp_align-len>
      <Hsp_qseq>YDYIIVGAGSAGCVLANRLSADPSKRVCLLEAGPRDT--NPLIHMPLGIALLSNSKKLNWAFQTAPQQNLNGRSLFWPRGKTLGGSSSINAMVYIRGHEDDYHAWEQAAG-RYWGWYRALELFKRLECNQRFDKSEHHGVDGELAVSDLKY-INPLSKAFVQAGMEANINFNGDFNGEYQDGVG-FYQVTQKNGQRWSSARAFLHGVLSRPNLDIITDAHASKILFEDRKAVGVSYIKKNMHHQVKTTSGGEVLLSLGAVGTPHLLMLSGVGAAAELKEHGVSLVHDLPEVGKNLQDHLD</Hsp_qseq>
      <Hsp_hseq>FDYIIIGAGSAGNVLATRLTEDPNTSVLLLEAGGPDYRFDFRTQMPAALAFPLQGKRYNWAYETEPEPFMNNRRMECGRGKGLGGSSLINGMCYIRGNALDLDNWAQEPGLENWSYLDCLPYYRKAE-TRDMGENDYHGGDGPVSVTTSKPGVNPLFEAMIEAGVQAGYPRTDDLNGYQQEGFGPMDRTVTPQGRRASTARGYLDQAKSRPNLTIRTHAMTDHIIFDGKRAVGVEWLEGDSTIPTRATANKEVLLCAGAIASPQILQRSGVGNAELLAEFDIPLVHELPGVGENLQDHLE</Hsp_hseq>
      <Hsp_midline>+DYII+GAGSAG VLA RL+ DP+  V LLEAG  D   +    MP  +A     K+ NWA++T P+  +N R +   RGK LGGSS IN M YIRG+  D   W Q  G   W +   L  +++ E  +   ++++HG DG ++V+  K  +NPL +A ++AG++A      D NG  Q+G G   +     G+R S+AR +L    SRPNL I T A    I+F+ ++AVGV +++ +     + T+  EVLL  GA+ +P +L  SGVG A  L E  + LVH+LP VG+NLQDHL+</Hsp_midline>
    </Hsp>
  </Hit_hsps>
</Hit>
<Hit>
  <Hit_num>4</Hit_num>
  <Hit_id>gnl|BL_ORD_ID|13</Hit_id>
  <Hit_def>Y1310_MYCBO/5-298</Hit_def>
  <Hit_accession>13</Hit_accession>
  <Hit_len>294</Hit_len>
  <Hit_hsps>
    <Hsp>
      <Hsp_num>1</Hsp_num>
      <Hsp_bit-score>215.312</Hsp_bit-score>
      <Hsp_score>547</Hsp_score>
      <Hsp_evalue>1.97595e-68</Hsp_evalue>
      <Hsp_query-from>2</Hsp_query-from>
      <Hsp_query-to>294</Hsp_query-to>
      <Hsp_hit-from>2</Hsp_hit-from>
      <Hsp_hit-to>293</Hsp_hit-to>
      <Hsp_query-frame>0</Hsp_query-frame>
      <Hsp_hit-frame>0</Hsp_hit-frame>
      <Hsp_identity>120</Hsp_identity>
      <Hsp_positive>167</Hsp_positive>
      <Hsp_gaps>7</Hsp_gaps>
      <Hsp_align-len>296</Hsp_align-len>
      <Hsp_qseq>DYIIVGAGSAGCVLANRLSADPSKRVCLLEAGPRDTNPLIHMPLGIALLSNSKKLNWAFQTAPQQNLNGRSLFWPRGKTLGGSSSINAMVYIRGHEDDYHAWEQAAGRYWGWYRALELFKRLE---CNQRFDKSEHHGVDGELAVSDLKYINPLSKAFVQAGMEANINFNGDFNGEYQDGVGFYQVTQKNGQRWSSARAFLHGVLSRPNLDIITDAHASKILFEDRKAVGVSYIKKNMHHQVKTTSGGEVLLSLGAVGTPHLLMLSGVGAAAELKEHGVSLVHDLPEVGKNLQDHL</Hsp_qseq>
      <Hsp_hseq>DYVVVGTGSAGAVVASRLSTDPATTVVALEAGPRDKNRFIGVPAAFSKLFRSE-IDWDYLTEPQPELDGREIYWPRGKVLGGSSSMNAMMWVRGFASDYDEWAARAGPRWSYADVLGYFRRIENVTAAWHFVSGDDSGVTGPLHISRQRSPRSVTAAWLAAARECGFA-AARPNSPRPEGFCETVVTQRRGARFSTADAYLKPAMRRKNLRVLTGATATRVVIDGDRAVGVEYQSDGQTRIVYARR--EVVLCAGAVNSPQLLMLSGIGDRDHLAEHDIDTVYHAPEVGCNLLDHL</Hsp_hseq>
      <Hsp_midline>DY++VG GSAG V+A+RLS DP+  V  LEAGPRD N  I +P   + L  S+ ++W + T PQ  L+GR ++WPRGK LGGSSS+NAM+++RG   DY  W   AG  W +   L  F+R+E       F   +  GV G L +S  +    ++ A++ A  E         N    +G     VTQ+ G R+S+A A+L   + R NL ++T A A++++ +  +AVGV Y        V      EV+L  GAV +P LLMLSG+G    L EH +  V+  PEVG NL DHL</Hsp_midline>
    </Hsp>
  </Hit_hsps>
</Hit>
<Hit>
  <Hit_num>5</Hit_num>
  <Hit_id>gnl|BL_ORD_ID|17</Hit_id>
  <Hit_def>DHGL_DROPS/65-363</Hit_def>
  <Hit_accession>17</Hit_accession>
  <Hit_len>299</Hit_len>
  <Hit_hsps>
    <Hsp>
      <Hsp_num>1</Hsp_num>
      <Hsp_bit-score>184.111</Hsp_bit-score>
      <Hsp_score>466</Hsp_score>
      <Hsp_evalue>2.58017e-56</Hsp_evalue>
      <Hsp_query-from>1</Hsp_query-from>
      <Hsp_query-to>294</Hsp_query-to>
      <Hsp_hit-from>1</Hsp_hit-from>
      <Hsp_hit-to>298</Hsp_hit-to>
      <Hsp_query-frame>0</Hsp_query-frame>
      <Hsp_hit-frame>0</Hsp_hit-frame>
      <Hsp_identity>114</Hsp_identity>
      <Hsp_positive>164</Hsp_positive>
      <Hsp_gaps>22</Hsp_gaps>
      <Hsp_align-len>307</Hsp_align-len>
      <Hsp_qseq>YDYIIVGAGSAGCVLANRLSADPSKRVCLLEAGPRDTNPLIHMPLGIALLSN-----SKKLNWAFQTAPQQNLNGRSL----FWPRGKTLGGSSSINAMVYIRGHEDDYHAWEQAAGRYWGWYRALELFKRLECNQRFDK--SEHHGVDGELAVSDLKYINPLSKAFVQAGMEANINFNGDFNGEYQDGVGFYQVTQKNGQRWSSARAFLHGVLSRPNLDIITDAHASKILFE--DRKAVGVSYIKKNMHHQVKTTSGGEVLLSLGAVGTPHLLMLSGVGAAAELKEHGVSLVHDLPEVGKNLQDHL</Hsp_qseq>
      <Hsp_hseq>YDFIVIGGGSAGSVVASRLSEVPQWKVLLIEAGGDE-------PVGAQIPSMFLNFIGSDIDYRYNTEPERMACLSSMEQRCYWPRGKVLGGTSVMNGMMYIRGNREDYDDWAAQGNPGWSYQDVLPFFKKSEDNLELDAVGTEYHAKGGLLPVGKFPYNPPLSYALLKAGEEMGFSVQ-DLNGQNSTGFMIAQMTARNGIRYSSARAFLRPARMRNNLHILLNTTVTKVLIHPGTKNVVGVE-VSDQFGSMRKILVKKEVIVSGGAVNSPQILLLSGVGPKEDLQKVNVRPVHHLPGVGKNLHNHV</Hsp_hseq>
      <Hsp_midline>YD+I++G GSAG V+A+RLS  P  +V L+EAG  +       P+G  + S         +++ + T P++     S+    +WPRGK LGG+S +N M+YIRG+ +DY  W       W +   L  FK+ E N   D   +E+H   G L V    Y  PLS A ++AG E   +   D NG+   G    Q+T +NG R+SSARAFL     R NL I+ +   +K+L     +  VGV  +        K     EV++S GAV +P +L+LSGVG   +L++  V  VH LP VGKNL +H+</Hsp_midline>
    </Hsp>
  </Hit_hsps>
</Hit>
</Iteration_hits>
  <Iteration_stat>
    <Statistics>
      <Statistics_db-num>18</Statistics_db-num>
      <Statistics_db-len>3291</Statistics_db-len>
      <Statistics_hsp-len>83</Statistics_hsp-len>
      <Statistics_eff-space>211683272</Statistics_eff-space>
      <Statistics_kappa>0.041</Statistics_kappa>
      <Statistics_lambda>0.267</Statistics_lambda>
      <Statistics_entropy>0.14</Statistics_entropy>
    </Statistics>
  </Iteration_stat>
</Iteration>
<Iteration>
  <Iteration_iter-num>16</Iteration_iter-num>
  <Iteration_query-ID>Query_16</Iteration_query-ID>
  <Iteration_query-def>BETA_RHIME/3-293</Iteration_query-def>
  <Iteration_query-len>291</Iteration_query-len>
<Iteration_hits>
<Hit>
  <Hit_num>1</Hit_num>
  <Hit_id>gnl|BL_ORD_ID|15</Hit_id>
  <Hit_def>BETA_RHIME/3-293</Hit_def>
  <Hit_accession>15</Hit_accession>
  <Hit_len>291</Hit_len>
  <Hit_hsps>
    <Hsp>
      <Hsp_num>1</Hsp_num>
      <Hsp_bit-score>595.504</Hsp_bit-score>
      <Hsp_score>1534</Hsp_score>
      <Hsp_evalue>0</Hsp_evalue>
      <Hsp_query-from>1</Hsp_query-from>
      <Hsp_query-to>291</Hsp_query-to>
      <Hsp_hit-from>1</Hsp_hit-from>
      <Hsp_hit-to>291</Hsp_hit-to>
      <Hsp_query-frame>0</Hsp_query-frame>
      <Hsp_hit-frame>0</Hsp_hit-frame>
      <Hsp_identity>291</Hsp_identity>
      <Hsp_positive>291</Hsp_positive>
      <Hsp_gaps>0</Hsp_gaps>
      <Hsp_align-len>291</Hsp_align-len>
      <Hsp_qseq>ADFVIIGSGSAGSALAYRLSEDGRNSVIVLEFGGSDVGPFIQMPAALAWPMSMNRYNWGYLSEPEPNLNNRRITAPRGKVIGGSSSINGMVYVRGHSEDFNRWEELGAQGWAYADVLPYYKRMEHSHGGEEGWRGTDGPLHVQRGPVKNPLFHAFIEAGKEAGFEVTEDYNGSKQEGFGLMEQTTWRGRRWSAASAYLRPALKRPNVELIRCFARKIVIENGRATGVEIERGGRIEVVKANREVIVSASSFNSPKLLMLSGIGPAAHLKEMGIDVKVDRPGVGQNLQDHME</Hsp_qseq>
      <Hsp_hseq>ADFVIIGSGSAGSALAYRLSEDGRNSVIVLEFGGSDVGPFIQMPAALAWPMSMNRYNWGYLSEPEPNLNNRRITAPRGKVIGGSSSINGMVYVRGHSEDFNRWEELGAQGWAYADVLPYYKRMEHSHGGEEGWRGTDGPLHVQRGPVKNPLFHAFIEAGKEAGFEVTEDYNGSKQEGFGLMEQTTWRGRRWSAASAYLRPALKRPNVELIRCFARKIVIENGRATGVEIERGGRIEVVKANREVIVSASSFNSPKLLMLSGIGPAAHLKEMGIDVKVDRPGVGQNLQDHME</Hsp_hseq>
      <Hsp_midline>ADFVIIGSGSAGSALAYRLSEDGRNSVIVLEFGGSDVGPFIQMPAALAWPMSMNRYNWGYLSEPEPNLNNRRITAPRGKVIGGSSSINGMVYVRGHSEDFNRWEELGAQGWAYADVLPYYKRMEHSHGGEEGWRGTDGPLHVQRGPVKNPLFHAFIEAGKEAGFEVTEDYNGSKQEGFGLMEQTTWRGRRWSAASAYLRPALKRPNVELIRCFARKIVIENGRATGVEIERGGRIEVVKANREVIVSASSFNSPKLLMLSGIGPAAHLKEMGIDVKVDRPGVGQNLQDHME</Hsp_midline>
    </Hsp>
  </Hit_hsps>
</Hit>
<Hit>
  <Hit_num>2</Hit_num>
  <Hit_id>gnl|BL_ORD_ID|16</Hit_id>
  <Hit_def>BETA_ECOLI/3-301</Hit_def>
  <Hit_accession>16</Hit_accession>
  <Hit_len>299</Hit_len>
  <Hit_hsps>
    <Hsp>
      <Hsp_num>1</Hsp_num>
      <Hsp_bit-score>256.529</Hsp_bit-score>
      <Hsp_score>654</Hsp_score>
      <Hsp_evalue>1.7415e-84</Hsp_evalue>
      <Hsp_query-from>2</Hsp_query-from>
      <Hsp_query-to>291</Hsp_query-to>
      <Hsp_hit-from>2</Hsp_hit-from>
      <Hsp_hit-to>299</Hsp_hit-to>
      <Hsp_query-frame>0</Hsp_query-frame>
      <Hsp_hit-frame>0</Hsp_hit-frame>
      <Hsp_identity>143</Hsp_identity>
      <Hsp_positive>190</Hsp_positive>
      <Hsp_gaps>8</Hsp_gaps>
      <Hsp_align-len>298</Hsp_align-len>
      <Hsp_qseq>DFVIIGSGSAGSALAYRLSEDGRNSVIVLEFGGSD--VGPFIQMPAALAWPMSMNRYNWGYLSEPEPNLNNRRITAPRGKVIGGSSSINGMVYVRGHSEDFNRW-EELGAQGWAYADVLPYYKRMEHSHGGEEGWRGTDGPLHVQRG-PVKNPLFHAFIEAGKEAGFEVTEDYNGSKQEGFGLMEQT-TWRGRRWSAASAYLRPALKRPNVEL-IRCFARKIVIENGRATGVE-IERGGRIEV-VKANREVIVSASSFNSPKLLMLSGIGPAAHLKEMGIDVKVDRPGVGQNLQDHME</Hsp_qseq>
      <Hsp_hseq>DYIIIGAGSAGNVLATRLTEDPNTSVLLLEAGGPDYRFDFRTQMPAALAFPLQGKRYNWAYETEPEPFMNNRRMECGRGKGLGGSSLINGMCYIRGNALDLDNWAQEPGLENWSYLDCLPYYRKAETRDMGENDYHGGDGPVSVTTSKPGVNPLFEAMIEAGVQAGYPRTDDLNGYQQEGFGPMDRTVTPQGRRASTARGYLDQAKSRPNLTIRTHAMTDHIIFDGKRAVGVEWLEGDSTIPTRATANKEVLLCAGAIASPQILQRSGVGNAELLAEFDIPLVHELPGVGENLQDHLE</Hsp_hseq>
      <Hsp_midline>D++IIG+GSAG+ LA RL+ED   SV++LE GG D       QMPAALA+P+   RYNW Y +EPEP +NNRR+   RGK +GGSS INGM Y+RG++ D + W +E G + W+Y D LPYY++ E    GE  + G DGP+ V    P  NPLF A IEAG +AG+  T+D NG +QEGFG M++T T +GRR S A  YL  A  RPN+ +        I+ +  RA GVE +E    I     AN+EV++ A +  SP++L  SG+G A  L E  I +  + PGVG+NLQDH+E</Hsp_midline>
    </Hsp>
  </Hit_hsps>
</Hit>
<Hit>
  <Hit_num>3</Hit_num>
  <Hit_id>gnl|BL_ORD_ID|14</Hit_id>
  <Hit_def>ALKJ_PSEOL/2-296</Hit_def>
  <Hit_accession>14</Hit_accession>
  <Hit_len>295</Hit_len>
  <Hit_hsps>
    <Hsp>
      <Hsp_num>1</Hsp_num>
      <Hsp_bit-score>233.417</Hsp_bit-score>
      <Hsp_score>594</Hsp_score>
      <Hsp_evalue>1.69654e-75</Hsp_evalue>
      <Hsp_query-from>2</Hsp_query-from>
      <Hsp_query-to>291</Hsp_query-to>
      <Hsp_hit-from>2</Hsp_hit-from>
      <Hsp_hit-to>295</Hsp_hit-to>
      <Hsp_query-frame>0</Hsp_query-frame>
      <Hsp_hit-frame>0</Hsp_hit-frame>
      <Hsp_identity>123</Hsp_identity>
      <Hsp_positive>173</Hsp_positive>
      <Hsp_gaps>4</Hsp_gaps>
      <Hsp_align-len>294</Hsp_align-len>
      <Hsp_qseq>DFVIIGSGSAGSALAYRLSEDGRNSVIVLEFGGSDVGPFIQMPAALAWPMSMNRYNWGYLSEPEPNLNNRRITAPRGKVIGGSSSINGMVYVRGHSEDFNRWEELGAQGWAYADVLPYYKRMEHSHGGEEG-WRGTDGPLHVQRGPVKNPLFHAFIEAGKEAGFEVTEDYNGSKQEGFGLMEQTTWRGRRWSAASAYLRPALKRPNVELIR-CFARKIVIENGRATGVEIERGGRIEVVKANR--EVIVSASSFNSPKLLMLSGIGPAAHLKEMGIDVKVDRPGVGQNLQDHME</Hsp_qseq>
      <Hsp_hseq>DYIIVGAGSAGCVLANRLSADPSKRVCLLEAGPRDTNPLIHMPLGIALLSNSKKLNWAFQTAPQQNLNGRSLFWPRGKTLGGSSSINAMVYIRGHEDDYHAWEQAAGRYWGWYRALELFKRLECNQRFDKSEHHGVDGELAVSDLKYINPLSKAFVQAGMEANINFNGDFNGEYQDGVGFYQVTQKNGQRWSSARAFLHGVLSRPNLDIITDAHASKILFEDRKAVGVSYIKKNMHHQVKTTSGGEVLLSLGAVGTPHLLMLSGVGAAAELKEHGVSLVHDLPEVGKNLQDHLD</Hsp_hseq>
      <Hsp_midline>D++I+G+GSAG  LA RLS D    V +LE G  D  P I MP  +A   +  + NW + + P+ NLN R +  PRGK +GGSSSIN MVY+RGH +D++ WE+   + W +   L  +KR+E +   ++    G DG L V      NPL  AF++AG EA      D+NG  Q+G G  + T   G+RWS+A A+L   L RPN+++I    A KI+ E+ +A GV   +      VK     EV++S  +  +P LLMLSG+G AA LKE G+ +  D P VG+NLQDH++</Hsp_midline>
    </Hsp>
  </Hit_hsps>
</Hit>
<Hit>
  <Hit_num>4</Hit_num>
  <Hit_id>gnl|BL_ORD_ID|13</Hit_id>
  <Hit_def>Y1310_MYCBO/5-298</Hit_def>
  <Hit_accession>13</Hit_accession>
  <Hit_len>294</Hit_len>
  <Hit_hsps>
    <Hsp>
      <Hsp_num>1</Hsp_num>
      <Hsp_bit-score>229.565</Hsp_bit-score>
      <Hsp_score>584</Hsp_score>
      <Hsp_evalue>5.15218e-74</Hsp_evalue>
      <Hsp_query-from>1</Hsp_query-from>
      <Hsp_query-to>290</Hsp_query-to>
      <Hsp_hit-from>1</Hsp_hit-from>
      <Hsp_hit-to>293</Hsp_hit-to>
      <Hsp_query-frame>0</Hsp_query-frame>
      <Hsp_hit-frame>0</Hsp_hit-frame>
      <Hsp_identity>125</Hsp_identity>
      <Hsp_positive>179</Hsp_positive>
      <Hsp_gaps>11</Hsp_gaps>
      <Hsp_align-len>297</Hsp_align-len>
      <Hsp_qseq>ADFVIIGSGSAGSALAYRLSEDGRNSVIVLEFGGSDVGPFIQMPAALAWPMSMNRYNWGYLSEPEPNLNNRRITAPRGKVIGGSSSINGMVYVRGHSEDFNRWEELGAQGWAYADVLPYYKRME------HSHGGEEGWRGTDGPLHVQRGPVKNPLFHAFIEAGKEAGFEVTEDYNGSKQEGFGLMEQTTWRGRRWSAASAYLRPALKRPNVELIR-CFARKIVIENGRATGVEIERGGRIEVVKANREVIVSASSFNSPKLLMLSGIGPAAHLKEMGIDVKVDRPGVGQNLQDHM</Hsp_qseq>
      <Hsp_hseq>SDYVVVGTGSAGAVVASRLSTDPATTVVALEAGPRDKNRFIGVPAAFS-KLFRSEIDWDYLTEPQPELDGREIYWPRGKVLGGSSSMNAMMWVRGFASDYDEWAARAGPRWSYADVLGYFRRIENVTAAWHFVSGDDS--GVTGPLHISRQRSPRSVTAAWLAAARECGFAAARP-NSPRPEGFCETVVTQRRGARFSTADAYLKPAMRRKNLRVLTGATATRVVIDGDRAVGVEYQSDGQTRIVYARREVVLCAGAVNSPQLLMLSGIGDRDHLAEHDIDTVYHAPEVGCNLLDHL</Hsp_hseq>
      <Hsp_midline>+D+V++G+GSAG+ +A RLS D   +V+ LE G  D   FI +PAA +  +  +  +W YL+EP+P L+ R I  PRGKV+GGSSS+N M++VRG + D++ W       W+YADVL Y++R+E      H   G++   G  GPLH+ R      +  A++ A +E GF      N  + EGF     T  RG R+S A AYL+PA++R N+ ++    A ++VI+  RA GVE +  G+  +V A REV++ A + NSP+LLMLSGIG   HL E  ID     P VG NL DH+</Hsp_midline>
    </Hsp>
  </Hit_hsps>
</Hit>
<Hit>
  <Hit_num>5</Hit_num>
  <Hit_id>gnl|BL_ORD_ID|17</Hit_id>
  <Hit_def>DHGL_DROPS/65-363</Hit_def>
  <Hit_accession>17</Hit_accession>
  <Hit_len>299</Hit_len>
  <Hit_hsps>
    <Hsp>
      <Hsp_num>1</Hsp_num>
      <Hsp_bit-score>184.496</Hsp_bit-score>
      <Hsp_score>467</Hsp_score>
      <Hsp_evalue>1.22314e-56</Hsp_evalue>
      <Hsp_query-from>2</Hsp_query-from>
      <Hsp_query-to>290</Hsp_query-to>
      <Hsp_hit-from>2</Hsp_hit-from>
      <Hsp_hit-to>298</Hsp_hit-to>
      <Hsp_query-frame>0</Hsp_query-frame>
      <Hsp_hit-frame>0</Hsp_hit-frame>
      <Hsp_identity>116</Hsp_identity>
      <Hsp_positive>180</Hsp_positive>
      <Hsp_gaps>18</Hsp_gaps>
      <Hsp_align-len>302</Hsp_align-len>
      <Hsp_qseq>DFVIIGSGSAGSALAYRLSEDGRNSVIVLEFGGSD-VGPFIQMPAALAWPMSMNRYNWGYLSEPE----PNLNNRRITAPRGKVIGGSSSINGMVYVRGHSEDFNRWEELGAQGWAYADVLPYYKR----MEHSHGGEEGWRGTDGPLHVQRGPVKNPLFHAFIEAGKEAGFEVTEDYNGSKQEGFGLMEQTTWRGRRWSAASAYLRPALKRPNVE-LIRCFARKIVIENG--RATGVEI-ERGGRIEVVKANREVIVSASSFNSPKLLMLSGIGPAAHLKEMGIDVKVDRPGVGQNLQDHM</Hsp_qseq>
      <Hsp_hseq>DFIVIGGGSAGSVVASRLSEVPQWKVLLIEAGGDEPVGA--QIPSMFLNFIGSD-IDYRYNTEPERMACLSSMEQRCYWPRGKVLGGTSVMNGMMYIRGNREDYDDWAAQGNPGWSYQDVLPFFKKSEDNLELDAVGTE-YHAKGGLLPVGKFPYNPPLSYALLKAGEEMGFSV-QDLNGQNSTGFMIAQMTARNGIRYSSARAFLRPARMRNNLHILLNTTVTKVLIHPGTKNVVGVEVSDQFGSMRKILVKKEVIVSGGAVNSPQILLLSGVGPKEDLQKVNVRPVHHLPGVGKNLHNHV</Hsp_hseq>
      <Hsp_midline>DF++IG GSAGS +A RLSE  +  V+++E GG + VG   Q+P+     +  +  ++ Y +EPE     +   +R   PRGKV+GG+S +NGM+Y+RG+ ED++ W   G  GW+Y DVLP++K+    +E    G E +    G L V + P   PL +A ++AG+E GF V +D NG    GF + + T   G R+S+A A+LRPA  R N+  L+     K++I  G     GVE+ ++ G +  +   +EVIVS  + NSP++L+LSG+GP   L+++ +      PGVG+NL +H+</Hsp_midline>
    </Hsp>
  </Hit_hsps>
</Hit>
</Iteration_hits>
  <Iteration_stat>
    <Statistics>
      <Statistics_db-num>18</Statistics_db-num>
      <Statistics_db-len>3291</Statistics_db-len>
      <Statistics_hsp-len>83</Statistics_hsp-len>
      <Statistics_eff-space>207689248</Statistics_eff-space>
      <Statistics_kappa>0.041</Statistics_kappa>
      <Statistics_lambda>0.267</Statistics_lambda>
      <Statistics_entropy>0.14</Statistics_entropy>
    </Statistics>
  </Iteration_stat>
</Iteration>
<Iteration>
  <Iteration_iter-num>17</Iteration_iter-num>
  <Iteration_query-ID>Query_17</Iteration_query-ID>
  <Iteration_query-def>BETA_ECOLI/3-301</Iteration_query-def>
  <Iteration_query-len>299</Iteration_query-len>
<Iteration_hits>
<Hit>
  <Hit_num>1</Hit_num>
  <Hit_id>gnl|BL_ORD_ID|16</Hit_id>
  <Hit_def>BETA_ECOLI/3-301</Hit_def>
  <Hit_accession>16</Hit_accession>
  <Hit_len>299</Hit_len>
  <Hit_hsps>
    <Hsp>
      <Hsp_num>1</Hsp_num>
      <Hsp_bit-score>619.772</Hsp_bit-score>
      <Hsp_score>1597</Hsp_score>
      <Hsp_evalue>0</Hsp_evalue>
      <Hsp_query-from>1</Hsp_query-from>
      <Hsp_query-to>299</Hsp_query-to>
      <Hsp_hit-from>1</Hsp_hit-from>
      <Hsp_hit-to>299</Hsp_hit-to>
      <Hsp_query-frame>0</Hsp_query-frame>
      <Hsp_hit-frame>0</Hsp_hit-frame>
      <Hsp_identity>299</Hsp_identity>
      <Hsp_positive>299</Hsp_positive>
      <Hsp_gaps>0</Hsp_gaps>
      <Hsp_align-len>299</Hsp_align-len>
      <Hsp_qseq>FDYIIIGAGSAGNVLATRLTEDPNTSVLLLEAGGPDYRFDFRTQMPAALAFPLQGKRYNWAYETEPEPFMNNRRMECGRGKGLGGSSLINGMCYIRGNALDLDNWAQEPGLENWSYLDCLPYYRKAETRDMGENDYHGGDGPVSVTTSKPGVNPLFEAMIEAGVQAGYPRTDDLNGYQQEGFGPMDRTVTPQGRRASTARGYLDQAKSRPNLTIRTHAMTDHIIFDGKRAVGVEWLEGDSTIPTRATANKEVLLCAGAIASPQILQRSGVGNAELLAEFDIPLVHELPGVGENLQDHLE</Hsp_qseq>
      <Hsp_hseq>FDYIIIGAGSAGNVLATRLTEDPNTSVLLLEAGGPDYRFDFRTQMPAALAFPLQGKRYNWAYETEPEPFMNNRRMECGRGKGLGGSSLINGMCYIRGNALDLDNWAQEPGLENWSYLDCLPYYRKAETRDMGENDYHGGDGPVSVTTSKPGVNPLFEAMIEAGVQAGYPRTDDLNGYQQEGFGPMDRTVTPQGRRASTARGYLDQAKSRPNLTIRTHAMTDHIIFDGKRAVGVEWLEGDSTIPTRATANKEVLLCAGAIASPQILQRSGVGNAELLAEFDIPLVHELPGVGENLQDHLE</Hsp_hseq>
      <Hsp_midline>FDYIIIGAGSAGNVLATRLTEDPNTSVLLLEAGGPDYRFDFRTQMPAALAFPLQGKRYNWAYETEPEPFMNNRRMECGRGKGLGGSSLINGMCYIRGNALDLDNWAQEPGLENWSYLDCLPYYRKAETRDMGENDYHGGDGPVSVTTSKPGVNPLFEAMIEAGVQAGYPRTDDLNGYQQEGFGPMDRTVTPQGRRASTARGYLDQAKSRPNLTIRTHAMTDHIIFDGKRAVGVEWLEGDSTIPTRATANKEVLLCAGAIASPQILQRSGVGNAELLAEFDIPLVHELPGVGENLQDHLE</Hsp_midline>
    </Hsp>
  </Hit_hsps>
</Hit>
<Hit>
  <Hit_num>2</Hit_num>
  <Hit_id>gnl|BL_ORD_ID|15</Hit_id>
  <Hit_def>BETA_RHIME/3-293</Hit_def>
  <Hit_accession>15</Hit_accession>
  <Hit_len>291</Hit_len>
  <Hit_hsps>
    <Hsp>
      <Hsp_num>1</Hsp_num>
      <Hsp_bit-score>256.529</Hsp_bit-score>
      <Hsp_score>654</Hsp_score>
      <Hsp_evalue>1.78937e-84</Hsp_evalue>
      <Hsp_query-from>2</Hsp_query-from>
      <Hsp_query-to>299</Hsp_query-to>
      <Hsp_hit-from>2</Hsp_hit-from>
      <Hsp_hit-to>291</Hsp_hit-to>
      <Hsp_query-frame>0</Hsp_query-frame>
      <Hsp_hit-frame>0</Hsp_hit-frame>
      <Hsp_identity>143</Hsp_identity>
      <Hsp_positive>190</Hsp_positive>
      <Hsp_gaps>8</Hsp_gaps>
      <Hsp_align-len>298</Hsp_align-len>
      <Hsp_qseq>DYIIIGAGSAGNVLATRLTEDPNTSVLLLEAGGPDYRFDFRTQMPAALAFPLQGKRYNWAYETEPEPFMNNRRMECGRGKGLGGSSLINGMCYIRGNALDLDNWAQEPGLENWSYLDCLPYYRKAETRDMGENDYHGGDGPVSVTTSKPGVNPLFEAMIEAGVQAGYPRTDDLNGYQQEGFGPMDRTVTPQGRRASTARGYLDQAKSRPNLTIRTHAMTDHIIFDGKRAVGVEWLEGDSTIPTRATANKEVLLCAGAIASPQILQRSGVGNAELLAEFDIPLVHELPGVGENLQDHLE</Hsp_qseq>
      <Hsp_hseq>DFVIIGSGSAGSALAYRLSEDGRNSVIVLEFGGSD--VGPFIQMPAALAWPMSMNRYNWGYLSEPEPNLNNRRITAPRGKVIGGSSSINGMVYVRGHSEDFNRW-EELGAQGWAYADVLPYYKRMEHSHGGEEGWRGTDGPLHVQRG-PVKNPLFHAFIEAGKEAGFEVTEDYNGSKQEGFGLMEQT-TWRGRRWSAASAYLRPALKRPNVEL-IRCFARKIVIENGRATGVE-IERGGRIEV-VKANREVIVSASSFNSPKLLMLSGIGPAAHLKEMGIDVKVDRPGVGQNLQDHME</Hsp_hseq>
      <Hsp_midline>D++IIG+GSAG+ LA RL+ED   SV++LE GG D       QMPAALA+P+   RYNW Y +EPEP +NNRR+   RGK +GGSS INGM Y+RG++ D + W +E G + W+Y D LPYY++ E    GE  + G DGP+ V    P  NPLF A IEAG +AG+  T+D NG +QEGFG M++T T +GRR S A  YL  A  RPN+ +        I+ +  RA GVE +E    I     AN+EV++ A +  SP++L  SG+G A  L E  I +  + PGVG+NLQDH+E</Hsp_midline>
    </Hsp>
  </Hit_hsps>
</Hit>
<Hit>
  <Hit_num>3</Hit_num>
  <Hit_id>gnl|BL_ORD_ID|14</Hit_id>
  <Hit_def>ALKJ_PSEOL/2-296</Hit_def>
  <Hit_accession>14</Hit_accession>
  <Hit_len>295</Hit_len>
  <Hit_hsps>
    <Hsp>
      <Hsp_num>1</Hsp_num>
      <Hsp_bit-score>220.705</Hsp_bit-score>
      <Hsp_score>561</Hsp_score>
      <Hsp_evalue>1.51026e-70</Hsp_evalue>
      <Hsp_query-from>1</Hsp_query-from>
      <Hsp_query-to>299</Hsp_query-to>
      <Hsp_hit-from>1</Hsp_hit-from>
      <Hsp_hit-to>295</Hsp_hit-to>
      <Hsp_query-frame>0</Hsp_query-frame>
      <Hsp_hit-frame>0</Hsp_hit-frame>
      <Hsp_identity>125</Hsp_identity>
      <Hsp_positive>178</Hsp_positive>
      <Hsp_gaps>6</Hsp_gaps>
      <Hsp_align-len>300</Hsp_align-len>
      <Hsp_qseq>FDYIIIGAGSAGNVLATRLTEDPNTSVLLLEAGGPDYRFDFRTQMPAALAFPLQGKRYNWAYETEPEPFMNNRRMECGRGKGLGGSSLINGMCYIRGNALDLDNWAQEPGLENWSYLDCLPYYRKAE-TRDMGENDYHGGDGPVSVTTSKPGVNPLFEAMIEAGVQAGYPRTDDLNGYQQEGFGPMDRTVTPQGRRASTARGYLDQAKSRPNLTIRTHAMTDHIIFDGKRAVGVEWLEGDSTIPTRATANKEVLLCAGAIASPQILQRSGVGNAELLAEFDIPLVHELPGVGENLQDHLE</Hsp_qseq>
      <Hsp_hseq>YDYIIVGAGSAGCVLANRLSADPSKRVCLLEAGPRDT--NPLIHMPLGIALLSNSKKLNWAFQTAPQQNLNGRSLFWPRGKTLGGSSSINAMVYIRGHEDDYHAWEQAAG-RYWGWYRALELFKRLECNQRFDKSEHHGVDGELAVSDLKY-INPLSKAFVQAGMEANINFNGDFNGEYQDGVG-FYQVTQKNGQRWSSARAFLHGVLSRPNLDIITDAHASKILFEDRKAVGVSYIKKNMHHQVKTTSGGEVLLSLGAVGTPHLLMLSGVGAAAELKEHGVSLVHDLPEVGKNLQDHLD</Hsp_hseq>
      <Hsp_midline>+DYII+GAGSAG VLA RL+ DP+  V LLEAG  D   +    MP  +A     K+ NWA++T P+  +N R +   RGK LGGSS IN M YIRG+  D   W Q  G   W +   L  +++ E  +   ++++HG DG ++V+  K  +NPL +A ++AG++A      D NG  Q+G G   +     G+R S+AR +L    SRPNL I T A    I+F+ ++AVGV +++ +     + T+  EVLL  GA+ +P +L  SGVG A  L E  + LVH+LP VG+NLQDHL+</Hsp_midline>
    </Hsp>
  </Hit_hsps>
</Hit>
<Hit>
  <Hit_num>4</Hit_num>
  <Hit_id>gnl|BL_ORD_ID|13</Hit_id>
  <Hit_def>Y1310_MYCBO/5-298</Hit_def>
  <Hit_accession>13</Hit_accession>
  <Hit_len>294</Hit_len>
  <Hit_hsps>
    <Hsp>
      <Hsp_num>1</Hsp_num>
      <Hsp_bit-score>185.267</Hsp_bit-score>
      <Hsp_score>469</Hsp_score>
      <Hsp_evalue>7.04073e-57</Hsp_evalue>
      <Hsp_query-from>2</Hsp_query-from>
      <Hsp_query-to>298</Hsp_query-to>
      <Hsp_hit-from>2</Hsp_hit-from>
      <Hsp_hit-to>293</Hsp_hit-to>
      <Hsp_query-frame>0</Hsp_query-frame>
      <Hsp_hit-frame>0</Hsp_hit-frame>
      <Hsp_identity>127</Hsp_identity>
      <Hsp_positive>168</Hsp_positive>
      <Hsp_gaps>27</Hsp_gaps>
      <Hsp_align-len>308</Hsp_align-len>
      <Hsp_qseq>DYIIIGAGSAGNVLATRLTEDPNTSVLLLEAGGPDY-RFDFRTQMPAALAFPLQGKRYNWAYETEPEPFMNNRRMECGRGKGLGGSSLINGMCYIRGNALDLDNWAQEPGLENWSYLDCLPYYRKAETRDMGENDYHGGD----GPVSVT---TSKPGVNPLFEAMIEAGVQAGYPRTDDLNGYQQEGFGPMDRTVTPQ--GRRASTARGYLDQAKSRPNLTIRTHAMTDHIIFDGKRAVGVEWL-EGDSTIPTRATANKEVLLCAGAIASPQILQRSGVGNAELLAEFDIPLVHELPGVGENLQDHL</Hsp_qseq>
      <Hsp_hseq>DYVVVGTGSAGAVVASRLSTDPATTVVALEAGPRDKNRF---IGVPAAFS-KLFRSEIDWDYLTEPQPELDGREIYWPRGKVLGGSSSMNAMMWVRGFASDYDEWAARAG-PRWSYADVLGYFRRIENVTAAWHFVSGDDSGVTGPLHISRQRSPRSVTAAWLAAARECGFAAARP-----NSPRPEGFC---ETVVTQRRGARFSTADAYLKPAMRRKNLRVLTGATATRVVIDGDRAVGVEYQSDGQTRI---VYARREVVLCAGAVNSPQLLMLSGIGDRDHLAEHDIDTVYHAPEVGCNLLDHL</Hsp_hseq>
      <Hsp_midline>DY+++G GSAG V+A+RL+ DP T+V+ LEAG  D  RF     +PAA +  L     +W Y TEP+P ++ R +   RGK LGGSS +N M ++RG A D D WA   G   WSY D L Y+R+ E      +   G D    GP+ ++   + +        A  E G  A  P     N  + EGF     TV  Q  G R STA  YL  A  R NL + T A    ++ DG RAVGVE+  +G + I     A +EV+LCAGA+ SPQ+L  SG+G+ + LAE DI  V+  P VG NL DHL</Hsp_midline>
    </Hsp>
  </Hit_hsps>
</Hit>
<Hit>
  <Hit_num>5</Hit_num>
  <Hit_id>gnl|BL_ORD_ID|17</Hit_id>
  <Hit_def>DHGL_DROPS/65-363</Hit_def>
  <Hit_accession>17</Hit_accession>
  <Hit_len>299</Hit_len>
  <Hit_hsps>
    <Hsp>
      <Hsp_num>1</Hsp_num>
      <Hsp_bit-score>177.563</Hsp_bit-score>
      <Hsp_score>449</Hsp_score>
      <Hsp_evalue>9.30294e-54</Hsp_evalue>
      <Hsp_query-from>1</Hsp_query-from>
      <Hsp_query-to>298</Hsp_query-to>
      <Hsp_hit-from>1</Hsp_hit-from>
      <Hsp_hit-to>298</Hsp_hit-to>
      <Hsp_query-frame>0</Hsp_query-frame>
      <Hsp_hit-frame>0</Hsp_hit-frame>
      <Hsp_identity>123</Hsp_identity>
      <Hsp_positive>171</Hsp_positive>
      <Hsp_gaps>22</Hsp_gaps>
      <Hsp_align-len>309</Hsp_align-len>
      <Hsp_qseq>FDYIIIGAGSAGNVLATRLTEDPNTSVLLLEAGGPDYRFDFRTQMPAALAFPLQGKRYNWAYETEPEPFMNNRRME--C--GRGKGLGGSSLINGMCYIRGNALDLDNWAQEPGLENWSYLDCLPYYRKAETR---DMGENDYH--GGDGPVSVTTSKPGVNPLFEAMIEAGVQAGYPRTDDLNGYQQEGFGPMDRTVTPQGRRASTARGYLDQAKSRPNLTIRTHAMTDHIIFD--GKRAVGVEWLEGDSTIPTRATANKEVLLCAGAIASPQILQRSGVGNAELLAEFDIPLVHELPGVGENLQDHL</Hsp_qseq>
      <Hsp_hseq>YDFIVIGGGSAGSVVASRLSEVPQWKVLLIEAGGDE---PVGAQIPS-MFLNFIGSDIDYRYNTEPERMACLSSMEQRCYWPRGKVLGGTSVMNGMMYIRGNREDYDDWAAQ-GNPGWSYQDVLPFFKKSEDNLELDAVGTEYHAKGGLLPVGKFPYNP---PLSYALLKAGEEMGF-SVQDLNGQNSTGFMIAQMTAR-NGIRYSSARAFLRPARMRNNLHILLNTTVTKVLIHPGTKNVVGVEVSDQFGSM-RKILVKKEVIVSGGAVNSPQILLLSGVGPKEDLQKVNVRPVHHLPGVGKNLHNHV</Hsp_hseq>
      <Hsp_midline>+D+I+IG GSAG+V+A+RL+E P   VLL+EAGG +       Q+P+ +     G   ++ Y TEPE       ME  C   RGK LGG+S++NGM YIRGN  D D+WA + G   WSY D LP+++K+E     D    +YH  GG  PV      P   PL  A+++AG + G+    DLNG    GF     T    G R S+AR +L  A+ R NL I  +     ++     K  VGVE  +   ++  +    KEV++  GA+ SPQIL  SGVG  E L + ++  VH LPGVG+NL +H+</Hsp_midline>
    </Hsp>
  </Hit_hsps>
</Hit>
</Iteration_hits>
  <Iteration_stat>
    <Statistics>
      <Statistics_db-num>18</Statistics_db-num>
      <Statistics_db-len>3291</Statistics_db-len>
      <Statistics_hsp-len>83</Statistics_hsp-len>
      <Statistics_eff-space>215677296</Statistics_eff-space>
      <Statistics_kappa>0.041</Statistics_kappa>
      <Statistics_lambda>0.267</Statistics_lambda>
      <Statistics_entropy>0.14</Statistics_entropy>
    </Statistics>
  </Iteration_stat>
</Iteration>
<Iteration>
  <Iteration_iter-num>18</Iteration_iter-num>
  <Iteration_query-ID>Query_18</Iteration_query-ID>
  <Iteration_query-def>DHGL_DROPS/65-363</Iteration_query-def>
  <Iteration_query-len>299</Iteration_query-len>
<Iteration_hits>
<Hit>
  <Hit_num>1</Hit_num>
  <Hit_id>gnl|BL_ORD_ID|17</Hit_id>
  <Hit_def>DHGL_DROPS/65-363</Hit_def>
  <Hit_accession>17</Hit_accession>
  <Hit_len>299</Hit_len>
  <Hit_hsps>
    <Hsp>
      <Hsp_num>1</Hsp_num>
      <Hsp_bit-score>617.846</Hsp_bit-score>
      <Hsp_score>1592</Hsp_score>
      <Hsp_evalue>0</Hsp_evalue>
      <Hsp_query-from>1</Hsp_query-from>
      <Hsp_query-to>299</Hsp_query-to>
      <Hsp_hit-from>1</Hsp_hit-from>
      <Hsp_hit-to>299</Hsp_hit-to>
      <Hsp_query-frame>0</Hsp_query-frame>
      <Hsp_hit-frame>0</Hsp_hit-frame>
      <Hsp_identity>299</Hsp_identity>
      <Hsp_positive>299</Hsp_positive>
      <Hsp_gaps>0</Hsp_gaps>
      <Hsp_align-len>299</Hsp_align-len>
      <Hsp_qseq>YDFIVIGGGSAGSVVASRLSEVPQWKVLLIEAGGDEPVGAQIPSMFLNFIGSDIDYRYNTEPERMACLSSMEQRCYWPRGKVLGGTSVMNGMMYIRGNREDYDDWAAQGNPGWSYQDVLPFFKKSEDNLELDAVGTEYHAKGGLLPVGKFPYNPPLSYALLKAGEEMGFSVQDLNGQNSTGFMIAQMTARNGIRYSSARAFLRPARMRNNLHILLNTTVTKVLIHPGTKNVVGVEVSDQFGSMRKILVKKEVIVSGGAVNSPQILLLSGVGPKEDLQKVNVRPVHHLPGVGKNLHNHVA</Hsp_qseq>
      <Hsp_hseq>YDFIVIGGGSAGSVVASRLSEVPQWKVLLIEAGGDEPVGAQIPSMFLNFIGSDIDYRYNTEPERMACLSSMEQRCYWPRGKVLGGTSVMNGMMYIRGNREDYDDWAAQGNPGWSYQDVLPFFKKSEDNLELDAVGTEYHAKGGLLPVGKFPYNPPLSYALLKAGEEMGFSVQDLNGQNSTGFMIAQMTARNGIRYSSARAFLRPARMRNNLHILLNTTVTKVLIHPGTKNVVGVEVSDQFGSMRKILVKKEVIVSGGAVNSPQILLLSGVGPKEDLQKVNVRPVHHLPGVGKNLHNHVA</Hsp_hseq>
      <Hsp_midline>YDFIVIGGGSAGSVVASRLSEVPQWKVLLIEAGGDEPVGAQIPSMFLNFIGSDIDYRYNTEPERMACLSSMEQRCYWPRGKVLGGTSVMNGMMYIRGNREDYDDWAAQGNPGWSYQDVLPFFKKSEDNLELDAVGTEYHAKGGLLPVGKFPYNPPLSYALLKAGEEMGFSVQDLNGQNSTGFMIAQMTARNGIRYSSARAFLRPARMRNNLHILLNTTVTKVLIHPGTKNVVGVEVSDQFGSMRKILVKKEVIVSGGAVNSPQILLLSGVGPKEDLQKVNVRPVHHLPGVGKNLHNHVA</Hsp_midline>
    </Hsp>
  </Hit_hsps>
</Hit>
<Hit>
  <Hit_num>2</Hit_num>
  <Hit_id>gnl|BL_ORD_ID|13</Hit_id>
  <Hit_def>Y1310_MYCBO/5-298</Hit_def>
  <Hit_accession>13</Hit_accession>
  <Hit_len>294</Hit_len>
  <Hit_hsps>
    <Hsp>
      <Hsp_num>1</Hsp_num>
      <Hsp_bit-score>212.231</Hsp_bit-score>
      <Hsp_score>539</Hsp_score>
      <Hsp_evalue>3.03532e-67</Hsp_evalue>
      <Hsp_query-from>2</Hsp_query-from>
      <Hsp_query-to>298</Hsp_query-to>
      <Hsp_hit-from>2</Hsp_hit-from>
      <Hsp_hit-to>293</Hsp_hit-to>
      <Hsp_query-frame>0</Hsp_query-frame>
      <Hsp_hit-frame>0</Hsp_hit-frame>
      <Hsp_identity>121</Hsp_identity>
      <Hsp_positive>174</Hsp_positive>
      <Hsp_gaps>11</Hsp_gaps>
      <Hsp_align-len>300</Hsp_align-len>
      <Hsp_qseq>DFIVIGGGSAGSVVASRLSEVPQWKVLLIEAG-GDEPVGAQIPSMFLNFIGSDIDYRYNTEPERMACLSSMEQR-CYWPRGKVLGGTSVMNGMMYIRGNREDYDDWAAQGNPGWSYQDVLPFFKKSED-NLELDAVGTEYHAKGGLLPVGKFPYNPPLSYALLKAGEEMGFSVQDLNGQNSTGFMIAQMTARNGIRYSSARAFLRPARMRNNLHILLNTTVTKVLIHPGTKNVVGVEVSDQFGSMRKILVKKEVIVSGGAVNSPQILLLSGVGPKEDLQKVNVRPVHHLPGVGKNLHNHV</Hsp_qseq>
      <Hsp_hseq>DYVVVGTGSAGAVVASRLSTDPATTVVALEAGPRDKNRFIGVPAAFSKLFRSEIDWDYLTEPQ-----PELDGREIYWPRGKVLGGSSSMNAMMWVRGFASDYDEWAARAGPRWSYADVLGYFRRIENVTAAWHFVSGDDSGVTGPLHISRQRSPRSVTAAWLAAARECGFAAARPNSPRPEGFCETVVTQRRGARFSTADAYLKPAMRRKNLRVLTGATATRVVID--GDRAVGVEYQSD-GQTRIVYARREVVLCAGAVNSPQLLMLSGIGDRDHLAEHDIDTVYHAPEVGCNLLDHL</Hsp_hseq>
      <Hsp_midline>D++V+G GSAG+VVASRLS  P   V+ +EAG  D+     +P+ F     S+ID+ Y TEP+       ++ R  YWPRGKVLGG+S MN MM++RG   DYD+WAA+  P WSY DVL +F++ E+       V  +     G L + +      ++ A L A  E GF+    N     GF    +T R G R+S+A A+L+PA  R NL +L   T T+V+I       VGVE     G  R +  ++EV++  GAVNSPQ+L+LSG+G ++ L + ++  V+H P VG NL +H+</Hsp_midline>
    </Hsp>
  </Hit_hsps>
</Hit>
<Hit>
  <Hit_num>3</Hit_num>
  <Hit_id>gnl|BL_ORD_ID|15</Hit_id>
  <Hit_def>BETA_RHIME/3-293</Hit_def>
  <Hit_accession>15</Hit_accession>
  <Hit_len>291</Hit_len>
  <Hit_hsps>
    <Hsp>
      <Hsp_num>1</Hsp_num>
      <Hsp_bit-score>184.496</Hsp_bit-score>
      <Hsp_score>467</Hsp_score>
      <Hsp_evalue>1.25677e-56</Hsp_evalue>
      <Hsp_query-from>2</Hsp_query-from>
      <Hsp_query-to>298</Hsp_query-to>
      <Hsp_hit-from>2</Hsp_hit-from>
      <Hsp_hit-to>290</Hsp_hit-to>
      <Hsp_query-frame>0</Hsp_query-frame>
      <Hsp_hit-frame>0</Hsp_hit-frame>
      <Hsp_identity>116</Hsp_identity>
      <Hsp_positive>180</Hsp_positive>
      <Hsp_gaps>18</Hsp_gaps>
      <Hsp_align-len>302</Hsp_align-len>
      <Hsp_qseq>DFIVIGGGSAGSVVASRLSEVPQWKVLLIEAGGDEPVGA--QIPSMFLNFIGSD-IDYRYNTEPERMACLSSMEQRCYWPRGKVLGGTSVMNGMMYIRGNREDYDDWAAQGNPGWSYQDVLPFFKKSEDNLELDAVGTE-YHAKGGLLPVGKFPYNPPLSYALLKAGEEMGFSV-QDLNGQNSTGFMIAQMTARNGIRYSSARAFLRPARMRNNLHILLNTTVTKVLIHPGTKNVVGVEVSDQFGSMRKILVKKEVIVSGGAVNSPQILLLSGVGPKEDLQKVNVRPVHHLPGVGKNLHNHV</Hsp_qseq>
      <Hsp_hseq>DFVIIGSGSAGSALAYRLSEDGRNSVIVLEFGGSD-VGPFIQMPAALAWPMSMNRYNWGYLSEPE----PNLNNRRITAPRGKVIGGSSSINGMVYVRGHSEDFNRWEELGAQGWAYADVLPYYKR----MEHSHGGEEGWRGTDGPLHVQRGPVKNPLFHAFIEAGKEAGFEVTEDYNGSKQEGFGLMEQTTWRGRRWSAASAYLRPALKRPNVE-LIRCFARKIVIENG--RATGVEI-ERGGRIEVVKANREVIVSASSFNSPKLLMLSGIGPAAHLKEMGIDVKVDRPGVGQNLQDHM</Hsp_hseq>
      <Hsp_midline>DF++IG GSAGS +A RLSE  +  V+++E GG + VG   Q+P+     +  +  ++ Y +EPE     +   +R   PRGKV+GG+S +NGM+Y+RG+ ED++ W   G  GW+Y DVLP++K+    +E    G E +    G L V + P   PL +A ++AG+E GF V +D NG    GF + + T   G R+S+A A+LRPA  R N+  L+     K++I  G     GVE+ ++ G +  +   +EVIVS  + NSP++L+LSG+GP   L+++ +      PGVG+NL +H+</Hsp_midline>
    </Hsp>
  </Hit_hsps>
</Hit>
<Hit>
  <Hit_num>4</Hit_num>
  <Hit_id>gnl|BL_ORD_ID|14</Hit_id>
  <Hit_def>ALKJ_PSEOL/2-296</Hit_def>
  <Hit_accession>14</Hit_accession>
  <Hit_len>295</Hit_len>
  <Hit_hsps>
    <Hsp>
      <Hsp_num>1</Hsp_num>
      <Hsp_bit-score>184.111</Hsp_bit-score>
      <Hsp_score>466</Hsp_score>
      <Hsp_evalue>2.61515e-56</Hsp_evalue>
      <Hsp_query-from>1</Hsp_query-from>
      <Hsp_query-to>298</Hsp_query-to>
      <Hsp_hit-from>1</Hsp_hit-from>
      <Hsp_hit-to>294</Hsp_hit-to>
      <Hsp_query-frame>0</Hsp_query-frame>
      <Hsp_hit-frame>0</Hsp_hit-frame>
      <Hsp_identity>114</Hsp_identity>
      <Hsp_positive>164</Hsp_positive>
      <Hsp_gaps>22</Hsp_gaps>
      <Hsp_align-len>307</Hsp_align-len>
      <Hsp_qseq>YDFIVIGGGSAGSVVASRLSEVPQWKVLLIEAGGDE-------PVGAQIPSMFLNFIGSDIDYRYNTEPERMACLSSMEQRCYWPRGKVLGGTSVMNGMMYIRGNREDYDDWAAQGNPGWSYQDVLPFFKKSEDNLELDAVGTEYHAKGGLLPVGKFPYNPPLSYALLKAGEEMGFSVQ-DLNGQNSTGFMIAQMTARNGIRYSSARAFLRPARMRNNLHILLNTTVTKVLIHPGTKNVVGVE-VSDQFGSMRKILVKKEVIVSGGAVNSPQILLLSGVGPKEDLQKVNVRPVHHLPGVGKNLHNHV</Hsp_qseq>
      <Hsp_hseq>YDYIIVGAGSAGCVLANRLSADPSKRVCLLEAGPRDTNPLIHMPLGIALLSN-----SKKLNWAFQTAPQQNLNGRSL----FWPRGKTLGGSSSINAMVYIRGHEDDYHAWEQAAGRYWGWYRALELFKRLECNQRFDK--SEHHGVDGELAVSDLKYINPLSKAFVQAGMEANINFNGDFNGEYQDGVGFYQVTQKNGQRWSSARAFLHGVLSRPNLDIITDAHASKILFE--DRKAVGVSYIKKNMHHQVKTTSGGEVLLSLGAVGTPHLLMLSGVGAAAELKEHGVSLVHDLPEVGKNLQDHL</Hsp_hseq>
      <Hsp_midline>YD+I++G GSAG V+A+RLS  P  +V L+EAG  +       P+G  + S         +++ + T P++     S+    +WPRGK LGG+S +N M+YIRG+ +DY  W       W +   L  FK+ E N   D   +E+H   G L V    Y  PLS A ++AG E   +   D NG+   G    Q+T +NG R+SSARAFL     R NL I+ +   +K+L     +  VGV  +        K     EV++S GAV +P +L+LSGVG   +L++  V  VH LP VGKNL +H+</Hsp_midline>
    </Hsp>
  </Hit_hsps>
</Hit>
<Hit>
  <Hit_num>5</Hit_num>
  <Hit_id>gnl|BL_ORD_ID|16</Hit_id>
  <Hit_def>BETA_ECOLI/3-301</Hit_def>
  <Hit_accession>16</Hit_accession>
  <Hit_len>299</Hit_len>
  <Hit_hsps>
    <Hsp>
      <Hsp_num>1</Hsp_num>
      <Hsp_bit-score>177.563</Hsp_bit-score>
      <Hsp_score>449</Hsp_score>
      <Hsp_evalue>9.30294e-54</Hsp_evalue>
      <Hsp_query-from>1</Hsp_query-from>
      <Hsp_query-to>298</Hsp_query-to>
      <Hsp_hit-from>1</Hsp_hit-from>
      <Hsp_hit-to>298</Hsp_hit-to>
      <Hsp_query-frame>0</Hsp_query-frame>
      <Hsp_hit-frame>0</Hsp_hit-frame>
      <Hsp_identity>123</Hsp_identity>
      <Hsp_positive>171</Hsp_positive>
      <Hsp_gaps>22</Hsp_gaps>
      <Hsp_align-len>309</Hsp_align-len>
      <Hsp_qseq>YDFIVIGGGSAGSVVASRLSEVPQWKVLLIEAGGDE---PVGAQIPS-MFLNFIGSDIDYRYNTEPERMACLSSMEQRCYWPRGKVLGGTSVMNGMMYIRGNREDYDDWAAQ-GNPGWSYQDVLPFFKKSEDNLELDAVGTEYHAKGGLLPVGKFPYNP---PLSYALLKAGEEMGF-SVQDLNGQNSTGFMIAQMTAR-NGIRYSSARAFLRPARMRNNLHILLNTTVTKVLIHPGTKNVVGVEVSDQFGSM-RKILVKKEVIVSGGAVNSPQILLLSGVGPKEDLQKVNVRPVHHLPGVGKNLHNHV</Hsp_qseq>
      <Hsp_hseq>FDYIIIGAGSAGNVLATRLTEDPNTSVLLLEAGGPDYRFDFRTQMPAALAFPLQGKRYNWAYETEPEPFMNNRRME--C--GRGKGLGGSSLINGMCYIRGNALDLDNWAQEPGLENWSYLDCLPYYRKAETR---DMGENDYH--GGDGPVSVTTSKPGVNPLFEAMIEAGVQAGYPRTDDLNGYQQEGFGPMDRTVTPQGRRASTARGYLDQAKSRPNLTIRTHAMTDHIIFD--GKRAVGVEWLEGDSTIPTRATANKEVLLCAGAIASPQILQRSGVGNAELLAEFDIPLVHELPGVGENLQDHL</Hsp_hseq>
      <Hsp_midline>+D+I+IG GSAG+V+A+RL+E P   VLL+EAGG +       Q+P+ +     G   ++ Y TEPE       ME  C   RGK LGG+S++NGM YIRGN  D D+WA + G   WSY D LP+++K+E     D    +YH  GG  PV      P   PL  A+++AG + G+    DLNG    GF     T    G R S+AR +L  A+ R NL I  +     ++     K  VGVE  +   ++  +    KEV++  GA+ SPQIL  SGVG  E L + ++  VH LPGVG+NL +H+</Hsp_midline>
    </Hsp>
  </Hit_hsps>
</Hit>
</Iteration_hits>
  <Iteration_stat>
    <Statistics>
      <Statistics_db-num>18</Statistics_db-num>
      <Statistics_db-len>3291</Statistics_db-len>
      <Statistics_hsp-len>83</Statistics_hsp-len>
      <Statistics_eff-space>215677296</Statistics_eff-space>
      <Statistics_kappa>0.041</Statistics_kappa>
      <Statistics_lambda>0.267</Statistics_lambda>
      <Statistics_entropy>0.14</Statistics_entropy>
    </Statistics>
  </Iteration_stat>
</Iteration>
</BlastOutput_iterations>
</BlastOutput>

